<html>
<body>
<pre>
<h1>µVision Build Log</h1>
<h2>Project:</h2>
C:\DriveA\Workspaces\Keil\Exp 1\first_proj.uvproj
Project File Date:  09/12/2023

<h2>Output:</h2>
Rebuild target 'Target 1'
assembling startup_TM4C123.s...
compiling timer_struct.c...
linking...
Program Size: Code=832 RO-data=636 RW-data=0 ZI-data=608  
".\Timers.axf" - 0 Errors, 0 Warning(s).
Rebuild target 'Target 1'
assembling startup_TM4C123.s...
compiling timer_struct.c...
linking...
Program Size: Code=844 RO-data=636 RW-data=0 ZI-data=608  
".\Timers.axf" - 0 Errors, 0 Warning(s).
Rebuild target 'Target 1'
assembling startup_TM4C123.s...
compiling timer_struct.c...
linking...
Program Size: Code=844 RO-data=636 RW-data=0 ZI-data=608  
".\Timers.axf" - 0 Errors, 0 Warning(s).
Load "C:\\DriveA\\Workspaces\\Keil\\Exp9\\Timers.axf" 
Internal DLL Error
Rebuild target 'Target 1'
assembling startup_TM4C123.s...
compiling timer_struct.c...
linking...
Program Size: Code=844 RO-data=636 RW-data=0 ZI-data=608  
FromELF: creating hex file...
".\Timers.axf" - 0 Errors, 0 Warning(s).
Load "C:\\DriveA\\Workspaces\\Keil\\Exp9\\Timers.axf" 
Connecting: Mode=JTAG, Speed=1000000Hz
Erase Done.
Programming Done.
Verify OK.
Rebuild target 'Target 1'
assembling startup_TM4C123.s...
compiling timer_struct.c...
linking...
Program Size: Code=840 RO-data=636 RW-data=0 ZI-data=608  
FromELF: creating hex file...
".\Timers.axf" - 0 Errors, 0 Warning(s).
Load "C:\\DriveA\\Workspaces\\Keil\\Exp9\\Timers.axf" 
Connecting: Mode=JTAG, Speed=1000000Hz
Erase Done.
Programming Done.
Verify OK.
Rebuild target 'Target 1'
assembling startup_TM4C123.s...
compiling timer_struct.c...
linking...
Program Size: Code=840 RO-data=636 RW-data=0 ZI-data=608  
FromELF: creating hex file...
".\Timers.axf" - 0 Errors, 0 Warning(s).
Load "C:\\DriveA\\Workspaces\\Keil\\Exp9\\Timers.axf" 
Connecting: Mode=JTAG, Speed=1000000Hz
Erase Done.
Programming Done.
Verify OK.
Rebuild target 'Target 1'
assembling startup_TM4C123.s...
compiling timer_struct.c...
linking...
Program Size: Code=840 RO-data=636 RW-data=0 ZI-data=608  
FromELF: creating hex file...
".\Timers.axf" - 0 Errors, 0 Warning(s).
Load "C:\\DriveA\\Workspaces\\Keil\\Exp9\\Timers.axf" 
Connecting: Mode=JTAG, Speed=1000000Hz
Erase Done.
Programming Done.
Verify OK.
Rebuild target 'Target 1'
assembling startup_TM4C123.s...
compiling timer_struct.c...
linking...
Program Size: Code=832 RO-data=636 RW-data=0 ZI-data=608  
FromELF: creating hex file...
".\Timers.axf" - 0 Errors, 0 Warning(s).
Load "C:\\DriveA\\Workspaces\\Keil\\Exp9\\Timers.axf" 
Connecting: Mode=JTAG, Speed=1000000Hz
Erase Done.
Programming Done.
Verify OK.
Rebuild target 'Target 1'
assembling startup_TM4C123.s...
compiling timer_struct.c...
linking...
Program Size: Code=832 RO-data=636 RW-data=0 ZI-data=608  
FromELF: creating hex file...
".\Timers.axf" - 0 Errors, 0 Warning(s).
Load "C:\\DriveA\\Workspaces\\Keil\\Exp9\\Timers.axf" 
Connecting: Mode=JTAG, Speed=1000000Hz
Erase Done.
Programming Done.
Verify OK.
Rebuild target 'Target 1'
assembling startup_TM4C123.s...
compiling timer_struct.c...
linking...
Program Size: Code=840 RO-data=636 RW-data=0 ZI-data=608  
FromELF: creating hex file...
".\Timers.axf" - 0 Errors, 0 Warning(s).
Load "C:\\DriveA\\Workspaces\\Keil\\Exp9\\Timers.axf" 
Connecting: Mode=JTAG, Speed=1000000Hz
Erase Done.
Programming Done.
Verify OK.
Rebuild target 'Target 1'
assembling startup_TM4C123.s...
compiling timer_struct.c...
linking...
Program Size: Code=840 RO-data=636 RW-data=0 ZI-data=608  
FromELF: creating hex file...
".\Timers.axf" - 0 Errors, 0 Warning(s).
Load "C:\\DriveA\\Workspaces\\Keil\\Exp9\\Timers.axf" 
Connecting: Mode=JTAG, Speed=1000000Hz
Erase Done.
Programming Done.
Verify OK.
Rebuild target 'Target 1'
assembling startup_TM4C123.s...
compiling timer_struct.c...
linking...
Program Size: Code=840 RO-data=636 RW-data=0 ZI-data=608  
FromELF: creating hex file...
".\Timers.axf" - 0 Errors, 0 Warning(s).
Load "C:\\DriveA\\Workspaces\\Keil\\Exp9\\Timers.axf" 
Connecting: Mode=JTAG, Speed=1000000Hz
Erase Done.
Programming Done.
Verify OK.
Rebuild target 'Target 1'
assembling startup_TM4C123.s...
compiling timer_struct.c...
linking...
Program Size: Code=840 RO-data=636 RW-data=0 ZI-data=608  
FromELF: creating hex file...
".\Timers.axf" - 0 Errors, 0 Warning(s).
Load "C:\\DriveA\\Workspaces\\Keil\\Exp9\\Timers.axf" 
Connecting: Mode=JTAG, Speed=1000000Hz
Erase Done.
Programming Done.
Verify OK.
Rebuild target 'Target 1'
assembling startup_TM4C123.s...
compiling timer_struct.c...
linking...
Program Size: Code=844 RO-data=636 RW-data=0 ZI-data=608  
FromELF: creating hex file...
".\Timers.axf" - 0 Errors, 0 Warning(s).
Load "C:\\DriveA\\Workspaces\\Keil\\Exp9\\Timers.axf" 
Connecting: Mode=JTAG, Speed=1000000Hz
Erase Done.
Programming Done.
Verify OK.
Rebuild target 'Target 1'
assembling startup_TM4C123.s...
compiling timer_struct.c...
linking...
Program Size: Code=844 RO-data=636 RW-data=0 ZI-data=608  
FromELF: creating hex file...
".\Timers.axf" - 0 Errors, 0 Warning(s).
Load "C:\\DriveA\\Workspaces\\Keil\\Exp9\\Timers.axf" 
Connecting: Mode=JTAG, Speed=1000000Hz
Erase Done.
Programming Done.
Verify OK.
Rebuild target 'Target 1'
assembling startup_TM4C123.s...
compiling timer_struct.c...
linking...
Program Size: Code=844 RO-data=636 RW-data=0 ZI-data=608  
FromELF: creating hex file...
".\Timers.axf" - 0 Errors, 0 Warning(s).
Load "C:\\DriveA\\Workspaces\\Keil\\Exp9\\Timers.axf" 
Connecting: Mode=JTAG, Speed=1000000Hz
Erase Done.
Programming Done.
Verify OK.
Rebuild target 'Target 1'
assembling startup_TM4C123.s...
compiling timer_struct.c...
linking...
Program Size: Code=900 RO-data=652 RW-data=4 ZI-data=612  
FromELF: creating hex file...
".\Timers.axf" - 0 Errors, 0 Warning(s).
Load "C:\\DriveA\\Workspaces\\Keil\\Exp9\\Timers.axf" 
Connecting: Mode=JTAG, Speed=1000000Hz
Erase Done.
Programming Done.
Verify OK.
Rebuild target 'Target 1'
assembling startup_TM4C123.s...
compiling timer_struct.c...
linking...
Program Size: Code=900 RO-data=652 RW-data=4 ZI-data=612  
FromELF: creating hex file...
".\Timers.axf" - 0 Errors, 0 Warning(s).
Load "C:\\DriveA\\Workspaces\\Keil\\Exp9\\Timers.axf" 
Connecting: Mode=JTAG, Speed=1000000Hz
Erase Done.
Programming Done.
Verify OK.
Rebuild target 'Target 1'
assembling startup_TM4C123.s...
compiling timer_struct.c...
linking...
Program Size: Code=888 RO-data=652 RW-data=4 ZI-data=612  
FromELF: creating hex file...
".\Timers.axf" - 0 Errors, 0 Warning(s).
Load "C:\\DriveA\\Workspaces\\Keil\\Exp9\\Timers.axf" 
Connecting: Mode=JTAG, Speed=1000000Hz
Erase Done.
Programming Done.
Verify OK.
Rebuild target 'Target 1'
assembling startup_TM4C123.s...
compiling timer_struct.c...
linking...
Program Size: Code=892 RO-data=652 RW-data=4 ZI-data=612  
FromELF: creating hex file...
".\Timers.axf" - 0 Errors, 0 Warning(s).
Load "C:\\DriveA\\Workspaces\\Keil\\Exp9\\Timers.axf" 
Connecting: Mode=JTAG, Speed=1000000Hz
Erase Done.
Programming Done.
Verify OK.
Rebuild target 'Target 1'
assembling startup_TM4C123.s...
compiling timer_struct.c...
linking...
Program Size: Code=892 RO-data=652 RW-data=4 ZI-data=612  
FromELF: creating hex file...
".\Timers.axf" - 0 Errors, 0 Warning(s).
Load "C:\\DriveA\\Workspaces\\Keil\\Exp9\\Timers.axf" 
Connecting: Mode=JTAG, Speed=1000000Hz
Erase Done.
Programming Done.
Verify OK.
