<html>
<body>
<pre>
<h1>µVision Build Log</h1>
<h2>Project:</h2>
C:\DriveA\Workspaces\Keil\Exp5_Blinky\Blue\Blue_Blinky.uvproj
Project File Date:  10/13/2023

<h2>Output:</h2>
Build target 'Target 1'
linking...
Program Size: Code=684 RO-data=636 RW-data=0 ZI-data=608  
FromELF: creating hex file...
".\Blue_Blinky.axf" - 0 Errors, 0 Warning(s).
Load "C:\\DriveA\\Workspaces\\Keil\\Exp5_Blinky\\Blue\\Blue_Blinky.axf" 
Connecting: Mode=SWD, Speed=1000000Hz
Erase Done.
Programming Done.
Verify OK.
