ARM Linker, 5.03 [Build 76] [MDK-ARM Lite]

==============================================================================

Section Cross References

    startup_tm4c123.o(STACK) refers (Special) to heapauxi.o(.text) for __use_two_region_memory
    startup_tm4c123.o(HEAP) refers (Special) to heapauxi.o(.text) for __use_two_region_memory
    startup_tm4c123.o(RESET) refers (Special) to heapauxi.o(.text) for __use_two_region_memory
    startup_tm4c123.o(RESET) refers to startup_tm4c123.o(STACK) for __initial_sp
    startup_tm4c123.o(RESET) refers to startup_tm4c123.o(.text) for Reset_Handler
    startup_tm4c123.o(RESET) refers to mpu6050.o(.text) for TIMER1A_Handler
    startup_tm4c123.o(.text) refers (Special) to heapauxi.o(.text) for __use_two_region_memory
    startup_tm4c123.o(.text) refers to mpu6050.o(.text) for SystemInit
    startup_tm4c123.o(.text) refers to __main.o(!!!main) for __main
    startup_tm4c123.o(.text) refers to startup_tm4c123.o(HEAP) for Heap_Mem
    startup_tm4c123.o(.text) refers to startup_tm4c123.o(STACK) for Stack_Mem
    mpu6050.o(.text) refers to _printf_percent.o(.ARM.Collect$$_printf_percent$$00000000) for _printf_percent
    mpu6050.o(.text) refers to _printf_g.o(.ARM.Collect$$_printf_percent$$00000005) for _printf_g
    mpu6050.o(.text) refers to printf1.o(x$fpl$printf1) for _printf_fp_dec
    mpu6050.o(.text) refers to _printf_f.o(.ARM.Collect$$_printf_percent$$00000003) for _printf_f
    mpu6050.o(.text) refers to startup_tm4c123.o(.text) for DisableInterrupts
    mpu6050.o(.text) refers to mpu6050.o(.data) for i2
    mpu6050.o(.text) refers to mpu6050.o(.bss) for buffer
    mpu6050.o(.text) refers to dflt_clz.o(x$fpl$dflt) for __aeabi_i2d
    mpu6050.o(.text) refers to ddiv.o(x$fpl$ddiv) for __aeabi_ddiv
    mpu6050.o(.text) refers to d2f.o(x$fpl$d2f) for __aeabi_d2f
    mpu6050.o(.text) refers to f2d.o(x$fpl$f2d) for __aeabi_f2d
    mpu6050.o(.text) refers to noretval__2sprintf.o(.text) for __2sprintf
    mpu6050.o(.text) refers to drleqf.o(x$fpl$drleqf) for __aeabi_cdrcmple
    mpu6050.o(.text) refers to dleqf.o(x$fpl$dleqf) for __aeabi_cdcmple
    __2sprintf.o(.text) refers to _printf_char_common.o(.text) for _printf_char_common
    __2sprintf.o(.text) refers to _sputc.o(.text) for _sputc
    noretval__2sprintf.o(.text) refers to _printf_char_common.o(.text) for _printf_char_common
    noretval__2sprintf.o(.text) refers to _sputc.o(.text) for _sputc
    __printf.o(.text) refers to _printf_percent.o(.ARM.Collect$$_printf_percent$$00000000) for _printf_percent
    __printf_flags.o(.text) refers to _printf_percent.o(.ARM.Collect$$_printf_percent$$00000000) for _printf_percent
    __printf_flags.o(.text) refers to __printf_flags.o(.constdata) for .constdata
    __printf_ss.o(.text) refers to _printf_percent.o(.ARM.Collect$$_printf_percent$$00000000) for _printf_percent
    __printf_flags_ss.o(.text) refers to _printf_percent.o(.ARM.Collect$$_printf_percent$$00000000) for _printf_percent
    __printf_flags_ss.o(.text) refers to __printf_flags_ss.o(.constdata) for .constdata
    __printf_wp.o(.text) refers to __printf_wp.o(i._is_digit) for _is_digit
    __printf_wp.o(.text) refers to _printf_percent.o(.ARM.Collect$$_printf_percent$$00000000) for _printf_percent
    __printf_flags_wp.o(.text) refers to __printf_wp.o(i._is_digit) for _is_digit
    __printf_flags_wp.o(.text) refers to _printf_percent.o(.ARM.Collect$$_printf_percent$$00000000) for _printf_percent
    __printf_flags_wp.o(.text) refers to __printf_flags_wp.o(.constdata) for .constdata
    __printf_ss_wp.o(.text) refers to __printf_wp.o(i._is_digit) for _is_digit
    __printf_ss_wp.o(.text) refers to _printf_percent.o(.ARM.Collect$$_printf_percent$$00000000) for _printf_percent
    __printf_flags_ss_wp.o(.text) refers to __printf_wp.o(i._is_digit) for _is_digit
    __printf_flags_ss_wp.o(.text) refers to _printf_percent.o(.ARM.Collect$$_printf_percent$$00000000) for _printf_percent
    __printf_flags_ss_wp.o(.text) refers to __printf_flags_ss_wp.o(.constdata) for .constdata
    _printf_f.o(.ARM.Collect$$_printf_percent$$00000003) refers (Weak) to printf1.o(x$fpl$printf1) for _printf_fp_dec
    _printf_g.o(.ARM.Collect$$_printf_percent$$00000005) refers (Weak) to printf1.o(x$fpl$printf1) for _printf_fp_dec
    _printf_percent.o(.ARM.Collect$$_printf_percent$$00000000) refers (Special) to _printf_percent_end.o(.ARM.Collect$$_printf_percent$$00000017) for _printf_percent_end
    __main.o(!!!main) refers to rtentry.o(.ARM.Collect$$rtentry$$00000000) for __rt_entry
    d2f.o(x$fpl$d2f) refers (Special) to usenofp.o(x$fpl$usenofp) for __I$use$fp
    d2f.o(x$fpl$d2f) refers to fretinf.o(x$fpl$fretinf) for __fpl_fretinf
    d2f.o(x$fpl$d2f) refers to dnaninf.o(x$fpl$dnaninf) for __fpl_dnaninf
    ddiv.o(x$fpl$drdiv) refers (Special) to usenofp.o(x$fpl$usenofp) for __I$use$fp
    ddiv.o(x$fpl$drdiv) refers to ddiv.o(x$fpl$ddiv) for ddiv_entry
    ddiv.o(x$fpl$ddiv) refers (Special) to usenofp.o(x$fpl$usenofp) for __I$use$fp
    ddiv.o(x$fpl$ddiv) refers to dretinf.o(x$fpl$dretinf) for __fpl_dretinf
    ddiv.o(x$fpl$ddiv) refers to dnaninf.o(x$fpl$dnaninf) for __fpl_dnaninf
    dflt_clz.o(x$fpl$dfltu) refers (Special) to usenofp.o(x$fpl$usenofp) for __I$use$fp
    dflt_clz.o(x$fpl$dflt) refers (Special) to usenofp.o(x$fpl$usenofp) for __I$use$fp
    dflt_clz.o(x$fpl$dfltn) refers (Special) to usenofp.o(x$fpl$usenofp) for __I$use$fp
    dleqf.o(x$fpl$dleqf) refers (Special) to usenofp.o(x$fpl$usenofp) for __I$use$fp
    dleqf.o(x$fpl$dleqf) refers to dnaninf.o(x$fpl$dnaninf) for __fpl_dnaninf
    dleqf.o(x$fpl$dleqf) refers to dcmpi.o(x$fpl$dcmpinf) for __fpl_dcmp_Inf
    drleqf.o(x$fpl$drleqf) refers (Special) to usenofp.o(x$fpl$usenofp) for __I$use$fp
    drleqf.o(x$fpl$drleqf) refers to dleqf.o(x$fpl$dleqf) for __fpl_dcmple_InfNaN
    f2d.o(x$fpl$f2d) refers (Special) to usenofp.o(x$fpl$usenofp) for __I$use$fp
    f2d.o(x$fpl$f2d) refers to fnaninf.o(x$fpl$fnaninf) for __fpl_fnaninf
    f2d.o(x$fpl$f2d) refers to dretinf.o(x$fpl$dretinf) for __fpl_dretinf
    printf1.o(x$fpl$printf1) refers to _printf_fp_dec.o(.text) for _printf_fp_dec_real
    rtentry.o(.ARM.Collect$$rtentry$$00000000) refers (Special) to rtentry2.o(.ARM.Collect$$rtentry$$0000000A) for __rt_entry_li
    rtentry.o(.ARM.Collect$$rtentry$$00000000) refers (Special) to rtentry2.o(.ARM.Collect$$rtentry$$0000000D) for __rt_entry_main
    rtentry.o(.ARM.Collect$$rtentry$$00000000) refers (Special) to rtentry2.o(.ARM.Collect$$rtentry$$0000000C) for __rt_entry_postli_1
    rtentry.o(.ARM.Collect$$rtentry$$00000000) refers (Special) to rtentry2.o(.ARM.Collect$$rtentry$$00000009) for __rt_entry_postsh_1
    rtentry.o(.ARM.Collect$$rtentry$$00000000) refers (Special) to rtentry2.o(.ARM.Collect$$rtentry$$00000002) for __rt_entry_presh_1
    rtentry.o(.ARM.Collect$$rtentry$$00000000) refers (Special) to rtentry4.o(.ARM.Collect$$rtentry$$00000004) for __rt_entry_sh
    _printf_fp_dec.o(.text) refers (Special) to usenofp.o(x$fpl$usenofp) for __I$use$fp
    _printf_fp_dec.o(.text) refers (Special) to lc_numeric_c.o(locale$$code) for _get_lc_numeric
    _printf_fp_dec.o(.text) refers to bigflt0.o(.text) for _btod_etento
    _printf_fp_dec.o(.text) refers to btod.o(CL$$btod_d2e) for _btod_d2e
    _printf_fp_dec.o(.text) refers to btod.o(CL$$btod_ediv) for _btod_ediv
    _printf_fp_dec.o(.text) refers to btod.o(CL$$btod_emul) for _btod_emul
    _printf_fp_dec.o(.text) refers to lludiv10.o(.text) for _ll_udiv10
    _printf_fp_dec.o(.text) refers to fpclassify.o(i.__ARM_fpclassify) for __ARM_fpclassify
    _printf_fp_dec.o(.text) refers to _printf_fp_infnan.o(.text) for _printf_fp_infnan
    _printf_fp_dec.o(.text) refers to rt_locale_intlibspace.o(.text) for __rt_locale
    _printf_char_common.o(.text) refers to __printf.o(.text) for __printf
    dcmpi.o(x$fpl$dcmpinf) refers (Special) to usenofp.o(x$fpl$usenofp) for __I$use$fp
    dnaninf.o(x$fpl$dnaninf) refers (Special) to usenofp.o(x$fpl$usenofp) for __I$use$fp
    dretinf.o(x$fpl$dretinf) refers (Special) to usenofp.o(x$fpl$usenofp) for __I$use$fp
    fnaninf.o(x$fpl$fnaninf) refers (Special) to usenofp.o(x$fpl$usenofp) for __I$use$fp
    fretinf.o(x$fpl$fretinf) refers (Special) to usenofp.o(x$fpl$usenofp) for __I$use$fp
    rtentry2.o(.ARM.Collect$$rtentry$$00000008) refers to boardinit2.o(.text) for _platform_post_stackheap_init
    rtentry2.o(.ARM.Collect$$rtentry$$0000000A) refers to libinit.o(.ARM.Collect$$libinit$$00000000) for __rt_lib_init
    rtentry2.o(.ARM.Collect$$rtentry$$0000000B) refers to boardinit3.o(.text) for _platform_post_lib_init
    rtentry2.o(.ARM.Collect$$rtentry$$0000000D) refers to mpu6050.o(.text) for main
    rtentry2.o(.ARM.Collect$$rtentry$$0000000D) refers to exit.o(.text) for exit
    rtentry2.o(.ARM.exidx) refers to rtentry2.o(.ARM.Collect$$rtentry$$00000001) for .ARM.Collect$$rtentry$$00000001
    rtentry2.o(.ARM.exidx) refers to rtentry2.o(.ARM.Collect$$rtentry$$00000008) for .ARM.Collect$$rtentry$$00000008
    rtentry2.o(.ARM.exidx) refers to rtentry2.o(.ARM.Collect$$rtentry$$0000000A) for .ARM.Collect$$rtentry$$0000000A
    rtentry2.o(.ARM.exidx) refers to rtentry2.o(.ARM.Collect$$rtentry$$0000000B) for .ARM.Collect$$rtentry$$0000000B
    rtentry2.o(.ARM.exidx) refers to rtentry2.o(.ARM.Collect$$rtentry$$0000000D) for .ARM.Collect$$rtentry$$0000000D
    rtentry4.o(.ARM.Collect$$rtentry$$00000004) refers to sys_stackheap_outer.o(.text) for __user_setup_stackheap
    rtentry4.o(.ARM.exidx) refers to rtentry4.o(.ARM.Collect$$rtentry$$00000004) for .ARM.Collect$$rtentry$$00000004
    rt_locale.o(.text) refers to rt_locale.o(.bss) for __rt_locale_data
    rt_locale_intlibspace.o(.text) refers to libspace.o(.bss) for __libspace_start
    bigflt0.o(.text) refers (Special) to usenofp.o(x$fpl$usenofp) for __I$use$fp
    bigflt0.o(.text) refers to btod.o(CL$$btod_emul) for _btod_emul
    bigflt0.o(.text) refers to btod.o(CL$$btod_ediv) for _btod_ediv
    bigflt0.o(.text) refers to bigflt0.o(.constdata) for .constdata
    bigflt0.o(.constdata) refers (Special) to usenofp.o(x$fpl$usenofp) for __I$use$fp
    btod.o(CL$$btod_d2e) refers (Special) to usenofp.o(x$fpl$usenofp) for __I$use$fp
    btod.o(CL$$btod_d2e) refers to btod.o(CL$$btod_d2e_norm_op1) for _d2e_norm_op1
    btod.o(CL$$btod_d2e_norm_op1) refers (Special) to usenofp.o(x$fpl$usenofp) for __I$use$fp
    btod.o(CL$$btod_d2e_norm_op1) refers to btod.o(CL$$btod_d2e_denorm_low) for _d2e_denorm_low
    btod.o(CL$$btod_d2e_denorm_low) refers (Special) to usenofp.o(x$fpl$usenofp) for __I$use$fp
    btod.o(CL$$btod_emul) refers (Special) to usenofp.o(x$fpl$usenofp) for __I$use$fp
    btod.o(CL$$btod_emul) refers to btod.o(CL$$btod_mult_common) for __btod_mult_common
    btod.o(CL$$btod_emul) refers to btod.o(CL$$btod_e2e) for _e2e
    btod.o(CL$$btod_ediv) refers (Special) to usenofp.o(x$fpl$usenofp) for __I$use$fp
    btod.o(CL$$btod_ediv) refers to btod.o(CL$$btod_div_common) for __btod_div_common
    btod.o(CL$$btod_ediv) refers to btod.o(CL$$btod_e2e) for _e2e
    btod.o(CL$$btod_emuld) refers (Special) to usenofp.o(x$fpl$usenofp) for __I$use$fp
    btod.o(CL$$btod_emuld) refers to btod.o(CL$$btod_mult_common) for __btod_mult_common
    btod.o(CL$$btod_emuld) refers to btod.o(CL$$btod_e2d) for _e2d
    btod.o(CL$$btod_edivd) refers (Special) to usenofp.o(x$fpl$usenofp) for __I$use$fp
    btod.o(CL$$btod_edivd) refers to btod.o(CL$$btod_div_common) for __btod_div_common
    btod.o(CL$$btod_edivd) refers to btod.o(CL$$btod_e2d) for _e2d
    btod.o(CL$$btod_e2e) refers (Special) to usenofp.o(x$fpl$usenofp) for __I$use$fp
    btod.o(CL$$btod_e2d) refers (Special) to usenofp.o(x$fpl$usenofp) for __I$use$fp
    btod.o(CL$$btod_e2d) refers to btod.o(CL$$btod_e2e) for _e2e
    btod.o(CL$$btod_mult_common) refers (Special) to usenofp.o(x$fpl$usenofp) for __I$use$fp
    btod.o(CL$$btod_div_common) refers (Special) to usenofp.o(x$fpl$usenofp) for __I$use$fp
    lc_numeric_c.o(locale$$data) refers (Special) to libinit2.o(.ARM.Collect$$libinit$$00000014) for __rt_lib_init_lc_numeric_2
    lc_numeric_c.o(locale$$code) refers (Special) to libinit2.o(.ARM.Collect$$libinit$$00000014) for __rt_lib_init_lc_numeric_2
    lc_numeric_c.o(locale$$code) refers to strcmpv7m.o(.text) for strcmp
    lc_numeric_c.o(locale$$code) refers to lc_numeric_c.o(locale$$data) for __lcnum_c_name
    istatus.o(x$fpl$ieeestatus) refers (Special) to usenofp.o(x$fpl$usenofp) for __I$use$fp
    fpclassify.o(i.__ARM_fpclassify) refers (Special) to usenofp.o(x$fpl$usenofp) for __I$use$fp
    libspace.o(.text) refers to libspace.o(.bss) for __libspace_start
    sys_stackheap_outer.o(.text) refers to libspace.o(.text) for __user_perproc_libspace
    sys_stackheap_outer.o(.text) refers to startup_tm4c123.o(.text) for __user_initial_stackheap
    exit.o(.text) refers to rtexit.o(.ARM.Collect$$rtexit$$00000000) for __rt_exit
    libinit.o(.ARM.Collect$$libinit$$00000000) refers (Special) to libinit2.o(.ARM.Collect$$libinit$$0000002C) for __rt_lib_init_alloca_1
    libinit.o(.ARM.Collect$$libinit$$00000000) refers (Special) to libinit2.o(.ARM.Collect$$libinit$$0000002A) for __rt_lib_init_argv_1
    libinit.o(.ARM.Collect$$libinit$$00000000) refers (Special) to libinit2.o(.ARM.Collect$$libinit$$00000019) for __rt_lib_init_atexit_1
    libinit.o(.ARM.Collect$$libinit$$00000000) refers (Special) to libinit2.o(.ARM.Collect$$libinit$$0000001F) for __rt_lib_init_clock_1
    libinit.o(.ARM.Collect$$libinit$$00000000) refers (Special) to libinit2.o(.ARM.Collect$$libinit$$00000030) for __rt_lib_init_cpp_1
    libinit.o(.ARM.Collect$$libinit$$00000000) refers (Special) to libinit2.o(.ARM.Collect$$libinit$$0000002E) for __rt_lib_init_exceptions_1
    libinit.o(.ARM.Collect$$libinit$$00000000) refers (Special) to libinit2.o(.ARM.Collect$$libinit$$00000001) for __rt_lib_init_fp_1
    libinit.o(.ARM.Collect$$libinit$$00000000) refers (Special) to libinit2.o(.ARM.Collect$$libinit$$0000001D) for __rt_lib_init_fp_trap_1
    libinit.o(.ARM.Collect$$libinit$$00000000) refers (Special) to libinit2.o(.ARM.Collect$$libinit$$00000021) for __rt_lib_init_getenv_1
    libinit.o(.ARM.Collect$$libinit$$00000000) refers (Special) to libinit2.o(.ARM.Collect$$libinit$$00000008) for __rt_lib_init_heap_1
    libinit.o(.ARM.Collect$$libinit$$00000000) refers (Special) to libinit2.o(.ARM.Collect$$libinit$$0000000F) for __rt_lib_init_lc_collate_1
    libinit.o(.ARM.Collect$$libinit$$00000000) refers (Special) to libinit2.o(.ARM.Collect$$libinit$$00000011) for __rt_lib_init_lc_ctype_1
    libinit.o(.ARM.Collect$$libinit$$00000000) refers (Special) to libinit2.o(.ARM.Collect$$libinit$$00000013) for __rt_lib_init_lc_monetary_1
    libinit.o(.ARM.Collect$$libinit$$00000000) refers (Special) to libinit2.o(.ARM.Collect$$libinit$$00000015) for __rt_lib_init_lc_numeric_1
    libinit.o(.ARM.Collect$$libinit$$00000000) refers (Special) to libinit2.o(.ARM.Collect$$libinit$$00000017) for __rt_lib_init_lc_time_1
    libinit.o(.ARM.Collect$$libinit$$00000000) refers (Special) to libinit2.o(.ARM.Collect$$libinit$$0000000C) for __rt_lib_init_rand_1
    libinit.o(.ARM.Collect$$libinit$$00000000) refers (Special) to libinit2.o(.ARM.Collect$$libinit$$00000031) for __rt_lib_init_return
    libinit.o(.ARM.Collect$$libinit$$00000000) refers (Special) to libinit2.o(.ARM.Collect$$libinit$$0000001B) for __rt_lib_init_signal_1
    libinit.o(.ARM.Collect$$libinit$$00000000) refers (Special) to libinit2.o(.ARM.Collect$$libinit$$00000023) for __rt_lib_init_stdio_1
    libinit.o(.ARM.Collect$$libinit$$00000000) refers (Special) to libinit2.o(.ARM.Collect$$libinit$$0000000A) for __rt_lib_init_user_alloc_1
    libinit2.o(.ARM.Collect$$libinit$$00000001) refers to fpinit.o(x$fpl$fpinit) for _fp_init
    libinit2.o(.ARM.Collect$$libinit$$0000000D) refers (Weak) to rt_locale_intlibspace.o(.text) for __rt_locale
    libinit2.o(.ARM.Collect$$libinit$$0000000E) refers to libinit2.o(.ARM.Collect$$libinit$$0000000D) for .ARM.Collect$$libinit$$0000000D
    libinit2.o(.ARM.Collect$$libinit$$00000010) refers to libinit2.o(.ARM.Collect$$libinit$$0000000D) for .ARM.Collect$$libinit$$0000000D
    libinit2.o(.ARM.Collect$$libinit$$00000012) refers to libinit2.o(.ARM.Collect$$libinit$$0000000D) for .ARM.Collect$$libinit$$0000000D
    libinit2.o(.ARM.Collect$$libinit$$00000014) refers to libinit2.o(.ARM.Collect$$libinit$$0000000D) for .ARM.Collect$$libinit$$0000000D
    libinit2.o(.ARM.Collect$$libinit$$00000014) refers (Weak) to lc_numeric_c.o(locale$$code) for _get_lc_numeric
    libinit2.o(.ARM.Collect$$libinit$$00000016) refers to libinit2.o(.ARM.Collect$$libinit$$0000000D) for .ARM.Collect$$libinit$$0000000D
    libinit2.o(.ARM.Collect$$libinit$$00000024) refers to argv_veneer.o(.emb_text) for __ARM_argv_veneer
    libinit2.o(.ARM.Collect$$libinit$$00000025) refers to argv_veneer.o(.emb_text) for __ARM_argv_veneer
    rtexit.o(.ARM.Collect$$rtexit$$00000000) refers (Special) to rtexit2.o(.ARM.Collect$$rtexit$$00000004) for __rt_exit_exit
    rtexit.o(.ARM.Collect$$rtexit$$00000000) refers (Special) to rtexit2.o(.ARM.Collect$$rtexit$$00000003) for __rt_exit_ls
    rtexit.o(.ARM.Collect$$rtexit$$00000000) refers (Special) to rtexit2.o(.ARM.Collect$$rtexit$$00000002) for __rt_exit_prels_1
    rtexit.o(.ARM.exidx) refers (Special) to rtexit2.o(.ARM.Collect$$rtexit$$00000004) for __rt_exit_exit
    rtexit.o(.ARM.exidx) refers (Special) to rtexit2.o(.ARM.Collect$$rtexit$$00000003) for __rt_exit_ls
    rtexit.o(.ARM.exidx) refers (Special) to rtexit2.o(.ARM.Collect$$rtexit$$00000002) for __rt_exit_prels_1
    rtexit.o(.ARM.exidx) refers to rtexit.o(.ARM.Collect$$rtexit$$00000000) for .ARM.Collect$$rtexit$$00000000
    argv_veneer.o(.emb_text) refers to no_argv.o(.text) for __ARM_get_argv
    rtexit2.o(.ARM.Collect$$rtexit$$00000003) refers to libshutdown.o(.ARM.Collect$$libshutdown$$00000000) for __rt_lib_shutdown
    rtexit2.o(.ARM.Collect$$rtexit$$00000004) refers to sys_exit.o(.text) for _sys_exit
    rtexit2.o(.ARM.exidx) refers to rtexit2.o(.ARM.Collect$$rtexit$$00000001) for .ARM.Collect$$rtexit$$00000001
    rtexit2.o(.ARM.exidx) refers to rtexit2.o(.ARM.Collect$$rtexit$$00000003) for .ARM.Collect$$rtexit$$00000003
    rtexit2.o(.ARM.exidx) refers to rtexit2.o(.ARM.Collect$$rtexit$$00000004) for .ARM.Collect$$rtexit$$00000004
    _get_argv_nomalloc.o(.text) refers (Special) to hrguard.o(.text) for __heap_region$guard
    _get_argv_nomalloc.o(.text) refers to defsig_rtmem_outer.o(.text) for __rt_SIGRTMEM
    _get_argv_nomalloc.o(.text) refers to sys_command.o(.text) for _sys_command_string
    sys_command.o(.text) refers (Special) to use_no_semi.o(.text) for __I$use$semihosting
    sys_command.o(.text) refers (Special) to indicate_semi.o(.text) for __semihosting_library_function
    sys_exit.o(.text) refers (Special) to use_no_semi.o(.text) for __I$use$semihosting
    sys_exit.o(.text) refers (Special) to indicate_semi.o(.text) for __semihosting_library_function
    defsig_rtmem_outer.o(.text) refers to defsig_rtmem_inner.o(.text) for __rt_SIGRTMEM_inner
    defsig_rtmem_outer.o(.text) refers to defsig_exit.o(.text) for __sig_exit
    defsig_rtmem_formal.o(.text) refers to rt_raise.o(.text) for __rt_raise
    libshutdown.o(.ARM.Collect$$libshutdown$$00000000) refers (Special) to libshutdown2.o(.ARM.Collect$$libshutdown$$00000006) for __rt_lib_shutdown_fp_trap_1
    libshutdown.o(.ARM.Collect$$libshutdown$$00000000) refers (Special) to libshutdown2.o(.ARM.Collect$$libshutdown$$0000000E) for __rt_lib_shutdown_heap_1
    libshutdown.o(.ARM.Collect$$libshutdown$$00000000) refers (Special) to libshutdown2.o(.ARM.Collect$$libshutdown$$0000000F) for __rt_lib_shutdown_return
    libshutdown.o(.ARM.Collect$$libshutdown$$00000000) refers (Special) to libshutdown2.o(.ARM.Collect$$libshutdown$$00000009) for __rt_lib_shutdown_signal_1
    libshutdown.o(.ARM.Collect$$libshutdown$$00000000) refers (Special) to libshutdown2.o(.ARM.Collect$$libshutdown$$00000003) for __rt_lib_shutdown_stdio_1
    libshutdown.o(.ARM.Collect$$libshutdown$$00000000) refers (Special) to libshutdown2.o(.ARM.Collect$$libshutdown$$0000000B) for __rt_lib_shutdown_user_alloc_1
    rt_raise.o(.text) refers to __raise.o(.text) for __raise
    rt_raise.o(.text) refers to sys_exit.o(.text) for _sys_exit
    defsig_exit.o(.text) refers to sys_exit.o(.text) for _sys_exit
    defsig_rtmem_inner.o(.text) refers to defsig_general.o(.text) for __default_signal_display
    __raise.o(.text) refers to defsig.o(CL$$defsig) for __default_signal_handler
    defsig_general.o(.text) refers to sys_wrch.o(.text) for _ttywrch
    sys_wrch.o(.text) refers (Special) to use_no_semi.o(.text) for __I$use$semihosting
    sys_wrch.o(.text) refers (Special) to indicate_semi.o(.text) for __semihosting_library_function
    defsig.o(CL$$defsig) refers to defsig_rtmem_inner.o(.text) for __rt_SIGRTMEM_inner
    defsig_abrt_inner.o(.text) refers to defsig_general.o(.text) for __default_signal_display
    defsig_fpe_inner.o(.text) refers to defsig_general.o(.text) for __default_signal_display
    defsig_rtred_inner.o(.text) refers to defsig_general.o(.text) for __default_signal_display
    defsig_stak_inner.o(.text) refers to defsig_general.o(.text) for __default_signal_display
    defsig_pvfn_inner.o(.text) refers to defsig_general.o(.text) for __default_signal_display
    defsig_cppl_inner.o(.text) refers to defsig_general.o(.text) for __default_signal_display
    defsig_segv_inner.o(.text) refers to defsig_general.o(.text) for __default_signal_display
    defsig_other.o(.text) refers to defsig_general.o(.text) for __default_signal_display


==============================================================================

Removing Unused input sections from the image.

    Removing mpu6050.o(.rev16_text), (4 bytes).
    Removing mpu6050.o(.revsh_text), (4 bytes).

2 unused section(s) (total 8 bytes) removed from the image.

==============================================================================

Image Symbol Table

    Local Symbols

    Symbol Name                              Value     Ov Type        Size  Object(Section)

    RESET                                    0x00000000   Section      620  startup_tm4c123.o(RESET)
    ../clib/angel/boardlib.s                 0x00000000   Number         0  boardinit3.o ABSOLUTE
    ../clib/angel/boardlib.s                 0x00000000   Number         0  boardinit2.o ABSOLUTE
    ../clib/angel/boardlib.s                 0x00000000   Number         0  boardinit1.o ABSOLUTE
    ../clib/angel/boardlib.s                 0x00000000   Number         0  boardshut.o ABSOLUTE
    ../clib/angel/handlers.s                 0x00000000   Number         0  __scatter_copy.o ABSOLUTE
    ../clib/angel/handlers.s                 0x00000000   Number         0  __scatter_zi.o ABSOLUTE
    ../clib/angel/kernel.s                   0x00000000   Number         0  rtentry4.o ABSOLUTE
    ../clib/angel/kernel.s                   0x00000000   Number         0  rtentry.o ABSOLUTE
    ../clib/angel/kernel.s                   0x00000000   Number         0  rtexit2.o ABSOLUTE
    ../clib/angel/kernel.s                   0x00000000   Number         0  rtentry2.o ABSOLUTE
    ../clib/angel/kernel.s                   0x00000000   Number         0  rtexit.o ABSOLUTE
    ../clib/angel/rt.s                       0x00000000   Number         0  rt_locale.o ABSOLUTE
    ../clib/angel/rt.s                       0x00000000   Number         0  rt_locale_intlibspace.o ABSOLUTE
    ../clib/angel/rt.s                       0x00000000   Number         0  rt_raise.o ABSOLUTE
    ../clib/angel/scatter.s                  0x00000000   Number         0  __scatter.o ABSOLUTE
    ../clib/angel/startup.s                  0x00000000   Number         0  __main.o ABSOLUTE
    ../clib/angel/sys.s                      0x00000000   Number         0  sys_stackheap_outer.o ABSOLUTE
    ../clib/angel/sys.s                      0x00000000   Number         0  indicate_semi.o ABSOLUTE
    ../clib/angel/sys.s                      0x00000000   Number         0  use_no_semi.o ABSOLUTE
    ../clib/angel/sys.s                      0x00000000   Number         0  libspace.o ABSOLUTE
    ../clib/angel/sysapp.c                   0x00000000   Number         0  sys_command.o ABSOLUTE
    ../clib/angel/sysapp.c                   0x00000000   Number         0  sys_exit.o ABSOLUTE
    ../clib/angel/sysapp.c                   0x00000000   Number         0  sys_wrch.o ABSOLUTE
    ../clib/armsys.c                         0x00000000   Number         0  argv_veneer.o ABSOLUTE
    ../clib/armsys.c                         0x00000000   Number         0  no_argv.o ABSOLUTE
    ../clib/armsys.c                         0x00000000   Number         0  _get_argv_nomalloc.o ABSOLUTE
    ../clib/armsys.c                         0x00000000   Number         0  argv_veneer.o ABSOLUTE
    ../clib/bigflt.c                         0x00000000   Number         0  bigflt0.o ABSOLUTE
    ../clib/btod.s                           0x00000000   Number         0  btod.o ABSOLUTE
    ../clib/heapalloc.c                      0x00000000   Number         0  hrguard.o ABSOLUTE
    ../clib/heapaux.c                        0x00000000   Number         0  heapauxi.o ABSOLUTE
    ../clib/libinit.s                        0x00000000   Number         0  libshutdown2.o ABSOLUTE
    ../clib/libinit.s                        0x00000000   Number         0  libshutdown.o ABSOLUTE
    ../clib/libinit.s                        0x00000000   Number         0  libinit2.o ABSOLUTE
    ../clib/libinit.s                        0x00000000   Number         0  libinit.o ABSOLUTE
    ../clib/locale.s                         0x00000000   Number         0  lc_numeric_c.o ABSOLUTE
    ../clib/longlong.s                       0x00000000   Number         0  lludiv10.o ABSOLUTE
    ../clib/memcpset.s                       0x00000000   Number         0  strcmpv7m.o ABSOLUTE
    ../clib/printf.c                         0x00000000   Number         0  __printf.o ABSOLUTE
    ../clib/printf.c                         0x00000000   Number         0  __printf_nopercent.o ABSOLUTE
    ../clib/printf.c                         0x00000000   Number         0  noretval__2sprintf.o ABSOLUTE
    ../clib/printf.c                         0x00000000   Number         0  __2sprintf.o ABSOLUTE
    ../clib/printf.c                         0x00000000   Number         0  _printf_char_common.o ABSOLUTE
    ../clib/printf.c                         0x00000000   Number         0  _printf_fp_infnan.o ABSOLUTE
    ../clib/printf.c                         0x00000000   Number         0  _printf_fp_dec.o ABSOLUTE
    ../clib/printf.c                         0x00000000   Number         0  __printf_flags_ss_wp.o ABSOLUTE
    ../clib/printf.c                         0x00000000   Number         0  __printf_ss_wp.o ABSOLUTE
    ../clib/printf.c                         0x00000000   Number         0  __printf_flags_ss.o ABSOLUTE
    ../clib/printf.c                         0x00000000   Number         0  _sputc.o ABSOLUTE
    ../clib/printf.c                         0x00000000   Number         0  __printf_flags_wp.o ABSOLUTE
    ../clib/printf.c                         0x00000000   Number         0  __printf_wp.o ABSOLUTE
    ../clib/printf.c                         0x00000000   Number         0  __printf_ss.o ABSOLUTE
    ../clib/printf.c                         0x00000000   Number         0  __printf_flags.o ABSOLUTE
    ../clib/printf_percent.s                 0x00000000   Number         0  _printf_f.o ABSOLUTE
    ../clib/printf_percent.s                 0x00000000   Number         0  _printf_percent_end.o ABSOLUTE
    ../clib/printf_percent.s                 0x00000000   Number         0  _printf_g.o ABSOLUTE
    ../clib/printf_percent.s                 0x00000000   Number         0  _printf_percent.o ABSOLUTE
    ../clib/signal.c                         0x00000000   Number         0  __raise.o ABSOLUTE
    ../clib/signal.c                         0x00000000   Number         0  defsig_rtmem_formal.o ABSOLUTE
    ../clib/signal.c                         0x00000000   Number         0  defsig_segv_inner.o ABSOLUTE
    ../clib/signal.c                         0x00000000   Number         0  defsig_other.o ABSOLUTE
    ../clib/signal.c                         0x00000000   Number         0  defsig_rtmem_inner.o ABSOLUTE
    ../clib/signal.c                         0x00000000   Number         0  defsig_exit.o ABSOLUTE
    ../clib/signal.c                         0x00000000   Number         0  defsig_rtmem_outer.o ABSOLUTE
    ../clib/signal.c                         0x00000000   Number         0  defsig_cppl_inner.o ABSOLUTE
    ../clib/signal.c                         0x00000000   Number         0  defsig_general.o ABSOLUTE
    ../clib/signal.c                         0x00000000   Number         0  defsig_stak_inner.o ABSOLUTE
    ../clib/signal.c                         0x00000000   Number         0  defsig_pvfn_inner.o ABSOLUTE
    ../clib/signal.c                         0x00000000   Number         0  defsig_rtred_inner.o ABSOLUTE
    ../clib/signal.c                         0x00000000   Number         0  defsig_fpe_inner.o ABSOLUTE
    ../clib/signal.c                         0x00000000   Number         0  defsig_abrt_inner.o ABSOLUTE
    ../clib/signal.s                         0x00000000   Number         0  defsig.o ABSOLUTE
    ../clib/stdlib.c                         0x00000000   Number         0  exit.o ABSOLUTE
    ../fplib/d2f.s                           0x00000000   Number         0  d2f.o ABSOLUTE
    ../fplib/dcmpi.s                         0x00000000   Number         0  dcmpi.o ABSOLUTE
    ../fplib/ddiv.s                          0x00000000   Number         0  ddiv.o ABSOLUTE
    ../fplib/dflt.s                          0x00000000   Number         0  dflt_clz.o ABSOLUTE
    ../fplib/dleqf.s                         0x00000000   Number         0  dleqf.o ABSOLUTE
    ../fplib/dnaninf.s                       0x00000000   Number         0  dnaninf.o ABSOLUTE
    ../fplib/dretinf.s                       0x00000000   Number         0  dretinf.o ABSOLUTE
    ../fplib/drleqf.s                        0x00000000   Number         0  drleqf.o ABSOLUTE
    ../fplib/f2d.s                           0x00000000   Number         0  f2d.o ABSOLUTE
    ../fplib/fnaninf.s                       0x00000000   Number         0  fnaninf.o ABSOLUTE
    ../fplib/fpinit.s                        0x00000000   Number         0  fpinit.o ABSOLUTE
    ../fplib/fretinf.s                       0x00000000   Number         0  fretinf.o ABSOLUTE
    ../fplib/istatus.s                       0x00000000   Number         0  istatus.o ABSOLUTE
    ../fplib/printf1.s                       0x00000000   Number         0  printf1.o ABSOLUTE
    ../fplib/usenofp.s                       0x00000000   Number         0  usenofp.o ABSOLUTE
    ../mathlib/fpclassify.c                  0x00000000   Number         0  fpclassify.o ABSOLUTE
    MPU6050.c                                0x00000000   Number         0  mpu6050.o ABSOLUTE
    MPU6050.c                                0x00000000   Number         0  mpu6050.o ABSOLUTE
    dc.s                                     0x00000000   Number         0  dc.o ABSOLUTE
    startup_TM4C123.s                        0x00000000   Number         0  startup_tm4c123.o ABSOLUTE
    !!!main                                  0x0000026c   Section        8  __main.o(!!!main)
    !!!scatter                               0x00000274   Section       52  __scatter.o(!!!scatter)
    !!handler_copy                           0x000002a8   Section       26  __scatter_copy.o(!!handler_copy)
    !!handler_zi                             0x000002c4   Section       28  __scatter_zi.o(!!handler_zi)
    .ARM.Collect$$_printf_percent$$00000000  0x000002e0   Section        0  _printf_percent.o(.ARM.Collect$$_printf_percent$$00000000)
    .ARM.Collect$$_printf_percent$$00000003  0x000002e0   Section        6  _printf_f.o(.ARM.Collect$$_printf_percent$$00000003)
    .ARM.Collect$$_printf_percent$$00000005  0x000002e6   Section        6  _printf_g.o(.ARM.Collect$$_printf_percent$$00000005)
    .ARM.Collect$$_printf_percent$$00000017  0x000002ec   Section        4  _printf_percent_end.o(.ARM.Collect$$_printf_percent$$00000017)
    .ARM.Collect$$libinit$$00000000          0x000002f0   Section        2  libinit.o(.ARM.Collect$$libinit$$00000000)
    .ARM.Collect$$libinit$$00000001          0x000002f2   Section        4  libinit2.o(.ARM.Collect$$libinit$$00000001)
    .ARM.Collect$$libinit$$00000008          0x000002f6   Section        0  libinit2.o(.ARM.Collect$$libinit$$00000008)
    .ARM.Collect$$libinit$$0000000A          0x000002f6   Section        0  libinit2.o(.ARM.Collect$$libinit$$0000000A)
    .ARM.Collect$$libinit$$0000000C          0x000002f6   Section        0  libinit2.o(.ARM.Collect$$libinit$$0000000C)
    .ARM.Collect$$libinit$$0000000D          0x000002f6   Section        6  libinit2.o(.ARM.Collect$$libinit$$0000000D)
    .ARM.Collect$$libinit$$0000000F          0x000002fc   Section        0  libinit2.o(.ARM.Collect$$libinit$$0000000F)
    .ARM.Collect$$libinit$$00000011          0x000002fc   Section        0  libinit2.o(.ARM.Collect$$libinit$$00000011)
    .ARM.Collect$$libinit$$00000013          0x000002fc   Section        0  libinit2.o(.ARM.Collect$$libinit$$00000013)
    .ARM.Collect$$libinit$$00000014          0x000002fc   Section       10  libinit2.o(.ARM.Collect$$libinit$$00000014)
    .ARM.Collect$$libinit$$00000015          0x00000306   Section        0  libinit2.o(.ARM.Collect$$libinit$$00000015)
    .ARM.Collect$$libinit$$00000017          0x00000306   Section        0  libinit2.o(.ARM.Collect$$libinit$$00000017)
    .ARM.Collect$$libinit$$00000019          0x00000306   Section        0  libinit2.o(.ARM.Collect$$libinit$$00000019)
    .ARM.Collect$$libinit$$0000001B          0x00000306   Section        0  libinit2.o(.ARM.Collect$$libinit$$0000001B)
    .ARM.Collect$$libinit$$0000001D          0x00000306   Section        0  libinit2.o(.ARM.Collect$$libinit$$0000001D)
    .ARM.Collect$$libinit$$0000001F          0x00000306   Section        0  libinit2.o(.ARM.Collect$$libinit$$0000001F)
    .ARM.Collect$$libinit$$00000021          0x00000306   Section        0  libinit2.o(.ARM.Collect$$libinit$$00000021)
    .ARM.Collect$$libinit$$00000023          0x00000306   Section        0  libinit2.o(.ARM.Collect$$libinit$$00000023)
    .ARM.Collect$$libinit$$0000002A          0x00000306   Section        0  libinit2.o(.ARM.Collect$$libinit$$0000002A)
    .ARM.Collect$$libinit$$0000002C          0x00000306   Section        0  libinit2.o(.ARM.Collect$$libinit$$0000002C)
    .ARM.Collect$$libinit$$0000002E          0x00000306   Section        0  libinit2.o(.ARM.Collect$$libinit$$0000002E)
    .ARM.Collect$$libinit$$00000030          0x00000306   Section        0  libinit2.o(.ARM.Collect$$libinit$$00000030)
    .ARM.Collect$$libinit$$00000031          0x00000306   Section        2  libinit2.o(.ARM.Collect$$libinit$$00000031)
    .ARM.Collect$$libshutdown$$00000000      0x00000308   Section        2  libshutdown.o(.ARM.Collect$$libshutdown$$00000000)
    .ARM.Collect$$libshutdown$$00000003      0x0000030a   Section        0  libshutdown2.o(.ARM.Collect$$libshutdown$$00000003)
    .ARM.Collect$$libshutdown$$00000006      0x0000030a   Section        0  libshutdown2.o(.ARM.Collect$$libshutdown$$00000006)
    .ARM.Collect$$libshutdown$$00000009      0x0000030a   Section        0  libshutdown2.o(.ARM.Collect$$libshutdown$$00000009)
    .ARM.Collect$$libshutdown$$0000000B      0x0000030a   Section        0  libshutdown2.o(.ARM.Collect$$libshutdown$$0000000B)
    .ARM.Collect$$libshutdown$$0000000E      0x0000030a   Section        0  libshutdown2.o(.ARM.Collect$$libshutdown$$0000000E)
    .ARM.Collect$$libshutdown$$0000000F      0x0000030a   Section        2  libshutdown2.o(.ARM.Collect$$libshutdown$$0000000F)
    .ARM.Collect$$rtentry$$00000000          0x0000030c   Section        0  rtentry.o(.ARM.Collect$$rtentry$$00000000)
    .ARM.Collect$$rtentry$$00000002          0x0000030c   Section        0  rtentry2.o(.ARM.Collect$$rtentry$$00000002)
    .ARM.Collect$$rtentry$$00000004          0x0000030c   Section        6  rtentry4.o(.ARM.Collect$$rtentry$$00000004)
    .ARM.Collect$$rtentry$$00000009          0x00000312   Section        0  rtentry2.o(.ARM.Collect$$rtentry$$00000009)
    .ARM.Collect$$rtentry$$0000000A          0x00000312   Section        4  rtentry2.o(.ARM.Collect$$rtentry$$0000000A)
    .ARM.Collect$$rtentry$$0000000C          0x00000316   Section        0  rtentry2.o(.ARM.Collect$$rtentry$$0000000C)
    .ARM.Collect$$rtentry$$0000000D          0x00000316   Section        8  rtentry2.o(.ARM.Collect$$rtentry$$0000000D)
    .ARM.Collect$$rtexit$$00000000           0x0000031e   Section        2  rtexit.o(.ARM.Collect$$rtexit$$00000000)
    .ARM.Collect$$rtexit$$00000002           0x00000320   Section        0  rtexit2.o(.ARM.Collect$$rtexit$$00000002)
    .ARM.Collect$$rtexit$$00000003           0x00000320   Section        4  rtexit2.o(.ARM.Collect$$rtexit$$00000003)
    .ARM.Collect$$rtexit$$00000004           0x00000324   Section        6  rtexit2.o(.ARM.Collect$$rtexit$$00000004)
    .text                                    0x0000032c   Section      296  startup_tm4c123.o(.text)
    $v0                                      0x0000032c   Number         0  startup_tm4c123.o(.text)
    .text                                    0x00000454   Section        0  mpu6050.o(.text)
    .text                                    0x0000158c   Section        0  noretval__2sprintf.o(.text)
    .text                                    0x000015b4   Section        0  __printf.o(.text)
    .text                                    0x0000161c   Section        0  heapauxi.o(.text)
    .text                                    0x00001622   Section        0  _printf_fp_dec.o(.text)
    _fp_digits                               0x00001625   Thumb Code   426  _printf_fp_dec.o(.text)
    .text                                    0x00001a44   Section        0  _printf_char_common.o(.text)
    _printf_input_char                       0x00001a45   Thumb Code    10  _printf_char_common.o(.text)
    .text                                    0x00001a74   Section        0  _sputc.o(.text)
    .text                                    0x00001a80   Section        8  rt_locale_intlibspace.o(.text)
    .text                                    0x00001a88   Section      138  lludiv10.o(.text)
    .text                                    0x00001b14   Section        0  _printf_fp_infnan.o(.text)
    .text                                    0x00001b94   Section        0  bigflt0.o(.text)
    .text                                    0x00001c78   Section        8  libspace.o(.text)
    .text                                    0x00001c80   Section       74  sys_stackheap_outer.o(.text)
    .text                                    0x00001cca   Section        0  exit.o(.text)
    .text                                    0x00001cd8   Section      128  strcmpv7m.o(.text)
    .text                                    0x00001d58   Section        0  sys_exit.o(.text)
    .text                                    0x00001d64   Section        2  use_no_semi.o(.text)
    .text                                    0x00001d66   Section        0  indicate_semi.o(.text)
    CL$$btod_d2e                             0x00001d66   Section       62  btod.o(CL$$btod_d2e)
    CL$$btod_d2e_denorm_low                  0x00001da4   Section       70  btod.o(CL$$btod_d2e_denorm_low)
    CL$$btod_d2e_norm_op1                    0x00001dea   Section       96  btod.o(CL$$btod_d2e_norm_op1)
    CL$$btod_div_common                      0x00001e4a   Section      824  btod.o(CL$$btod_div_common)
    CL$$btod_e2e                             0x00002182   Section      198  btod.o(CL$$btod_e2e)
    CL$$btod_ediv                            0x00002248   Section       40  btod.o(CL$$btod_ediv)
    CL$$btod_emul                            0x00002270   Section       40  btod.o(CL$$btod_emul)
    CL$$btod_mult_common                     0x00002298   Section      580  btod.o(CL$$btod_mult_common)
    i.__ARM_fpclassify                       0x000024dc   Section        0  fpclassify.o(i.__ARM_fpclassify)
    locale$$code                             0x0000250c   Section       44  lc_numeric_c.o(locale$$code)
    x$fpl$d2f                                0x00002538   Section       98  d2f.o(x$fpl$d2f)
    $v0                                      0x00002538   Number         0  d2f.o(x$fpl$d2f)
    x$fpl$dcmpinf                            0x0000259a   Section       24  dcmpi.o(x$fpl$dcmpinf)
    $v0                                      0x0000259a   Number         0  dcmpi.o(x$fpl$dcmpinf)
    x$fpl$ddiv                               0x000025b4   Section      688  ddiv.o(x$fpl$ddiv)
    $v0                                      0x000025b4   Number         0  ddiv.o(x$fpl$ddiv)
    ddiv_entry                               0x000025bb   Thumb Code     0  ddiv.o(x$fpl$ddiv)
    x$fpl$dflt                               0x00002864   Section       46  dflt_clz.o(x$fpl$dflt)
    $v0                                      0x00002864   Number         0  dflt_clz.o(x$fpl$dflt)
    x$fpl$dleqf                              0x00002894   Section      120  dleqf.o(x$fpl$dleqf)
    $v0                                      0x00002894   Number         0  dleqf.o(x$fpl$dleqf)
    x$fpl$dnaninf                            0x0000290c   Section      156  dnaninf.o(x$fpl$dnaninf)
    $v0                                      0x0000290c   Number         0  dnaninf.o(x$fpl$dnaninf)
    x$fpl$dretinf                            0x000029a8   Section       12  dretinf.o(x$fpl$dretinf)
    $v0                                      0x000029a8   Number         0  dretinf.o(x$fpl$dretinf)
    x$fpl$drleqf                             0x000029b4   Section      108  drleqf.o(x$fpl$drleqf)
    $v0                                      0x000029b4   Number         0  drleqf.o(x$fpl$drleqf)
    x$fpl$f2d                                0x00002a20   Section       86  f2d.o(x$fpl$f2d)
    $v0                                      0x00002a20   Number         0  f2d.o(x$fpl$f2d)
    x$fpl$fnaninf                            0x00002a76   Section      140  fnaninf.o(x$fpl$fnaninf)
    $v0                                      0x00002a76   Number         0  fnaninf.o(x$fpl$fnaninf)
    x$fpl$fpinit                             0x00002b02   Section       10  fpinit.o(x$fpl$fpinit)
    $v0                                      0x00002b02   Number         0  fpinit.o(x$fpl$fpinit)
    x$fpl$fretinf                            0x00002b0c   Section       10  fretinf.o(x$fpl$fretinf)
    $v0                                      0x00002b0c   Number         0  fretinf.o(x$fpl$fretinf)
    x$fpl$printf1                            0x00002b16   Section        4  printf1.o(x$fpl$printf1)
    $v0                                      0x00002b16   Number         0  printf1.o(x$fpl$printf1)
    x$fpl$usenofp                            0x00002b1a   Section        0  usenofp.o(x$fpl$usenofp)
    .constdata                               0x00002b1c   Section      148  bigflt0.o(.constdata)
    tenpwrs_x                                0x00002b1c   Data          60  bigflt0.o(.constdata)
    tenpwrs_i                                0x00002b58   Data          64  bigflt0.o(.constdata)
    locale$$data                             0x00002bd0   Section       28  lc_numeric_c.o(locale$$data)
    __lcnum_c_name                           0x00002bd4   Data           2  lc_numeric_c.o(locale$$data)
    __lcnum_c_start                          0x00002bdc   Data           0  lc_numeric_c.o(locale$$data)
    __lcnum_c_point                          0x00002be8   Data           0  lc_numeric_c.o(locale$$data)
    __lcnum_c_thousands                      0x00002bea   Data           0  lc_numeric_c.o(locale$$data)
    __lcnum_c_grouping                       0x00002beb   Data           0  lc_numeric_c.o(locale$$data)
    __lcnum_c_end                            0x00002bec   Data           0  lc_numeric_c.o(locale$$data)
    .data                                    0x20000000   Section        8  mpu6050.o(.data)
    .bss                                     0x20000008   Section     1014  mpu6050.o(.bss)
    .bss                                     0x20000400   Section       96  libspace.o(.bss)
    HEAP                                     0x20000460   Section        0  startup_tm4c123.o(HEAP)
    STACK                                    0x20000460   Section      512  startup_tm4c123.o(STACK)
    Heap_Mem                                 0x20000460   Data           0  startup_tm4c123.o(HEAP)
    Stack_Mem                                0x20000460   Data         512  startup_tm4c123.o(STACK)
    __initial_sp                             0x20000660   Data           0  startup_tm4c123.o(STACK)

    Global Symbols

    Symbol Name                              Value     Ov Type        Size  Object(Section)

    BuildAttributes$$THM_ISAv4$E$P$D$K$B$S$7EM$VFPi3$EXTD16$VFPS$VFMA$PE$A:L22UL41UL21$X:L11$S22US41US21$IEEE1$IW$USESV6$~STKCKD$USESV7$~SHL$OTIME$ROPI$IEEEJ$EBA8$UX$STANDARDLIB$REQ8$PRES8$EABIv2 0x00000000   Number         0  anon$$obj.o ABSOLUTE
    __ARM_use_no_argv                        0x00000000   Number         0  mpu6050.o ABSOLUTE
    __Vectors                                0x00000000   Data           4  startup_tm4c123.o(RESET)
    __ARM_exceptions_init                     - Undefined Weak Reference
    __alloca_initialize                       - Undefined Weak Reference
    __cpp_initialize__aeabi_                  - Undefined Weak Reference
    __cxa_finalize                            - Undefined Weak Reference
    __sigvec_lookup                           - Undefined Weak Reference
    _atexit_init                              - Undefined Weak Reference
    _call_atexit_fns                          - Undefined Weak Reference
    _clock_init                               - Undefined Weak Reference
    _fp_trap_init                             - Undefined Weak Reference
    _fp_trap_shutdown                         - Undefined Weak Reference
    _get_lc_collate                           - Undefined Weak Reference
    _get_lc_ctype                             - Undefined Weak Reference
    _get_lc_monetary                          - Undefined Weak Reference
    _get_lc_time                              - Undefined Weak Reference
    _getenv_init                              - Undefined Weak Reference
    _handle_redirection                       - Undefined Weak Reference
    _init_alloc                               - Undefined Weak Reference
    _init_user_alloc                          - Undefined Weak Reference
    _initio                                   - Undefined Weak Reference
    _printf_post_padding                      - Undefined Weak Reference
    _printf_pre_padding                       - Undefined Weak Reference
    _rand_init                                - Undefined Weak Reference
    _signal_finish                            - Undefined Weak Reference
    _signal_init                              - Undefined Weak Reference
    _terminate_alloc                          - Undefined Weak Reference
    _terminate_user_alloc                     - Undefined Weak Reference
    _terminateio                              - Undefined Weak Reference
    __Vectors_End                            0x0000026c   Data           0  startup_tm4c123.o(RESET)
    __Vectors_Size                           0x0000026c   Number         0  startup_tm4c123.o ABSOLUTE
    __main                                   0x0000026d   Thumb Code     8  __main.o(!!!main)
    __scatterload                            0x00000275   Thumb Code     0  __scatter.o(!!!scatter)
    __scatterload_rt2                        0x00000275   Thumb Code    44  __scatter.o(!!!scatter)
    __scatterload_rt2_thumb_only             0x00000275   Thumb Code     0  __scatter.o(!!!scatter)
    __scatterload_null                       0x00000283   Thumb Code     0  __scatter.o(!!!scatter)
    __scatterload_copy                       0x000002a9   Thumb Code    26  __scatter_copy.o(!!handler_copy)
    __scatterload_zeroinit                   0x000002c5   Thumb Code    28  __scatter_zi.o(!!handler_zi)
    _printf_f                                0x000002e1   Thumb Code     0  _printf_f.o(.ARM.Collect$$_printf_percent$$00000003)
    _printf_percent                          0x000002e1   Thumb Code     0  _printf_percent.o(.ARM.Collect$$_printf_percent$$00000000)
    _printf_g                                0x000002e7   Thumb Code     0  _printf_g.o(.ARM.Collect$$_printf_percent$$00000005)
    _printf_percent_end                      0x000002ed   Thumb Code     0  _printf_percent_end.o(.ARM.Collect$$_printf_percent$$00000017)
    __rt_lib_init                            0x000002f1   Thumb Code     0  libinit.o(.ARM.Collect$$libinit$$00000000)
    __rt_lib_init_fp_1                       0x000002f3   Thumb Code     0  libinit2.o(.ARM.Collect$$libinit$$00000001)
    __rt_lib_init_heap_1                     0x000002f7   Thumb Code     0  libinit2.o(.ARM.Collect$$libinit$$00000008)
    __rt_lib_init_lc_common                  0x000002f7   Thumb Code     0  libinit2.o(.ARM.Collect$$libinit$$0000000D)
    __rt_lib_init_rand_1                     0x000002f7   Thumb Code     0  libinit2.o(.ARM.Collect$$libinit$$0000000C)
    __rt_lib_init_user_alloc_1               0x000002f7   Thumb Code     0  libinit2.o(.ARM.Collect$$libinit$$0000000A)
    __rt_lib_init_lc_collate_1               0x000002fd   Thumb Code     0  libinit2.o(.ARM.Collect$$libinit$$0000000F)
    __rt_lib_init_lc_ctype_1                 0x000002fd   Thumb Code     0  libinit2.o(.ARM.Collect$$libinit$$00000011)
    __rt_lib_init_lc_monetary_1              0x000002fd   Thumb Code     0  libinit2.o(.ARM.Collect$$libinit$$00000013)
    __rt_lib_init_lc_numeric_2               0x000002fd   Thumb Code     0  libinit2.o(.ARM.Collect$$libinit$$00000014)
    __rt_lib_init_alloca_1                   0x00000307   Thumb Code     0  libinit2.o(.ARM.Collect$$libinit$$0000002C)
    __rt_lib_init_argv_1                     0x00000307   Thumb Code     0  libinit2.o(.ARM.Collect$$libinit$$0000002A)
    __rt_lib_init_atexit_1                   0x00000307   Thumb Code     0  libinit2.o(.ARM.Collect$$libinit$$00000019)
    __rt_lib_init_clock_1                    0x00000307   Thumb Code     0  libinit2.o(.ARM.Collect$$libinit$$0000001F)
    __rt_lib_init_cpp_1                      0x00000307   Thumb Code     0  libinit2.o(.ARM.Collect$$libinit$$00000030)
    __rt_lib_init_exceptions_1               0x00000307   Thumb Code     0  libinit2.o(.ARM.Collect$$libinit$$0000002E)
    __rt_lib_init_fp_trap_1                  0x00000307   Thumb Code     0  libinit2.o(.ARM.Collect$$libinit$$0000001D)
    __rt_lib_init_getenv_1                   0x00000307   Thumb Code     0  libinit2.o(.ARM.Collect$$libinit$$00000021)
    __rt_lib_init_lc_numeric_1               0x00000307   Thumb Code     0  libinit2.o(.ARM.Collect$$libinit$$00000015)
    __rt_lib_init_lc_time_1                  0x00000307   Thumb Code     0  libinit2.o(.ARM.Collect$$libinit$$00000017)
    __rt_lib_init_return                     0x00000307   Thumb Code     0  libinit2.o(.ARM.Collect$$libinit$$00000031)
    __rt_lib_init_signal_1                   0x00000307   Thumb Code     0  libinit2.o(.ARM.Collect$$libinit$$0000001B)
    __rt_lib_init_stdio_1                    0x00000307   Thumb Code     0  libinit2.o(.ARM.Collect$$libinit$$00000023)
    __rt_lib_shutdown                        0x00000309   Thumb Code     0  libshutdown.o(.ARM.Collect$$libshutdown$$00000000)
    __rt_lib_shutdown_fp_trap_1              0x0000030b   Thumb Code     0  libshutdown2.o(.ARM.Collect$$libshutdown$$00000006)
    __rt_lib_shutdown_heap_1                 0x0000030b   Thumb Code     0  libshutdown2.o(.ARM.Collect$$libshutdown$$0000000E)
    __rt_lib_shutdown_return                 0x0000030b   Thumb Code     0  libshutdown2.o(.ARM.Collect$$libshutdown$$0000000F)
    __rt_lib_shutdown_signal_1               0x0000030b   Thumb Code     0  libshutdown2.o(.ARM.Collect$$libshutdown$$00000009)
    __rt_lib_shutdown_stdio_1                0x0000030b   Thumb Code     0  libshutdown2.o(.ARM.Collect$$libshutdown$$00000003)
    __rt_lib_shutdown_user_alloc_1           0x0000030b   Thumb Code     0  libshutdown2.o(.ARM.Collect$$libshutdown$$0000000B)
    __rt_entry                               0x0000030d   Thumb Code     0  rtentry.o(.ARM.Collect$$rtentry$$00000000)
    __rt_entry_presh_1                       0x0000030d   Thumb Code     0  rtentry2.o(.ARM.Collect$$rtentry$$00000002)
    __rt_entry_sh                            0x0000030d   Thumb Code     0  rtentry4.o(.ARM.Collect$$rtentry$$00000004)
    __rt_entry_li                            0x00000313   Thumb Code     0  rtentry2.o(.ARM.Collect$$rtentry$$0000000A)
    __rt_entry_postsh_1                      0x00000313   Thumb Code     0  rtentry2.o(.ARM.Collect$$rtentry$$00000009)
    __rt_entry_main                          0x00000317   Thumb Code     0  rtentry2.o(.ARM.Collect$$rtentry$$0000000D)
    __rt_entry_postli_1                      0x00000317   Thumb Code     0  rtentry2.o(.ARM.Collect$$rtentry$$0000000C)
    __rt_exit                                0x0000031f   Thumb Code     0  rtexit.o(.ARM.Collect$$rtexit$$00000000)
    __rt_exit_ls                             0x00000321   Thumb Code     0  rtexit2.o(.ARM.Collect$$rtexit$$00000003)
    __rt_exit_prels_1                        0x00000321   Thumb Code     0  rtexit2.o(.ARM.Collect$$rtexit$$00000002)
    __rt_exit_exit                           0x00000325   Thumb Code     0  rtexit2.o(.ARM.Collect$$rtexit$$00000004)
    DisableInterrupts                        0x0000032d   Thumb Code     0  startup_tm4c123.o(.text)
    EnableInterrupts                         0x00000331   Thumb Code     0  startup_tm4c123.o(.text)
    EnablePriorityInterrupts                 0x00000335   Thumb Code     0  startup_tm4c123.o(.text)
    WaitForInterrupt                         0x0000033f   Thumb Code     0  startup_tm4c123.o(.text)
    Reset_Handler                            0x00000343   Thumb Code     8  startup_tm4c123.o(.text)
    NMI_Handler                              0x0000034b   Thumb Code     2  startup_tm4c123.o(.text)
    HardFault_Handler                        0x0000034d   Thumb Code     2  startup_tm4c123.o(.text)
    MemManage_Handler                        0x0000034f   Thumb Code     2  startup_tm4c123.o(.text)
    BusFault_Handler                         0x00000351   Thumb Code     2  startup_tm4c123.o(.text)
    UsageFault_Handler                       0x00000353   Thumb Code     2  startup_tm4c123.o(.text)
    SVC_Handler                              0x00000355   Thumb Code     2  startup_tm4c123.o(.text)
    DebugMon_Handler                         0x00000357   Thumb Code     2  startup_tm4c123.o(.text)
    PendSV_Handler                           0x00000359   Thumb Code     2  startup_tm4c123.o(.text)
    SysTick_Handler                          0x0000035b   Thumb Code     2  startup_tm4c123.o(.text)
    GPIOA_Handler                            0x0000035d   Thumb Code     2  startup_tm4c123.o(.text)
    GPIOB_Handler                            0x0000035f   Thumb Code     2  startup_tm4c123.o(.text)
    GPIOC_Handler                            0x00000361   Thumb Code     2  startup_tm4c123.o(.text)
    GPIOD_Handler                            0x00000363   Thumb Code     2  startup_tm4c123.o(.text)
    GPIOE_Handler                            0x00000365   Thumb Code     2  startup_tm4c123.o(.text)
    UART0_Handler                            0x00000367   Thumb Code     2  startup_tm4c123.o(.text)
    UART1_Handler                            0x00000369   Thumb Code     2  startup_tm4c123.o(.text)
    SSI0_Handler                             0x0000036b   Thumb Code     2  startup_tm4c123.o(.text)
    I2C0_Handler                             0x0000036d   Thumb Code     2  startup_tm4c123.o(.text)
    PMW0_FAULT_Handler                       0x0000036f   Thumb Code     2  startup_tm4c123.o(.text)
    PWM0_0_Handler                           0x00000371   Thumb Code     2  startup_tm4c123.o(.text)
    PWM0_1_Handler                           0x00000373   Thumb Code     2  startup_tm4c123.o(.text)
    PWM0_2_Handler                           0x00000375   Thumb Code     2  startup_tm4c123.o(.text)
    QEI0_Handler                             0x00000377   Thumb Code     2  startup_tm4c123.o(.text)
    ADC0SS0_Handler                          0x00000379   Thumb Code     2  startup_tm4c123.o(.text)
    ADC0SS1_Handler                          0x0000037b   Thumb Code     2  startup_tm4c123.o(.text)
    ADC0SS2_Handler                          0x0000037d   Thumb Code     2  startup_tm4c123.o(.text)
    ADC0SS3_Handler                          0x0000037f   Thumb Code     2  startup_tm4c123.o(.text)
    WDT0_Handler                             0x00000381   Thumb Code     2  startup_tm4c123.o(.text)
    TIMER0A_Handler                          0x00000383   Thumb Code     2  startup_tm4c123.o(.text)
    TIMER0B_Handler                          0x00000385   Thumb Code     2  startup_tm4c123.o(.text)
    TIMER1B_Handler                          0x00000389   Thumb Code     2  startup_tm4c123.o(.text)
    TIMER2A_Handler                          0x0000038b   Thumb Code     2  startup_tm4c123.o(.text)
    TIMER2B_Handler                          0x0000038d   Thumb Code     2  startup_tm4c123.o(.text)
    COMP0_Handler                            0x0000038f   Thumb Code     2  startup_tm4c123.o(.text)
    COMP1_Handler                            0x00000391   Thumb Code     2  startup_tm4c123.o(.text)
    COMP2_Handler                            0x00000393   Thumb Code     2  startup_tm4c123.o(.text)
    SYSCTL_Handler                           0x00000395   Thumb Code     2  startup_tm4c123.o(.text)
    FLASH_Handler                            0x00000397   Thumb Code     2  startup_tm4c123.o(.text)
    GPIOG_Handler                            0x0000039b   Thumb Code     2  startup_tm4c123.o(.text)
    GPIOH_Handler                            0x0000039d   Thumb Code     2  startup_tm4c123.o(.text)
    UART2_Handler                            0x0000039f   Thumb Code     2  startup_tm4c123.o(.text)
    SSI1_Handler                             0x000003a1   Thumb Code     2  startup_tm4c123.o(.text)
    TIMER3A_Handler                          0x000003a3   Thumb Code     2  startup_tm4c123.o(.text)
    TIMER3B_Handler                          0x000003a5   Thumb Code     2  startup_tm4c123.o(.text)
    I2C1_Handler                             0x000003a7   Thumb Code     2  startup_tm4c123.o(.text)
    QEI1_Handler                             0x000003a9   Thumb Code     2  startup_tm4c123.o(.text)
    CAN0_Handler                             0x000003ab   Thumb Code     2  startup_tm4c123.o(.text)
    CAN1_Handler                             0x000003ad   Thumb Code     2  startup_tm4c123.o(.text)
    CAN2_Handler                             0x000003af   Thumb Code     2  startup_tm4c123.o(.text)
    HIB_Handler                              0x000003b1   Thumb Code     2  startup_tm4c123.o(.text)
    USB0_Handler                             0x000003b3   Thumb Code     2  startup_tm4c123.o(.text)
    PWM0_3_Handler                           0x000003b5   Thumb Code     2  startup_tm4c123.o(.text)
    UDMA_Handler                             0x000003b7   Thumb Code     2  startup_tm4c123.o(.text)
    UDMAERR_Handler                          0x000003b9   Thumb Code     2  startup_tm4c123.o(.text)
    ADC1SS0_Handler                          0x000003bb   Thumb Code     2  startup_tm4c123.o(.text)
    ADC1SS1_Handler                          0x000003bd   Thumb Code     2  startup_tm4c123.o(.text)
    ADC1SS2_Handler                          0x000003bf   Thumb Code     2  startup_tm4c123.o(.text)
    ADC1SS3_Handler                          0x000003c1   Thumb Code     2  startup_tm4c123.o(.text)
    GPIOJ_Handler                            0x000003c3   Thumb Code     2  startup_tm4c123.o(.text)
    GPIOK_Handler                            0x000003c5   Thumb Code     2  startup_tm4c123.o(.text)
    GPIOL_Handler                            0x000003c7   Thumb Code     2  startup_tm4c123.o(.text)
    SSI2_Handler                             0x000003c9   Thumb Code     2  startup_tm4c123.o(.text)
    SSI3_Handler                             0x000003cb   Thumb Code     2  startup_tm4c123.o(.text)
    UART3_Handler                            0x000003cd   Thumb Code     2  startup_tm4c123.o(.text)
    UART4_Handler                            0x000003cf   Thumb Code     2  startup_tm4c123.o(.text)
    UART5_Handler                            0x000003d1   Thumb Code     2  startup_tm4c123.o(.text)
    UART6_Handler                            0x000003d3   Thumb Code     2  startup_tm4c123.o(.text)
    UART7_Handler                            0x000003d5   Thumb Code     2  startup_tm4c123.o(.text)
    I2C2_Handler                             0x000003d7   Thumb Code     2  startup_tm4c123.o(.text)
    I2C3_Handler                             0x000003d9   Thumb Code     2  startup_tm4c123.o(.text)
    TIMER4A_Handler                          0x000003db   Thumb Code     2  startup_tm4c123.o(.text)
    TIMER4B_Handler                          0x000003dd   Thumb Code     2  startup_tm4c123.o(.text)
    TIMER5A_Handler                          0x000003df   Thumb Code     2  startup_tm4c123.o(.text)
    TIMER5B_Handler                          0x000003e1   Thumb Code     2  startup_tm4c123.o(.text)
    WTIMER0A_Handler                         0x000003e3   Thumb Code     2  startup_tm4c123.o(.text)
    WTIMER0B_Handler                         0x000003e5   Thumb Code     2  startup_tm4c123.o(.text)
    WTIMER1A_Handler                         0x000003e7   Thumb Code     2  startup_tm4c123.o(.text)
    WTIMER1B_Handler                         0x000003e9   Thumb Code     2  startup_tm4c123.o(.text)
    WTIMER2A_Handler                         0x000003eb   Thumb Code     2  startup_tm4c123.o(.text)
    WTIMER2B_Handler                         0x000003ed   Thumb Code     2  startup_tm4c123.o(.text)
    WTIMER3A_Handler                         0x000003ef   Thumb Code     2  startup_tm4c123.o(.text)
    WTIMER3B_Handler                         0x000003f1   Thumb Code     2  startup_tm4c123.o(.text)
    WTIMER4A_Handler                         0x000003f3   Thumb Code     2  startup_tm4c123.o(.text)
    WTIMER4B_Handler                         0x000003f5   Thumb Code     2  startup_tm4c123.o(.text)
    WTIMER5A_Handler                         0x000003f7   Thumb Code     2  startup_tm4c123.o(.text)
    WTIMER5B_Handler                         0x000003f9   Thumb Code     2  startup_tm4c123.o(.text)
    FPU_Handler                              0x000003fb   Thumb Code     2  startup_tm4c123.o(.text)
    I2C4_Handler                             0x000003fd   Thumb Code     2  startup_tm4c123.o(.text)
    I2C5_Handler                             0x000003ff   Thumb Code     2  startup_tm4c123.o(.text)
    GPIOM_Handler                            0x00000401   Thumb Code     2  startup_tm4c123.o(.text)
    GPION_Handler                            0x00000403   Thumb Code     2  startup_tm4c123.o(.text)
    QEI2_Handler                             0x00000405   Thumb Code     2  startup_tm4c123.o(.text)
    GPIOP0_Handler                           0x00000407   Thumb Code     2  startup_tm4c123.o(.text)
    GPIOP1_Handler                           0x00000409   Thumb Code     2  startup_tm4c123.o(.text)
    GPIOP2_Handler                           0x0000040b   Thumb Code     2  startup_tm4c123.o(.text)
    GPIOP3_Handler                           0x0000040d   Thumb Code     2  startup_tm4c123.o(.text)
    GPIOP4_Handler                           0x0000040f   Thumb Code     2  startup_tm4c123.o(.text)
    GPIOP5_Handler                           0x00000411   Thumb Code     2  startup_tm4c123.o(.text)
    GPIOP6_Handler                           0x00000413   Thumb Code     2  startup_tm4c123.o(.text)
    GPIOP7_Handler                           0x00000415   Thumb Code     2  startup_tm4c123.o(.text)
    GPIOQ0_Handler                           0x00000417   Thumb Code     2  startup_tm4c123.o(.text)
    GPIOQ1_Handler                           0x00000419   Thumb Code     2  startup_tm4c123.o(.text)
    GPIOQ2_Handler                           0x0000041b   Thumb Code     2  startup_tm4c123.o(.text)
    GPIOQ3_Handler                           0x0000041d   Thumb Code     2  startup_tm4c123.o(.text)
    GPIOQ4_Handler                           0x0000041f   Thumb Code     2  startup_tm4c123.o(.text)
    GPIOQ5_Handler                           0x00000421   Thumb Code     2  startup_tm4c123.o(.text)
    GPIOQ6_Handler                           0x00000423   Thumb Code     2  startup_tm4c123.o(.text)
    GPIOQ7_Handler                           0x00000425   Thumb Code     2  startup_tm4c123.o(.text)
    GPIOR_Handler                            0x00000427   Thumb Code     2  startup_tm4c123.o(.text)
    GPIOS_Handler                            0x00000429   Thumb Code     2  startup_tm4c123.o(.text)
    PMW1_0_Handler                           0x0000042b   Thumb Code     2  startup_tm4c123.o(.text)
    PWM1_1_Handler                           0x0000042d   Thumb Code     2  startup_tm4c123.o(.text)
    PWM1_2_Handler                           0x0000042f   Thumb Code     2  startup_tm4c123.o(.text)
    PWM1_3_Handler                           0x00000431   Thumb Code     2  startup_tm4c123.o(.text)
    PWM1_FAULT_Handler                       0x00000433   Thumb Code     2  startup_tm4c123.o(.text)
    __user_initial_stackheap                 0x00000435   Thumb Code     0  startup_tm4c123.o(.text)
    SystemInit                               0x00000455   Thumb Code    14  mpu6050.o(.text)
    UART0Init                                0x00000463   Thumb Code   180  mpu6050.o(.text)
    UART2Init                                0x00000517   Thumb Code   198  mpu6050.o(.text)
    WifiInit                                 0x000005dd   Thumb Code   284  mpu6050.o(.text)
    GPIOF_Handler                            0x000006f9   Thumb Code    72  mpu6050.o(.text)
    I2C0MInit                                0x00000741   Thumb Code   114  mpu6050.o(.text)
    MPU6050Init                              0x000007b3   Thumb Code    36  mpu6050.o(.text)
    I2C_Receive_Data_14                      0x000007d7   Thumb Code   214  mpu6050.o(.text)
    I2C_Send_Data                            0x000008ad   Thumb Code    80  mpu6050.o(.text)
    UART0Rx                                  0x000008fd   Thumb Code    20  mpu6050.o(.text)
    UART0Tx                                  0x00000911   Thumb Code    18  mpu6050.o(.text)
    UART2Rx                                  0x00000923   Thumb Code    20  mpu6050.o(.text)
    UART2Tx                                  0x00000937   Thumb Code    18  mpu6050.o(.text)
    UARTTxString_MPU                         0x00000949   Thumb Code    22  mpu6050.o(.text)
    UARTTxString                             0x0000095f   Thumb Code   100  mpu6050.o(.text)
    UART0TxString                            0x000009c3   Thumb Code    44  mpu6050.o(.text)
    UARTRxString                             0x000009ef   Thumb Code    62  mpu6050.o(.text)
    Timer_Init                               0x00000a2d   Thumb Code   144  mpu6050.o(.text)
    GPIO_Init                                0x00000abd   Thumb Code    42  mpu6050.o(.text)
    TIMER1A_Handler                          0x00000ae7   Thumb Code     8  mpu6050.o(.text)
    Delay                                    0x00000aef   Thumb Code    14  mpu6050.o(.text)
    main                                     0x00000afd   Thumb Code  2614  mpu6050.o(.text)
    __2sprintf                               0x0000158d   Thumb Code    34  noretval__2sprintf.o(.text)
    __printf                                 0x000015b5   Thumb Code   104  __printf.o(.text)
    __use_two_region_memory                  0x0000161d   Thumb Code     2  heapauxi.o(.text)
    __rt_heap_escrow$2region                 0x0000161f   Thumb Code     2  heapauxi.o(.text)
    __rt_heap_expand$2region                 0x00001621   Thumb Code     2  heapauxi.o(.text)
    __lib_sel_fp_printf                      0x00001623   Thumb Code     2  _printf_fp_dec.o(.text)
    _printf_fp_dec_real                      0x000017cf   Thumb Code   628  _printf_fp_dec.o(.text)
    _printf_char_common                      0x00001a4f   Thumb Code    32  _printf_char_common.o(.text)
    _sputc                                   0x00001a75   Thumb Code    10  _sputc.o(.text)
    __rt_locale                              0x00001a81   Thumb Code     8  rt_locale_intlibspace.o(.text)
    _ll_udiv10                               0x00001a89   Thumb Code   138  lludiv10.o(.text)
    _printf_fp_infnan                        0x00001b15   Thumb Code   112  _printf_fp_infnan.o(.text)
    _btod_etento                             0x00001b95   Thumb Code   222  bigflt0.o(.text)
    __user_libspace                          0x00001c79   Thumb Code     8  libspace.o(.text)
    __user_perproc_libspace                  0x00001c79   Thumb Code     0  libspace.o(.text)
    __user_perthread_libspace                0x00001c79   Thumb Code     0  libspace.o(.text)
    __user_setup_stackheap                   0x00001c81   Thumb Code    74  sys_stackheap_outer.o(.text)
    exit                                     0x00001ccb   Thumb Code    12  exit.o(.text)
    strcmp                                   0x00001cd9   Thumb Code   128  strcmpv7m.o(.text)
    _sys_exit                                0x00001d59   Thumb Code     8  sys_exit.o(.text)
    __I$use$semihosting                      0x00001d65   Thumb Code     0  use_no_semi.o(.text)
    __use_no_semihosting_swi                 0x00001d65   Thumb Code     2  use_no_semi.o(.text)
    __semihosting_library_function           0x00001d67   Thumb Code     0  indicate_semi.o(.text)
    _btod_d2e                                0x00001d67   Thumb Code    62  btod.o(CL$$btod_d2e)
    _d2e_denorm_low                          0x00001da5   Thumb Code    70  btod.o(CL$$btod_d2e_denorm_low)
    _d2e_norm_op1                            0x00001deb   Thumb Code    96  btod.o(CL$$btod_d2e_norm_op1)
    __btod_div_common                        0x00001e4b   Thumb Code   696  btod.o(CL$$btod_div_common)
    _e2e                                     0x00002183   Thumb Code   198  btod.o(CL$$btod_e2e)
    _btod_ediv                               0x00002249   Thumb Code    40  btod.o(CL$$btod_ediv)
    _btod_emul                               0x00002271   Thumb Code    40  btod.o(CL$$btod_emul)
    __btod_mult_common                       0x00002299   Thumb Code   580  btod.o(CL$$btod_mult_common)
    __ARM_fpclassify                         0x000024dd   Thumb Code    48  fpclassify.o(i.__ARM_fpclassify)
    _get_lc_numeric                          0x0000250d   Thumb Code    44  lc_numeric_c.o(locale$$code)
    __aeabi_d2f                              0x00002539   Thumb Code     0  d2f.o(x$fpl$d2f)
    _d2f                                     0x00002539   Thumb Code    98  d2f.o(x$fpl$d2f)
    __fpl_dcmp_Inf                           0x0000259b   Thumb Code    24  dcmpi.o(x$fpl$dcmpinf)
    __aeabi_ddiv                             0x000025b5   Thumb Code     0  ddiv.o(x$fpl$ddiv)
    _ddiv                                    0x000025b5   Thumb Code   552  ddiv.o(x$fpl$ddiv)
    __aeabi_i2d                              0x00002865   Thumb Code     0  dflt_clz.o(x$fpl$dflt)
    _dflt                                    0x00002865   Thumb Code    46  dflt_clz.o(x$fpl$dflt)
    __aeabi_cdcmple                          0x00002895   Thumb Code     0  dleqf.o(x$fpl$dleqf)
    _dcmple                                  0x00002895   Thumb Code   120  dleqf.o(x$fpl$dleqf)
    __fpl_dcmple_InfNaN                      0x000028f7   Thumb Code     0  dleqf.o(x$fpl$dleqf)
    __fpl_dnaninf                            0x0000290d   Thumb Code   156  dnaninf.o(x$fpl$dnaninf)
    __fpl_dretinf                            0x000029a9   Thumb Code    12  dretinf.o(x$fpl$dretinf)
    __aeabi_cdrcmple                         0x000029b5   Thumb Code     0  drleqf.o(x$fpl$drleqf)
    _drcmple                                 0x000029b5   Thumb Code   108  drleqf.o(x$fpl$drleqf)
    __aeabi_f2d                              0x00002a21   Thumb Code     0  f2d.o(x$fpl$f2d)
    _f2d                                     0x00002a21   Thumb Code    86  f2d.o(x$fpl$f2d)
    __fpl_fnaninf                            0x00002a77   Thumb Code   140  fnaninf.o(x$fpl$fnaninf)
    _fp_init                                 0x00002b03   Thumb Code    10  fpinit.o(x$fpl$fpinit)
    __fplib_config_fpu_vfp                   0x00002b0b   Thumb Code     0  fpinit.o(x$fpl$fpinit)
    __fplib_config_pureend_doubles           0x00002b0b   Thumb Code     0  fpinit.o(x$fpl$fpinit)
    __fpl_fretinf                            0x00002b0d   Thumb Code    10  fretinf.o(x$fpl$fretinf)
    _printf_fp_dec                           0x00002b17   Thumb Code     4  printf1.o(x$fpl$printf1)
    __I$use$fp                               0x00002b1a   Number         0  usenofp.o(x$fpl$usenofp)
    Region$$Table$$Base                      0x00002bb0   Number         0  anon$$obj.o(Region$$Table)
    Region$$Table$$Limit                     0x00002bd0   Number         0  anon$$obj.o(Region$$Table)
    i2                                       0x20000000   Data           4  mpu6050.o(.data)
    count                                    0x20000004   Data           4  mpu6050.o(.data)
    buffer2                                  0x20000008   Data        1000  mpu6050.o(.bss)
    buffer                                   0x200003f0   Data          14  mpu6050.o(.bss)
    __libspace_start                         0x20000400   Data          96  libspace.o(.bss)
    __temporary_stack_top$libspace           0x20000460   Data           0  libspace.o(.bss)



==============================================================================

Memory Map of the image

  Image Entry point : 0x00000343

  Load Region LR_1 (Base: 0x00000000, Size: 0x00002bf4, Max: 0xffffffff, ABSOLUTE)

    Execution Region ER_RO (Base: 0x00000000, Size: 0x00002bec, Max: 0xffffffff, ABSOLUTE)

    Base Addr    Size         Type   Attr      Idx    E Section Name        Object

    0x00000000   0x0000026c   Data   RO            3    RESET               startup_tm4c123.o
    0x0000026c   0x00000008   Code   RO          104  * !!!main             c_w.l(__main.o)
    0x00000274   0x00000034   Code   RO          341    !!!scatter          c_w.l(__scatter.o)
    0x000002a8   0x0000001a   Code   RO          343    !!handler_copy      c_w.l(__scatter_copy.o)
    0x000002c2   0x00000002   PAD
    0x000002c4   0x0000001c   Code   RO          345    !!handler_zi        c_w.l(__scatter_zi.o)
    0x000002e0   0x00000000   Code   RO          101    .ARM.Collect$$_printf_percent$$00000000  c_w.l(_printf_percent.o)
    0x000002e0   0x00000006   Code   RO           99    .ARM.Collect$$_printf_percent$$00000003  c_w.l(_printf_f.o)
    0x000002e6   0x00000006   Code   RO          100    .ARM.Collect$$_printf_percent$$00000005  c_w.l(_printf_g.o)
    0x000002ec   0x00000004   Code   RO          133    .ARM.Collect$$_printf_percent$$00000017  c_w.l(_printf_percent_end.o)
    0x000002f0   0x00000002   Code   RO          217    .ARM.Collect$$libinit$$00000000  c_w.l(libinit.o)
    0x000002f2   0x00000004   Code   RO          218    .ARM.Collect$$libinit$$00000001  c_w.l(libinit2.o)
    0x000002f6   0x00000000   Code   RO          222    .ARM.Collect$$libinit$$00000008  c_w.l(libinit2.o)
    0x000002f6   0x00000000   Code   RO          224    .ARM.Collect$$libinit$$0000000A  c_w.l(libinit2.o)
    0x000002f6   0x00000000   Code   RO          226    .ARM.Collect$$libinit$$0000000C  c_w.l(libinit2.o)
    0x000002f6   0x00000006   Code   RO          227    .ARM.Collect$$libinit$$0000000D  c_w.l(libinit2.o)
    0x000002fc   0x00000000   Code   RO          229    .ARM.Collect$$libinit$$0000000F  c_w.l(libinit2.o)
    0x000002fc   0x00000000   Code   RO          231    .ARM.Collect$$libinit$$00000011  c_w.l(libinit2.o)
    0x000002fc   0x00000000   Code   RO          233    .ARM.Collect$$libinit$$00000013  c_w.l(libinit2.o)
    0x000002fc   0x0000000a   Code   RO          234    .ARM.Collect$$libinit$$00000014  c_w.l(libinit2.o)
    0x00000306   0x00000000   Code   RO          235    .ARM.Collect$$libinit$$00000015  c_w.l(libinit2.o)
    0x00000306   0x00000000   Code   RO          237    .ARM.Collect$$libinit$$00000017  c_w.l(libinit2.o)
    0x00000306   0x00000000   Code   RO          239    .ARM.Collect$$libinit$$00000019  c_w.l(libinit2.o)
    0x00000306   0x00000000   Code   RO          241    .ARM.Collect$$libinit$$0000001B  c_w.l(libinit2.o)
    0x00000306   0x00000000   Code   RO          243    .ARM.Collect$$libinit$$0000001D  c_w.l(libinit2.o)
    0x00000306   0x00000000   Code   RO          245    .ARM.Collect$$libinit$$0000001F  c_w.l(libinit2.o)
    0x00000306   0x00000000   Code   RO          247    .ARM.Collect$$libinit$$00000021  c_w.l(libinit2.o)
    0x00000306   0x00000000   Code   RO          249    .ARM.Collect$$libinit$$00000023  c_w.l(libinit2.o)
    0x00000306   0x00000000   Code   RO          253    .ARM.Collect$$libinit$$0000002A  c_w.l(libinit2.o)
    0x00000306   0x00000000   Code   RO          255    .ARM.Collect$$libinit$$0000002C  c_w.l(libinit2.o)
    0x00000306   0x00000000   Code   RO          257    .ARM.Collect$$libinit$$0000002E  c_w.l(libinit2.o)
    0x00000306   0x00000000   Code   RO          259    .ARM.Collect$$libinit$$00000030  c_w.l(libinit2.o)
    0x00000306   0x00000002   Code   RO          260    .ARM.Collect$$libinit$$00000031  c_w.l(libinit2.o)
    0x00000308   0x00000002   Code   RO          290    .ARM.Collect$$libshutdown$$00000000  c_w.l(libshutdown.o)
    0x0000030a   0x00000000   Code   RO          302    .ARM.Collect$$libshutdown$$00000003  c_w.l(libshutdown2.o)
    0x0000030a   0x00000000   Code   RO          305    .ARM.Collect$$libshutdown$$00000006  c_w.l(libshutdown2.o)
    0x0000030a   0x00000000   Code   RO          308    .ARM.Collect$$libshutdown$$00000009  c_w.l(libshutdown2.o)
    0x0000030a   0x00000000   Code   RO          310    .ARM.Collect$$libshutdown$$0000000B  c_w.l(libshutdown2.o)
    0x0000030a   0x00000000   Code   RO          313    .ARM.Collect$$libshutdown$$0000000E  c_w.l(libshutdown2.o)
    0x0000030a   0x00000002   Code   RO          314    .ARM.Collect$$libshutdown$$0000000F  c_w.l(libshutdown2.o)
    0x0000030c   0x00000000   Code   RO          126    .ARM.Collect$$rtentry$$00000000  c_w.l(rtentry.o)
    0x0000030c   0x00000000   Code   RO          146    .ARM.Collect$$rtentry$$00000002  c_w.l(rtentry2.o)
    0x0000030c   0x00000006   Code   RO          158    .ARM.Collect$$rtentry$$00000004  c_w.l(rtentry4.o)
    0x00000312   0x00000000   Code   RO          148    .ARM.Collect$$rtentry$$00000009  c_w.l(rtentry2.o)
    0x00000312   0x00000004   Code   RO          149    .ARM.Collect$$rtentry$$0000000A  c_w.l(rtentry2.o)
    0x00000316   0x00000000   Code   RO          151    .ARM.Collect$$rtentry$$0000000C  c_w.l(rtentry2.o)
    0x00000316   0x00000008   Code   RO          152    .ARM.Collect$$rtentry$$0000000D  c_w.l(rtentry2.o)
    0x0000031e   0x00000002   Code   RO          261    .ARM.Collect$$rtexit$$00000000  c_w.l(rtexit.o)
    0x00000320   0x00000000   Code   RO          268    .ARM.Collect$$rtexit$$00000002  c_w.l(rtexit2.o)
    0x00000320   0x00000004   Code   RO          269    .ARM.Collect$$rtexit$$00000003  c_w.l(rtexit2.o)
    0x00000324   0x00000006   Code   RO          270    .ARM.Collect$$rtexit$$00000004  c_w.l(rtexit2.o)
    0x0000032a   0x00000002   PAD
    0x0000032c   0x00000128   Code   RO            4  * .text               startup_tm4c123.o
    0x00000454   0x00001138   Code   RO           12    .text               mpu6050.o
    0x0000158c   0x00000028   Code   RO           75    .text               c_w.l(noretval__2sprintf.o)
    0x000015b4   0x00000068   Code   RO           77    .text               c_w.l(__printf.o)
    0x0000161c   0x00000006   Code   RO          102    .text               c_w.l(heapauxi.o)
    0x00001622   0x00000420   Code   RO          127    .text               c_w.l(_printf_fp_dec.o)
    0x00001a42   0x00000002   PAD
    0x00001a44   0x00000030   Code   RO          129    .text               c_w.l(_printf_char_common.o)
    0x00001a74   0x0000000a   Code   RO          131    .text               c_w.l(_sputc.o)
    0x00001a7e   0x00000002   PAD
    0x00001a80   0x00000008   Code   RO          163    .text               c_w.l(rt_locale_intlibspace.o)
    0x00001a88   0x0000008a   Code   RO          165    .text               c_w.l(lludiv10.o)
    0x00001b12   0x00000002   PAD
    0x00001b14   0x00000080   Code   RO          167    .text               c_w.l(_printf_fp_infnan.o)
    0x00001b94   0x000000e4   Code   RO          171    .text               c_w.l(bigflt0.o)
    0x00001c78   0x00000008   Code   RO          203    .text               c_w.l(libspace.o)
    0x00001c80   0x0000004a   Code   RO          206    .text               c_w.l(sys_stackheap_outer.o)
    0x00001cca   0x0000000c   Code   RO          208    .text               c_w.l(exit.o)
    0x00001cd6   0x00000002   PAD
    0x00001cd8   0x00000080   Code   RO          210    .text               c_w.l(strcmpv7m.o)
    0x00001d58   0x0000000c   Code   RO          280    .text               c_w.l(sys_exit.o)
    0x00001d64   0x00000002   Code   RO          291    .text               c_w.l(use_no_semi.o)
    0x00001d66   0x00000000   Code   RO          293    .text               c_w.l(indicate_semi.o)
    0x00001d66   0x0000003e   Code   RO          174    CL$$btod_d2e        c_w.l(btod.o)
    0x00001da4   0x00000046   Code   RO          176    CL$$btod_d2e_denorm_low  c_w.l(btod.o)
    0x00001dea   0x00000060   Code   RO          175    CL$$btod_d2e_norm_op1  c_w.l(btod.o)
    0x00001e4a   0x00000338   Code   RO          184    CL$$btod_div_common  c_w.l(btod.o)
    0x00002182   0x000000c6   Code   RO          181    CL$$btod_e2e        c_w.l(btod.o)
    0x00002248   0x00000028   Code   RO          178    CL$$btod_ediv       c_w.l(btod.o)
    0x00002270   0x00000028   Code   RO          177    CL$$btod_emul       c_w.l(btod.o)
    0x00002298   0x00000244   Code   RO          183    CL$$btod_mult_common  c_w.l(btod.o)
    0x000024dc   0x00000030   Code   RO          201    i.__ARM_fpclassify  m_wm.l(fpclassify.o)
    0x0000250c   0x0000002c   Code   RO          197    locale$$code        c_w.l(lc_numeric_c.o)
    0x00002538   0x00000062   Code   RO          106    x$fpl$d2f           fz_wm.l(d2f.o)
    0x0000259a   0x00000018   Code   RO          134    x$fpl$dcmpinf       fz_wm.l(dcmpi.o)
    0x000025b2   0x00000002   PAD
    0x000025b4   0x000002b0   Code   RO          109    x$fpl$ddiv          fz_wm.l(ddiv.o)
    0x00002864   0x0000002e   Code   RO          113    x$fpl$dflt          fz_wm.l(dflt_clz.o)
    0x00002892   0x00000002   PAD
    0x00002894   0x00000078   Code   RO          118    x$fpl$dleqf         fz_wm.l(dleqf.o)
    0x0000290c   0x0000009c   Code   RO          136    x$fpl$dnaninf       fz_wm.l(dnaninf.o)
    0x000029a8   0x0000000c   Code   RO          138    x$fpl$dretinf       fz_wm.l(dretinf.o)
    0x000029b4   0x0000006c   Code   RO          120    x$fpl$drleqf        fz_wm.l(drleqf.o)
    0x00002a20   0x00000056   Code   RO          122    x$fpl$f2d           fz_wm.l(f2d.o)
    0x00002a76   0x0000008c   Code   RO          140    x$fpl$fnaninf       fz_wm.l(fnaninf.o)
    0x00002b02   0x0000000a   Code   RO          265    x$fpl$fpinit        fz_wm.l(fpinit.o)
    0x00002b0c   0x0000000a   Code   RO          142    x$fpl$fretinf       fz_wm.l(fretinf.o)
    0x00002b16   0x00000004   Code   RO          124    x$fpl$printf1       fz_wm.l(printf1.o)
    0x00002b1a   0x00000000   Code   RO          144    x$fpl$usenofp       fz_wm.l(usenofp.o)
    0x00002b1a   0x00000002   PAD
    0x00002b1c   0x00000094   Data   RO          172    .constdata          c_w.l(bigflt0.o)
    0x00002bb0   0x00000020   Data   RO          339    Region$$Table       anon$$obj.o
    0x00002bd0   0x0000001c   Data   RO          196    locale$$data        c_w.l(lc_numeric_c.o)


    Execution Region ER_RW (Base: 0x20000000, Size: 0x00000008, Max: 0xffffffff, ABSOLUTE)

    Base Addr    Size         Type   Attr      Idx    E Section Name        Object

    0x20000000   0x00000008   Data   RW           14    .data               mpu6050.o


    Execution Region ER_ZI (Base: 0x20000008, Size: 0x00000658, Max: 0xffffffff, ABSOLUTE)

    Base Addr    Size         Type   Attr      Idx    E Section Name        Object

    0x20000008   0x000003f6   Zero   RW           13    .bss                mpu6050.o
    0x200003fe   0x00000002   PAD
    0x20000400   0x00000060   Zero   RW          204    .bss                c_w.l(libspace.o)
    0x20000460   0x00000000   Zero   RW            2    HEAP                startup_tm4c123.o
    0x20000460   0x00000200   Zero   RW            1    STACK               startup_tm4c123.o


==============================================================================

Image component sizes


      Code (inc. data)   RO Data    RW Data    ZI Data      Debug   Object Name

      4408        564          0          8       1014      59286   mpu6050.o
       296         22        620          0        512       5372   startup_tm4c123.o

    ----------------------------------------------------------------------
      4704        586        652          8       1528      64658   Object Totals
         0          0         32          0          0          0   (incl. Generated)
         0          0          0          0          2          0   (incl. Padding)

    ----------------------------------------------------------------------

      Code (inc. data)   RO Data    RW Data    ZI Data      Debug   Library Member Name

         8          0          0          0          0         68   __main.o
       104          0          0          0          0         84   __printf.o
        52          8          0          0          0          0   __scatter.o
        26          0          0          0          0          0   __scatter_copy.o
        28          0          0          0          0          0   __scatter_zi.o
        48          6          0          0          0         96   _printf_char_common.o
         6          0          0          0          0          0   _printf_f.o
      1056          0          0          0          0        216   _printf_fp_dec.o
       128         16          0          0          0         84   _printf_fp_infnan.o
         6          0          0          0          0          0   _printf_g.o
         0          0          0          0          0          0   _printf_percent.o
         4          0          0          0          0          0   _printf_percent_end.o
        10          0          0          0          0         68   _sputc.o
       228          6        148          0          0         96   bigflt0.o
      1910        128          0          0          0        672   btod.o
        12          0          0          0          0         72   exit.o
         6          0          0          0          0        152   heapauxi.o
         0          0          0          0          0          0   indicate_semi.o
        44         10         28          0          0         76   lc_numeric_c.o
         2          0          0          0          0          0   libinit.o
        22          0          0          0          0          0   libinit2.o
         2          0          0          0          0          0   libshutdown.o
         2          0          0          0          0          0   libshutdown2.o
         8          4          0          0         96         68   libspace.o
       138          0          0          0          0         80   lludiv10.o
        40          6          0          0          0         84   noretval__2sprintf.o
         8          4          0          0          0         68   rt_locale_intlibspace.o
         0          0          0          0          0          0   rtentry.o
        12          0          0          0          0          0   rtentry2.o
         6          0          0          0          0          0   rtentry4.o
         2          0          0          0          0          0   rtexit.o
        10          0          0          0          0          0   rtexit2.o
       128          0          0          0          0         68   strcmpv7m.o
        12          4          0          0          0         68   sys_exit.o
        74          0          0          0          0         80   sys_stackheap_outer.o
         2          0          0          0          0         68   use_no_semi.o
        98          4          0          0          0        140   d2f.o
        24          0          0          0          0        116   dcmpi.o
       688        140          0          0          0        256   ddiv.o
        46          0          0          0          0        116   dflt_clz.o
       120          4          0          0          0        140   dleqf.o
       156          4          0          0          0        140   dnaninf.o
        12          0          0          0          0        116   dretinf.o
       108          0          0          0          0        128   drleqf.o
        86          4          0          0          0        132   f2d.o
       140          4          0          0          0        132   fnaninf.o
        10          0          0          0          0        116   fpinit.o
        10          0          0          0          0        116   fretinf.o
         4          0          0          0          0        116   printf1.o
         0          0          0          0          0          0   usenofp.o
        48          0          0          0          0        124   fpclassify.o

    ----------------------------------------------------------------------
      5712        352        176          0         96       4156   Library Totals
        18          0          0          0          0          0   (incl. Padding)

    ----------------------------------------------------------------------

      Code (inc. data)   RO Data    RW Data    ZI Data      Debug   Library Name

      4144        192        176          0         96       2268   c_w.l
      1502        160          0          0          0       1764   fz_wm.l
        48          0          0          0          0        124   m_wm.l

    ----------------------------------------------------------------------
      5712        352        176          0         96       4156   Library Totals

    ----------------------------------------------------------------------

==============================================================================


      Code (inc. data)   RO Data    RW Data    ZI Data      Debug   

     10416        938        828          8       1624      66114   Grand Totals
     10416        938        828          8       1624      66114   ELF Image Totals
     10416        938        828          8          0          0   ROM Totals

==============================================================================

    Total RO  Size (Code + RO Data)                11244 (  10.98kB)
    Total RW  Size (RW Data + ZI Data)              1632 (   1.59kB)
    Total ROM Size (Code + RO Data + RW Data)      11252 (  10.99kB)

==============================================================================

