<html>
<body>
<pre>
<h1>µVision Build Log</h1>
<h2>Project:</h2>
C:\DriveA\Workspaces\Keil\Exp5_Blinky\Green\Green_Blinky.uvproj
Project File Date:  10/13/2023

<h2>Output:</h2>
Rebuild target 'Target 1'
assembling startup_TM4C123.s...
compiling main.c...
linking...
Program Size: Code=684 RO-data=636 RW-data=0 ZI-data=608  
FromELF: creating hex file...
".\Green_Blinky.axf" - 0 Errors, 0 Warning(s).
Load "C:\\DriveA\\Workspaces\\Keil\\Exp5_Blinky\\Green\\Green_Blinky.axf" 
Connecting: Mode=SWD, Speed=1000000Hz
Erase Done.
Programming Done.
Verify OK.
Rebuild target 'Target 1'
assembling startup_TM4C123.s...
compiling main.c...
linking...
Program Size: Code=684 RO-data=636 RW-data=0 ZI-data=608  
FromELF: creating hex file...
".\Green_Blinky.axf" - 0 Errors, 0 Warning(s).
Load "C:\\DriveA\\Workspaces\\Keil\\Exp5_Blinky\\Green\\Green_Blinky.axf" 
Connecting: Mode=SWD, Speed=1000000Hz
Erase Done.
Programming Done.
Verify OK.
Load "C:\\DriveA\\Workspaces\\Keil\\Exp5_Blinky\\Green\\Green_Blinky.axf" 
Connecting: Mode=SWD, Speed=1000000Hz
Erase Done.
Programming Done.
Verify OK.
