ARM Linker, 5.03 [Build 76] [MDK-ARM Lite]

==============================================================================

Section Cross References

    startup_tm4c123.o(STACK) refers (Special) to heapauxi.o(.text) for __use_two_region_memory
    startup_tm4c123.o(HEAP) refers (Special) to heapauxi.o(.text) for __use_two_region_memory
    startup_tm4c123.o(RESET) refers (Special) to heapauxi.o(.text) for __use_two_region_memory
    startup_tm4c123.o(RESET) refers to startup_tm4c123.o(STACK) for __initial_sp
    startup_tm4c123.o(RESET) refers to startup_tm4c123.o(.text) for Reset_Handler
    startup_tm4c123.o(.text) refers (Special) to heapauxi.o(.text) for __use_two_region_memory
    startup_tm4c123.o(.text) refers to ex2-3.o(.text) for SystemInit
    startup_tm4c123.o(.text) refers to startup_tm4c123.o(HEAP) for Heap_Mem
    startup_tm4c123.o(.text) refers to startup_tm4c123.o(STACK) for Stack_Mem
    ex2-3.o(.text) refers to _printf_percent.o(.ARM.Collect$$_printf_percent$$00000000) for _printf_percent
    ex2-3.o(.text) refers to _printf_f.o(.ARM.Collect$$_printf_percent$$00000003) for _printf_f
    ex2-3.o(.text) refers to printf1.o(x$fpl$printf1) for _printf_fp_dec
    ex2-3.o(.text) refers to dflt_clz.o(x$fpl$dflt) for __aeabi_i2d
    ex2-3.o(.text) refers to ddiv.o(x$fpl$ddiv) for __aeabi_ddiv
    ex2-3.o(.text) refers to noretval__2printf.o(.text) for __2printf
    __2printf.o(.text) refers to _printf_char_file.o(.text) for _printf_char_file
    __2printf.o(.text) refers to stdio_streams.o(.bss) for __stdout
    noretval__2printf.o(.text) refers to _printf_char_file.o(.text) for _printf_char_file
    noretval__2printf.o(.text) refers to stdio_streams.o(.bss) for __stdout
    __printf.o(.text) refers to _printf_percent.o(.ARM.Collect$$_printf_percent$$00000000) for _printf_percent
    __printf_flags.o(.text) refers to _printf_percent.o(.ARM.Collect$$_printf_percent$$00000000) for _printf_percent
    __printf_flags.o(.text) refers to __printf_flags.o(.constdata) for .constdata
    __printf_ss.o(.text) refers to _printf_percent.o(.ARM.Collect$$_printf_percent$$00000000) for _printf_percent
    __printf_flags_ss.o(.text) refers to _printf_percent.o(.ARM.Collect$$_printf_percent$$00000000) for _printf_percent
    __printf_flags_ss.o(.text) refers to __printf_flags_ss.o(.constdata) for .constdata
    __printf_wp.o(.text) refers to __printf_wp.o(i._is_digit) for _is_digit
    __printf_wp.o(.text) refers to _printf_percent.o(.ARM.Collect$$_printf_percent$$00000000) for _printf_percent
    __printf_flags_wp.o(.text) refers to __printf_wp.o(i._is_digit) for _is_digit
    __printf_flags_wp.o(.text) refers to _printf_percent.o(.ARM.Collect$$_printf_percent$$00000000) for _printf_percent
    __printf_flags_wp.o(.text) refers to __printf_flags_wp.o(.constdata) for .constdata
    __printf_ss_wp.o(.text) refers to __printf_wp.o(i._is_digit) for _is_digit
    __printf_ss_wp.o(.text) refers to _printf_percent.o(.ARM.Collect$$_printf_percent$$00000000) for _printf_percent
    __printf_flags_ss_wp.o(.text) refers to __printf_wp.o(i._is_digit) for _is_digit
    __printf_flags_ss_wp.o(.text) refers to _printf_percent.o(.ARM.Collect$$_printf_percent$$00000000) for _printf_percent
    __printf_flags_ss_wp.o(.text) refers to __printf_flags_ss_wp.o(.constdata) for .constdata
    _printf_f.o(.ARM.Collect$$_printf_percent$$00000003) refers (Weak) to printf1.o(x$fpl$printf1) for _printf_fp_dec
    _printf_percent.o(.ARM.Collect$$_printf_percent$$00000000) refers (Special) to _printf_percent_end.o(.ARM.Collect$$_printf_percent$$00000017) for _printf_percent_end
    __main.o(!!!main) refers to rtentry.o(.ARM.Collect$$rtentry$$00000000) for __rt_entry
    ddiv.o(x$fpl$drdiv) refers (Special) to usenofp.o(x$fpl$usenofp) for __I$use$fp
    ddiv.o(x$fpl$drdiv) refers to ddiv.o(x$fpl$ddiv) for ddiv_entry
    ddiv.o(x$fpl$ddiv) refers (Special) to usenofp.o(x$fpl$usenofp) for __I$use$fp
    ddiv.o(x$fpl$ddiv) refers to dretinf.o(x$fpl$dretinf) for __fpl_dretinf
    ddiv.o(x$fpl$ddiv) refers to dnaninf.o(x$fpl$dnaninf) for __fpl_dnaninf
    dflt_clz.o(x$fpl$dfltu) refers (Special) to usenofp.o(x$fpl$usenofp) for __I$use$fp
    dflt_clz.o(x$fpl$dflt) refers (Special) to usenofp.o(x$fpl$usenofp) for __I$use$fp
    dflt_clz.o(x$fpl$dfltn) refers (Special) to usenofp.o(x$fpl$usenofp) for __I$use$fp
    printf1.o(x$fpl$printf1) refers to _printf_fp_dec.o(.text) for _printf_fp_dec_real
    rtentry.o(.ARM.Collect$$rtentry$$00000000) refers (Special) to rtentry2.o(.ARM.Collect$$rtentry$$0000000A) for __rt_entry_li
    rtentry.o(.ARM.Collect$$rtentry$$00000000) refers (Special) to rtentry2.o(.ARM.Collect$$rtentry$$0000000D) for __rt_entry_main
    rtentry.o(.ARM.Collect$$rtentry$$00000000) refers (Special) to rtentry2.o(.ARM.Collect$$rtentry$$0000000C) for __rt_entry_postli_1
[...]
    init_alloc.o(.text) refers to h1_extend.o(.text) for __Heap_ProvideMemory
    init_alloc.o(.text) refers to defsig_rtmem_outer.o(.text) for __rt_SIGRTMEM
    init_alloc.o(.text) refers to rt_heap_descriptor_intlibspace.o(.text) for __rt_heap_descriptor
    init_alloc.o(.text) refers to h1_init.o(.text) for __Heap_Initialize
    malloc.o(.text) refers (Special) to hguard.o(.text) for __heap$guard
    malloc.o(.text) refers (Special) to init_alloc.o(.text) for _init_alloc
    malloc.o(.text) refers to rt_heap_descriptor_intlibspace.o(.text) for __rt_heap_descriptor
    malloc.o(.text) refers to heapstubs.o(.text) for __Heap_Alloc
    h1_alloc.o(.text) refers (Special) to h1_init.o(.text) for __Heap_Initialize
    h1_alloc.o(.text) refers to rt_heap_descriptor_intlibspace.o(.text) for __rt_heap_descriptor
    h1_alloc.o(.text) refers to init_alloc.o(.text) for __Heap_Full
    h1_alloc_mt.o(.text) refers (Special) to h1_init.o(.text) for __Heap_Initialize
    h1_alloc_mt.o(.text) refers to init_alloc.o(.text) for __Heap_Full
    h1_alloc_mt.o(.text) refers to rt_heap_descriptor_intlibspace.o(.text) for __rt_heap_descriptor
    _printf_char_file_locked.o(.text) refers to _printf_char_common.o(.text) for _printf_char_common
    _printf_char_file_locked.o(.text) refers to fputc.o(i._fputc$unlocked) for _fputc$unlocked
    fseek.o(.text) refers to sys_io.o(.text) for _sys_istty
    fseek.o(.text) refers to ftell.o(.text) for _ftell_internal
    fseek.o(.text) refers to stdio.o(.text) for _seterr
    stdio.o(.text) refers to sys_io.o(.text) for _sys_seek
    fwritefast.o(.text) refers to stdio.o(.text) for _writebuf
    fwritefast.o(.text) refers to flsbuf.o(.text) for __flsbuf_byte
    fwritefast.o(.text) refers to rt_memcpy_v6.o(.text) for __aeabi_memcpy
    fwritefast_locked.o(.text) refers to stdio.o(.text) for _writebuf
    fwritefast_locked.o(.text) refers to flsbuf.o(.text) for __flsbuf_byte
    fwritefast_locked.o(.text) refers to rt_memcpy_v6.o(.text) for __aeabi_memcpy
    defsig_exit.o(.text) refers to sys_exit.o(.text) for _sys_exit
    defsig_rtred_inner.o(.text) refers to defsig_general.o(.text) for __default_signal_display
    assert_stdio.o(.text) refers to fputs.o(.text) for fputs
    assert_stdio.o(.text) refers to fflush.o(.text) for fflush
    assert_stdio.o(.text) refers to stdio_streams.o(.bss) for __stderr
    argv_veneer.o(.emb_text) refers to no_argv.o(.text) for __ARM_get_argv
    sys_exit.o(.text) refers (Special) to use_no_semi.o(.text) for __I$use$semihosting
    sys_exit.o(.text) refers (Special) to indicate_semi.o(.text) for __semihosting_library_function
    rtexit2.o(.ARM.Collect$$rtexit$$00000003) refers to libshutdown.o(.ARM.Collect$$libshutdown$$00000000) for __rt_lib_shutdown
    rtexit2.o(.ARM.Collect$$rtexit$$00000004) refers to sys_exit.o(.text) for _sys_exit
    rtexit2.o(.ARM.exidx) refers to rtexit2.o(.ARM.Collect$$rtexit$$00000001) for .ARM.Collect$$rtexit$$00000001
    rtexit2.o(.ARM.exidx) refers to rtexit2.o(.ARM.Collect$$rtexit$$00000003) for .ARM.Collect$$rtexit$$00000003
    rtexit2.o(.ARM.exidx) refers to rtexit2.o(.ARM.Collect$$rtexit$$00000004) for .ARM.Collect$$rtexit$$00000004
    maybetermalloc2.o(.emb_text) refers (Special) to term_alloc.o(.text) for _terminate_alloc
    h1_extend.o(.text) refers to h1_free.o(.text) for free
    h1_init_mt.o(.text) refers to mutex_dummy.o(.text) for _mutex_initialize
    h1_extend_mt.o(.text) refers to h1_free_mt.o(.text) for _free_internal
    fflush.o(.text) refers to stdio.o(.text) for _fflush
    fflush.o(.text) refers to fseek.o(.text) for _fseek
    fflush.o(.text) refers to stdio_streams.o(.bss) for __stdin
    fputs.o(.text) refers to fputc.o(i.fputc) for fputc
    ftell.o(.text) refers to rt_errno_addr_intlibspace.o(.text) for __aeabi_errno_addr
    fflush_locked.o(.text) refers to stdio.o(.text) for _fflush
    fflush_locked.o(.text) refers to fseek.o(.text) for _fseek
    fflush_locked.o(.text) refers to fflush.o(.text) for _do_fflush
    fflush_locked.o(.text) refers to streamlock.o(.data) for _stream_list_lock
    fflush_locked.o(.text) refers to stdio_streams.o(.bss) for __stdin
    __raise.o(.text) refers to defsig.o(CL$$defsig) for __default_signal_handler
    defsig_general.o(.text) refers to sys_wrch.o(.text) for _ttywrch
    defsig_rtmem_outer.o(.text) refers to defsig_rtmem_inner.o(.text) for __rt_SIGRTMEM_inner
    defsig_rtmem_outer.o(.text) refers to defsig_exit.o(.text) for __sig_exit
    defsig_rtmem_formal.o(.text) refers to rt_raise.o(.text) for __rt_raise
    rt_memcpy_v6.o(.text) refers to rt_memcpy_w.o(.text) for __aeabi_memcpy4
    heapauxa.o(.text) refers to heapauxa.o(.data) for .data
    _get_argv.o(.text) refers (Special) to hrguard.o(.text) for __heap_region$guard
    _get_argv.o(.text) refers to h1_alloc.o(.text) for malloc
    _get_argv.o(.text) refers to defsig_rtmem_outer.o(.text) for __rt_SIGRTMEM
    _get_argv.o(.text) refers to sys_command.o(.text) for _sys_command_string
    _get_argv_nomalloc.o(.text) refers (Special) to hrguard.o(.text) for __heap_region$guard
    _get_argv_nomalloc.o(.text) refers to defsig_rtmem_outer.o(.text) for __rt_SIGRTMEM
    _get_argv_nomalloc.o(.text) refers to sys_command.o(.text) for _sys_command_string
    sys_wrch.o(.text) refers (Special) to use_no_semi.o(.text) for __I$use$semihosting
    sys_wrch.o(.text) refers (Special) to indicate_semi.o(.text) for __semihosting_library_function
    sys_command.o(.text) refers (Special) to use_no_semi.o(.text) for __I$use$semihosting
    sys_command.o(.text) refers (Special) to indicate_semi.o(.text) for __semihosting_library_function
    rt_errno_addr.o(.text) refers to rt_errno_addr.o(.bss) for __aeabi_errno_addr_data
    rt_errno_addr_intlibspace.o(.text) refers to libspace.o(.bss) for __libspace_start
    term_alloc.o(.text) refers (Special) to libshutdown2.o(.ARM.Collect$$libshutdown$$0000000D) for __rt_lib_shutdown_heap_2
    term_alloc.o(.text) refers to rt_heap_descriptor_intlibspace.o(.text) for __rt_heap_descriptor
    term_alloc.o(.text) refers to h1_final.o(.text) for __Heap_Finalize
    defsig_rtmem_inner.o(.text) refers to defsig_general.o(.text) for __default_signal_display
    defsig.o(CL$$defsig) refers to defsig_rtred_inner.o(.text) for __rt_SIGRTRED_inner
    defsig.o(CL$$defsig) refers to defsig_rtmem_inner.o(.text) for __rt_SIGRTMEM_inner
    libshutdown.o(.ARM.Collect$$libshutdown$$00000000) refers (Special) to libshutdown2.o(.ARM.Collect$$libshutdown$$00000006) for __rt_lib_shutdown_fp_trap_1
    libshutdown.o(.ARM.Collect$$libshutdown$$00000000) refers (Special) to libshutdown2.o(.ARM.Collect$$libshutdown$$0000000E) for __rt_lib_shutdown_heap_1
    libshutdown.o(.ARM.Collect$$libshutdown$$00000000) refers (Special) to libshutdown2.o(.ARM.Collect$$libshutdown$$0000000F) for __rt_lib_shutdown_return
    libshutdown.o(.ARM.Collect$$libshutdown$$00000000) refers (Special) to libshutdown2.o(.ARM.Collect$$libshutdown$$00000009) for __rt_lib_shutdown_signal_1
    libshutdown.o(.ARM.Collect$$libshutdown$$00000000) refers (Special) to libshutdown2.o(.ARM.Collect$$libshutdown$$00000003) for __rt_lib_shutdown_stdio_1
    libshutdown.o(.ARM.Collect$$libshutdown$$00000000) refers (Special) to libshutdown2.o(.ARM.Collect$$libshutdown$$0000000B) for __rt_lib_shutdown_user_alloc_1
    defsig_abrt_inner.o(.text) refers to defsig_general.o(.text) for __default_signal_display
    defsig_fpe_inner.o(.text) refers to defsig_general.o(.text) for __default_signal_display
    defsig_stak_inner.o(.text) refers to defsig_general.o(.text) for __default_signal_display
    defsig_pvfn_inner.o(.text) refers to defsig_general.o(.text) for __default_signal_display
    defsig_cppl_inner.o(.text) refers to defsig_general.o(.text) for __default_signal_display
    defsig_segv_inner.o(.text) refers to defsig_general.o(.text) for __default_signal_display
    defsig_other.o(.text) refers to defsig_general.o(.text) for __default_signal_display


==============================================================================

Image Symbol Table

    Local Symbols

    Symbol Name                              Value     Ov Type        Size  Object(Section)

    RESET                                    0x00000000   Section      620  startup_tm4c123.o(RESET)
    ../clib/angel/boardlib.s                 0x00000000   Number         0  boardshut.o ABSOLUTE
    ../clib/angel/boardlib.s                 0x00000000   Number         0  boardinit3.o ABSOLUTE
    ../clib/angel/boardlib.s                 0x00000000   Number         0  boardinit2.o ABSOLUTE
    ../clib/angel/boardlib.s                 0x00000000   Number         0  boardinit1.o ABSOLUTE
    ../clib/angel/handlers.s                 0x00000000   Number         0  __scatter_copy.o ABSOLUTE
    ../clib/angel/handlers.s                 0x00000000   Number         0  __scatter_zi.o ABSOLUTE
    ../clib/angel/kernel.s                   0x00000000   Number         0  rtexit2.o ABSOLUTE
    ../clib/angel/kernel.s                   0x00000000   Number         0  rtexit.o ABSOLUTE
    ../clib/angel/kernel.s                   0x00000000   Number         0  rtentry4.o ABSOLUTE
    ../clib/angel/kernel.s                   0x00000000   Number         0  rtentry2.o ABSOLUTE
    ../clib/angel/kernel.s                   0x00000000   Number         0  rtentry.o ABSOLUTE
    ../clib/angel/rt.s                       0x00000000   Number         0  rt_raise.o ABSOLUTE
    ../clib/angel/rt.s                       0x00000000   Number         0  rt_locale_intlibspace.o ABSOLUTE
    ../clib/angel/rt.s                       0x00000000   Number         0  rt_heap_descriptor_intlibspace.o ABSOLUTE
    ../clib/angel/rt.s                       0x00000000   Number         0  rt_heap_descriptor.o ABSOLUTE
    ../clib/angel/rt.s                       0x00000000   Number         0  rt_locale.o ABSOLUTE
    ../clib/angel/rt.s                       0x00000000   Number         0  rt_errno_addr_intlibspace.o ABSOLUTE
    ../clib/angel/rt.s                       0x00000000   Number         0  rt_errno_addr.o ABSOLUTE
    ../clib/angel/scatter.s                  0x00000000   Number         0  __scatter.o ABSOLUTE
    ../clib/angel/startup.s                  0x00000000   Number         0  __main.o ABSOLUTE
    ../clib/angel/sys.s                      0x00000000   Number         0  indicate_semi.o ABSOLUTE
    ../clib/angel/sys.s                      0x00000000   Number         0  use_no_semi.o ABSOLUTE
    ../clib/angel/sys.s                      0x00000000   Number         0  libspace.o ABSOLUTE
    ../clib/angel/sys.s                      0x00000000   Number         0  sys_stackheap_outer.o ABSOLUTE
    ../clib/angel/sys.s                      0x00000000   Number         0  mutex_dummy.o ABSOLUTE
    ../clib/angel/sysapp.c                   0x00000000   Number         0  sys_exit.o ABSOLUTE
    ../clib/angel/sysapp.c                   0x00000000   Number         0  sys_io.o ABSOLUTE
    ../clib/angel/sysapp.c                   0x00000000   Number         0  sys_wrch.o ABSOLUTE
    ../clib/angel/sysapp.c                   0x00000000   Number         0  sys_command.o ABSOLUTE
    ../clib/armsys.c                         0x00000000   Number         0  argv_veneer.o ABSOLUTE
    ../clib/armsys.c                         0x00000000   Number         0  _get_argv.o ABSOLUTE
    ../clib/armsys.c                         0x00000000   Number         0  _get_argv_nomalloc.o ABSOLUTE
    ../clib/armsys.c                         0x00000000   Number         0  argv_veneer.o ABSOLUTE
    ../clib/armsys.c                         0x00000000   Number         0  no_argv.o ABSOLUTE
    ../clib/assert.c                         0x00000000   Number         0  assert_stdio.o ABSOLUTE
    ../clib/bigflt.c                         0x00000000   Number         0  bigflt0.o ABSOLUTE
    ../clib/btod.s                           0x00000000   Number         0  btod.o ABSOLUTE
    ../clib/heap1.c                          0x00000000   Number         0  h1_free.o ABSOLUTE
    ../clib/heap1.c                          0x00000000   Number         0  h1_init.o ABSOLUTE
    ../clib/heap1.c                          0x00000000   Number         0  h1_alloc_mt.o ABSOLUTE
    ../clib/heap1.c                          0x00000000   Number         0  h1_final_mt.o ABSOLUTE
    ../clib/heap1.c                          0x00000000   Number         0  h1_alloc.o ABSOLUTE
    ../clib/heap1.c                          0x00000000   Number         0  h1_final.o ABSOLUTE
    ../clib/heap1.c                          0x00000000   Number         0  h1_extend_mt.o ABSOLUTE
    ../clib/heap1.c                          0x00000000   Number         0  h1_init_mt.o ABSOLUTE
    ../clib/heap1.c                          0x00000000   Number         0  h1_extend.o ABSOLUTE
    ../clib/heap1.c                          0x00000000   Number         0  h1_free_mt.o ABSOLUTE
    ../clib/heap2.c                          0x00000000   Number         0  heap2.o ABSOLUTE
    ../clib/heap2.c                          0x00000000   Number         0  fdtree.o ABSOLUTE
    ../clib/heap2.c                          0x00000000   Number         0  heap2mt.o ABSOLUTE
    ../clib/heapalloc.c                      0x00000000   Number         0  maybetermalloc2.o ABSOLUTE
    ../clib/heapalloc.c                      0x00000000   Number         0  free.o ABSOLUTE
    ../clib/heapalloc.c                      0x00000000   Number         0  maybetermalloc1.o ABSOLUTE
    ../clib/heapalloc.c                      0x00000000   Number         0  heapstubs.o ABSOLUTE
    ../clib/heapalloc.c                      0x00000000   Number         0  malloc.o ABSOLUTE
    ../clib/heapalloc.c                      0x00000000   Number         0  maybetermalloc1.o ABSOLUTE
    ../clib/heapalloc.c                      0x00000000   Number         0  init_alloc.o ABSOLUTE
    ../clib/heapalloc.c                      0x00000000   Number         0  hguard.o ABSOLUTE
    ../clib/heapalloc.c                      0x00000000   Number         0  maybetermalloc2.o ABSOLUTE
    ../clib/heapalloc.c                      0x00000000   Number         0  hrguard.o ABSOLUTE
    ../clib/heapalloc.c                      0x00000000   Number         0  term_alloc.o ABSOLUTE
    ../clib/heapaux.c                        0x00000000   Number         0  heapauxi.o ABSOLUTE
    ../clib/heapaux.c                        0x00000000   Number         0  heapauxa.o ABSOLUTE
    ../clib/libinit.s                        0x00000000   Number         0  libinit2.o ABSOLUTE
    ../clib/libinit.s                        0x00000000   Number         0  libshutdown2.o ABSOLUTE
    ../clib/libinit.s                        0x00000000   Number         0  libshutdown.o ABSOLUTE
    ../clib/libinit.s                        0x00000000   Number         0  libinit.o ABSOLUTE
    ../clib/locale.s                         0x00000000   Number         0  lc_numeric_c.o ABSOLUTE
    ../clib/longlong.s                       0x00000000   Number         0  lludiv10.o ABSOLUTE
    ../clib/memcpset.s                       0x00000000   Number         0  strcmpv7m.o ABSOLUTE
    ../clib/memcpset.s                       0x00000000   Number         0  rt_memclr_w.o ABSOLUTE
    ../clib/memcpset.s                       0x00000000   Number         0  rt_memcpy_v6.o ABSOLUTE
    ../clib/memcpset.s                       0x00000000   Number         0  rt_memcpy_w.o ABSOLUTE
    ../clib/printf.c                         0x00000000   Number         0  __printf_nopercent.o ABSOLUTE
    ../clib/printf.c                         0x00000000   Number         0  _printf_fp_infnan.o ABSOLUTE
    ../clib/printf.c                         0x00000000   Number         0  __2printf.o ABSOLUTE
    ../clib/printf.c                         0x00000000   Number         0  noretval__2printf.o ABSOLUTE
    ../clib/printf.c                         0x00000000   Number         0  _printf_char_file_locked.o ABSOLUTE
    ../clib/printf.c                         0x00000000   Number         0  __printf.o ABSOLUTE
    ../clib/printf.c                         0x00000000   Number         0  __printf_flags.o ABSOLUTE
    ../clib/printf.c                         0x00000000   Number         0  __printf_ss.o ABSOLUTE
    ../clib/printf.c                         0x00000000   Number         0  __printf_flags_ss.o ABSOLUTE
    ../clib/printf.c                         0x00000000   Number         0  __printf_wp.o ABSOLUTE
    ../clib/printf.c                         0x00000000   Number         0  __printf_flags_wp.o ABSOLUTE
    ../clib/printf.c                         0x00000000   Number         0  __printf_ss_wp.o ABSOLUTE
    ../clib/printf.c                         0x00000000   Number         0  __printf_flags_ss_wp.o ABSOLUTE
    ../clib/printf.c                         0x00000000   Number         0  _printf_fp_dec.o ABSOLUTE
    ../clib/printf.c                         0x00000000   Number         0  _printf_char_file.o ABSOLUTE
    ../clib/printf.c                         0x00000000   Number         0  _printf_char_common.o ABSOLUTE
    ../clib/printf_percent.s                 0x00000000   Number         0  _printf_percent.o ABSOLUTE
    ../clib/printf_percent.s                 0x00000000   Number         0  _printf_percent_end.o ABSOLUTE
    ../clib/printf_percent.s                 0x00000000   Number         0  _printf_f.o ABSOLUTE
    ../clib/signal.c                         0x00000000   Number         0  defsig_rtmem_formal.o ABSOLUTE
    ../clib/signal.c                         0x00000000   Number         0  defsig_rtmem_inner.o ABSOLUTE
    ../clib/signal.c                         0x00000000   Number         0  defsig_rtred_formal.o ABSOLUTE
    ../clib/signal.c                         0x00000000   Number         0  defsig_fpe_inner.o ABSOLUTE
    ../clib/signal.c                         0x00000000   Number         0  defsig_other.o ABSOLUTE
    ../clib/signal.c                         0x00000000   Number         0  defsig_general.o ABSOLUTE
    ../clib/signal.c                         0x00000000   Number         0  __raise.o ABSOLUTE
    ../clib/signal.c                         0x00000000   Number         0  defsig_rtred_inner.o ABSOLUTE
    ../clib/signal.c                         0x00000000   Number         0  defsig_rtmem_outer.o ABSOLUTE
    ../clib/signal.c                         0x00000000   Number         0  defsig_exit.o ABSOLUTE
    ../clib/signal.c                         0x00000000   Number         0  defsig_rtred_outer.o ABSOLUTE
    ../clib/signal.c                         0x00000000   Number         0  defsig_abrt_inner.o ABSOLUTE
    ../clib/signal.c                         0x00000000   Number         0  defsig_stak_inner.o ABSOLUTE
    ../clib/signal.c                         0x00000000   Number         0  defsig_pvfn_inner.o ABSOLUTE
    ../clib/signal.c                         0x00000000   Number         0  defsig_cppl_inner.o ABSOLUTE
    ../clib/signal.c                         0x00000000   Number         0  defsig_segv_inner.o ABSOLUTE
    ../clib/signal.s                         0x00000000   Number         0  defsig.o ABSOLUTE
    ../clib/stdio.c                          0x00000000   Number         0  stdio.o ABSOLUTE
    ../clib/stdio.c                          0x00000000   Number         0  fflush_locked.o ABSOLUTE
    ../clib/stdio.c                          0x00000000   Number         0  fputs_locked.o ABSOLUTE
    ../clib/stdio.c                          0x00000000   Number         0  fwritefast.o ABSOLUTE
    ../clib/stdio.c                          0x00000000   Number         0  fputs.o ABSOLUTE
    ../clib/stdio.c                          0x00000000   Number         0  fflush.o ABSOLUTE
    ../clib/stdio.c                          0x00000000   Number         0  fopen.o ABSOLUTE
    ../clib/stdio.c                          0x00000000   Number         0  streamlock.o ABSOLUTE
    ../clib/stdio.c                          0x00000000   Number         0  initio.o ABSOLUTE
    ../clib/stdio.c                          0x00000000   Number         0  fwritefast_locked.o ABSOLUTE
    ../clib/stdio.c                          0x00000000   Number         0  stdio_streams.o ABSOLUTE
    ../clib/stdio.c                          0x00000000   Number         0  fputc_locked.o ABSOLUTE
    ../clib/stdio.c                          0x00000000   Number         0  fclose.o ABSOLUTE
    ../clib/stdio.c                          0x00000000   Number         0  ferror_locked.o ABSOLUTE
    ../clib/stdio.c                          0x00000000   Number         0  initio_locked.o ABSOLUTE
    ../clib/stdio.c                          0x00000000   Number         0  ferror.o ABSOLUTE
    ../clib/stdio.c                          0x00000000   Number         0  setvbuf.o ABSOLUTE
    ../clib/stdio.c                          0x00000000   Number         0  fseek.o ABSOLUTE
    ../clib/stdio.c                          0x00000000   Number         0  fputc.o ABSOLUTE
    ../clib/stdio.c                          0x00000000   Number         0  ftell.o ABSOLUTE
    ../clib/stdio.c                          0x00000000   Number         0  fopen_locked.o ABSOLUTE
    ../clib/stdio.c                          0x00000000   Number         0  setvbuf_locked.o ABSOLUTE
    ../clib/stdio.c                          0x00000000   Number         0  flsbuf.o ABSOLUTE
    ../clib/stdlib.c                         0x00000000   Number         0  exit.o ABSOLUTE
    ../clib/string.c                         0x00000000   Number         0  strlen.o ABSOLUTE
    ../clib/wchar.c                          0x00000000   Number         0  flsbuf_fwide.o ABSOLUTE
    ../fplib/ddiv.s                          0x00000000   Number         0  ddiv.o ABSOLUTE
    ../fplib/dflt.s                          0x00000000   Number         0  dflt_clz.o ABSOLUTE
    ../fplib/dnaninf.s                       0x00000000   Number         0  dnaninf.o ABSOLUTE
    ../fplib/dretinf.s                       0x00000000   Number         0  dretinf.o ABSOLUTE
    ../fplib/fpinit.s                        0x00000000   Number         0  fpinit.o ABSOLUTE
    ../fplib/istatus.s                       0x00000000   Number         0  istatus.o ABSOLUTE
    ../fplib/printf1.s                       0x00000000   Number         0  printf1.o ABSOLUTE
    ../fplib/usenofp.s                       0x00000000   Number         0  usenofp.o ABSOLUTE
    ../mathlib/fpclassify.c                  0x00000000   Number         0  fpclassify.o ABSOLUTE
    Ex2-3.c                                  0x00000000   Number         0  ex2-3.o ABSOLUTE
    dc.s                                     0x00000000   Number         0  dc.o ABSOLUTE
    startup_TM4C123.s                        0x00000000   Number         0  startup_tm4c123.o ABSOLUTE
    !!!main                                  0x0000026c   Section        8  __main.o(!!!main)
    !!!scatter                               0x00000274   Section       52  __scatter.o(!!!scatter)
    !!handler_copy                           0x000002a8   Section       26  __scatter_copy.o(!!handler_copy)
    !!handler_zi                             0x000002c4   Section       28  __scatter_zi.o(!!handler_zi)
    .ARM.Collect$$_printf_percent$$00000000  0x000002e0   Section        0  _printf_percent.o(.ARM.Collect$$_printf_percent$$00000000)
    .ARM.Collect$$_printf_percent$$00000003  0x000002e0   Section        6  _printf_f.o(.ARM.Collect$$_printf_percent$$00000003)
    .ARM.Collect$$_printf_percent$$00000017  0x000002e6   Section        4  _printf_percent_end.o(.ARM.Collect$$_printf_percent$$00000017)
    .ARM.Collect$$libinit$$00000000          0x000002ea   Section        2  libinit.o(.ARM.Collect$$libinit$$00000000)
    .ARM.Collect$$libinit$$00000001          0x000002ec   Section        4  libinit2.o(.ARM.Collect$$libinit$$00000001)
    .ARM.Collect$$libinit$$00000003          0x000002f0   Section        8  libinit2.o(.ARM.Collect$$libinit$$00000003)
    .ARM.Collect$$libinit$$00000008          0x000002f8   Section        0  libinit2.o(.ARM.Collect$$libinit$$00000008)
    .ARM.Collect$$libinit$$0000000A          0x000002f8   Section        0  libinit2.o(.ARM.Collect$$libinit$$0000000A)
    .ARM.Collect$$libinit$$0000000C          0x000002f8   Section        0  libinit2.o(.ARM.Collect$$libinit$$0000000C)
    .ARM.Collect$$libinit$$0000000D          0x000002f8   Section        6  libinit2.o(.ARM.Collect$$libinit$$0000000D)
    .ARM.Collect$$libinit$$0000000F          0x000002fe   Section        0  libinit2.o(.ARM.Collect$$libinit$$0000000F)
    .ARM.Collect$$libinit$$00000011          0x000002fe   Section        0  libinit2.o(.ARM.Collect$$libinit$$00000011)
    .ARM.Collect$$libinit$$00000013          0x000002fe   Section        0  libinit2.o(.ARM.Collect$$libinit$$00000013)
    .ARM.Collect$$libinit$$00000014          0x000002fe   Section       10  libinit2.o(.ARM.Collect$$libinit$$00000014)
    .ARM.Collect$$libinit$$00000015          0x00000308   Section        0  libinit2.o(.ARM.Collect$$libinit$$00000015)
    .ARM.Collect$$libinit$$00000017          0x00000308   Section        0  libinit2.o(.ARM.Collect$$libinit$$00000017)
    .ARM.Collect$$libinit$$00000019          0x00000308   Section        0  libinit2.o(.ARM.Collect$$libinit$$00000019)
    .ARM.Collect$$libinit$$0000001B          0x00000308   Section        0  libinit2.o(.ARM.Collect$$libinit$$0000001B)
    .ARM.Collect$$libinit$$0000001D          0x00000308   Section        0  libinit2.o(.ARM.Collect$$libinit$$0000001D)
    .ARM.Collect$$libinit$$0000001F          0x00000308   Section        0  libinit2.o(.ARM.Collect$$libinit$$0000001F)
    .ARM.Collect$$libinit$$00000021          0x00000308   Section        0  libinit2.o(.ARM.Collect$$libinit$$00000021)
    .ARM.Collect$$libinit$$00000022          0x00000308   Section        4  libinit2.o(.ARM.Collect$$libinit$$00000022)
    .ARM.Collect$$libinit$$00000023          0x0000030c   Section        0  libinit2.o(.ARM.Collect$$libinit$$00000023)
    .ARM.Collect$$libinit$$0000002A          0x0000030c   Section        0  libinit2.o(.ARM.Collect$$libinit$$0000002A)
    .ARM.Collect$$libinit$$0000002C          0x0000030c   Section        0  libinit2.o(.ARM.Collect$$libinit$$0000002C)
    .ARM.Collect$$libinit$$0000002E          0x0000030c   Section        0  libinit2.o(.ARM.Collect$$libinit$$0000002E)
    .ARM.Collect$$libinit$$00000030          0x0000030c   Section        0  libinit2.o(.ARM.Collect$$libinit$$00000030)
    .ARM.Collect$$libinit$$00000031          0x0000030c   Section        2  libinit2.o(.ARM.Collect$$libinit$$00000031)
    .ARM.Collect$$libshutdown$$00000000      0x0000030e   Section        2  libshutdown.o(.ARM.Collect$$libshutdown$$00000000)
    .ARM.Collect$$libshutdown$$00000002      0x00000310   Section        4  libshutdown2.o(.ARM.Collect$$libshutdown$$00000002)
    .ARM.Collect$$libshutdown$$00000003      0x00000314   Section        0  libshutdown2.o(.ARM.Collect$$libshutdown$$00000003)
    .ARM.Collect$$libshutdown$$00000006      0x00000314   Section        0  libshutdown2.o(.ARM.Collect$$libshutdown$$00000006)
    .ARM.Collect$$libshutdown$$00000009      0x00000314   Section        0  libshutdown2.o(.ARM.Collect$$libshutdown$$00000009)
    .ARM.Collect$$libshutdown$$0000000B      0x00000314   Section        0  libshutdown2.o(.ARM.Collect$$libshutdown$$0000000B)
    .ARM.Collect$$libshutdown$$0000000E      0x00000314   Section        0  libshutdown2.o(.ARM.Collect$$libshutdown$$0000000E)
    .ARM.Collect$$libshutdown$$0000000F      0x00000314   Section        2  libshutdown2.o(.ARM.Collect$$libshutdown$$0000000F)
    .ARM.Collect$$rtentry$$00000000          0x00000316   Section        0  rtentry.o(.ARM.Collect$$rtentry$$00000000)
    .ARM.Collect$$rtentry$$00000002          0x00000316   Section        0  rtentry2.o(.ARM.Collect$$rtentry$$00000002)
    .ARM.Collect$$rtentry$$00000004          0x00000316   Section        6  rtentry4.o(.ARM.Collect$$rtentry$$00000004)
    .ARM.Collect$$rtentry$$00000009          0x0000031c   Section        0  rtentry2.o(.ARM.Collect$$rtentry$$00000009)
    .ARM.Collect$$rtentry$$0000000A          0x0000031c   Section        4  rtentry2.o(.ARM.Collect$$rtentry$$0000000A)
    .ARM.Collect$$rtentry$$0000000C          0x00000320   Section        0  rtentry2.o(.ARM.Collect$$rtentry$$0000000C)
    .ARM.Collect$$rtentry$$0000000D          0x00000320   Section        8  rtentry2.o(.ARM.Collect$$rtentry$$0000000D)
    .ARM.Collect$$rtexit$$00000000           0x00000328   Section        2  rtexit.o(.ARM.Collect$$rtexit$$00000000)
    .ARM.Collect$$rtexit$$00000002           0x0000032a   Section        0  rtexit2.o(.ARM.Collect$$rtexit$$00000002)
    .ARM.Collect$$rtexit$$00000003           0x0000032a   Section        4  rtexit2.o(.ARM.Collect$$rtexit$$00000003)
    .ARM.Collect$$rtexit$$00000004           0x0000032e   Section        6  rtexit2.o(.ARM.Collect$$rtexit$$00000004)
    .emb_text                                0x00000334   Section        0  maybetermalloc1.o(.emb_text)
    .text                                    0x00000334   Section      276  startup_tm4c123.o(.text)
    $v0                                      0x00000334   Number         0  startup_tm4c123.o(.text)
    .text                                    0x00000448   Section        0  ex2-3.o(.text)
    .text                                    0x000004b8   Section        0  noretval__2printf.o(.text)
    .text                                    0x000004d0   Section        0  __printf.o(.text)
    .text                                    0x00000538   Section        0  heapauxi.o(.text)
    .text                                    0x0000053e   Section        0  _printf_fp_dec.o(.text)
    _fp_digits                               0x00000541   Thumb Code   426  _printf_fp_dec.o(.text)
    .text                                    0x00000960   Section        0  _printf_char_file.o(.text)
    .text                                    0x00000984   Section        8  rt_locale_intlibspace.o(.text)
    .text                                    0x0000098c   Section      138  lludiv10.o(.text)
    .text                                    0x00000a18   Section        0  _printf_char_common.o(.text)
    _printf_input_char                       0x00000a19   Thumb Code    10  _printf_char_common.o(.text)
    .text                                    0x00000a48   Section        0  _printf_fp_infnan.o(.text)
    .text                                    0x00000ac8   Section        0  bigflt0.o(.text)
    .text                                    0x00000bac   Section        0  ferror.o(.text)
    .text                                    0x00000bb4   Section        0  initio.o(.text)
    .text                                    0x00000cec   Section        0  sys_io.o(.text)
    .text                                    0x00000d54   Section        8  libspace.o(.text)
    .text                                    0x00000d5c   Section       74  sys_stackheap_outer.o(.text)
    .text                                    0x00000da6   Section        0  h1_free.o(.text)
    .text                                    0x00000df4   Section        0  flsbuf.o(.text)
    .text                                    0x00000fd2   Section        0  setvbuf.o(.text)
    .text                                    0x00001018   Section        0  fopen.o(.text)
    _freopen_locked                          0x00001019   Thumb Code     0  fopen.o(.text)
    .text                                    0x00001104   Section        0  fclose.o(.text)
    .text                                    0x00001150   Section        0  exit.o(.text)
    .text                                    0x0000115c   Section        0  defsig_rtred_outer.o(.text)
    .text                                    0x0000116a   Section       78  rt_memclr_w.o(.text)
    .text                                    0x000011b8   Section      128  strcmpv7m.o(.text)
    .text                                    0x00001238   Section        2  use_no_semi.o(.text)
    .text                                    0x0000123a   Section        0  indicate_semi.o(.text)
    .text                                    0x0000123c   Section        8  rt_heap_descriptor_intlibspace.o(.text)
    .text                                    0x00001244   Section        0  hguard.o(.text)
    .text                                    0x00001248   Section        0  init_alloc.o(.text)
    .text                                    0x000012d2   Section        0  h1_alloc.o(.text)
    .text                                    0x00001330   Section        0  fseek.o(.text)
    .text                                    0x00001428   Section        0  stdio.o(.text)
    .text                                    0x00001518   Section        0  defsig_exit.o(.text)
    .text                                    0x00001524   Section        0  defsig_rtred_inner.o(.text)
    .text                                    0x00001558   Section        0  strlen.o(.text)
    .text                                    0x00001598   Section        0  sys_exit.o(.text)
    .text                                    0x000015a4   Section        0  h1_init.o(.text)
    .text                                    0x000015b2   Section        0  h1_extend.o(.text)
    .text                                    0x000015e6   Section        0  ftell.o(.text)
    .text                                    0x0000162c   Section        0  defsig_general.o(.text)
    .text                                    0x0000165e   Section        0  defsig_rtmem_outer.o(.text)
    .text                                    0x0000166c   Section        0  sys_wrch.o(.text)
    .text                                    0x0000167c   Section        8  rt_errno_addr_intlibspace.o(.text)
    .text                                    0x00001684   Section        0  defsig_rtmem_inner.o(.text)
    CL$$btod_d2e                             0x000016d4   Section       62  btod.o(CL$$btod_d2e)
    CL$$btod_d2e_denorm_low                  0x00001712   Section       70  btod.o(CL$$btod_d2e_denorm_low)
    CL$$btod_d2e_norm_op1                    0x00001758   Section       96  btod.o(CL$$btod_d2e_norm_op1)
    CL$$btod_div_common                      0x000017b8   Section      824  btod.o(CL$$btod_div_common)
    CL$$btod_e2e                             0x00001af0   Section      198  btod.o(CL$$btod_e2e)
    CL$$btod_ediv                            0x00001bb6   Section       40  btod.o(CL$$btod_ediv)
    CL$$btod_emul                            0x00001bde   Section       40  btod.o(CL$$btod_emul)
    CL$$btod_mult_common                     0x00001c06   Section      580  btod.o(CL$$btod_mult_common)
    i.__ARM_fpclassify                       0x00001e4a   Section        0  fpclassify.o(i.__ARM_fpclassify)
    i.fputc                                  0x00001e7a   Section        0  fputc.o(i.fputc)
    locale$$code                             0x00001e94   Section       44  lc_numeric_c.o(locale$$code)
    x$fpl$ddiv                               0x00001ec0   Section      688  ddiv.o(x$fpl$ddiv)
    $v0                                      0x00001ec0   Number         0  ddiv.o(x$fpl$ddiv)
    ddiv_entry                               0x00001ec7   Thumb Code     0  ddiv.o(x$fpl$ddiv)
    x$fpl$dflt                               0x00002170   Section       46  dflt_clz.o(x$fpl$dflt)
    $v0                                      0x00002170   Number         0  dflt_clz.o(x$fpl$dflt)
    x$fpl$dnaninf                            0x0000219e   Section      156  dnaninf.o(x$fpl$dnaninf)
    $v0                                      0x0000219e   Number         0  dnaninf.o(x$fpl$dnaninf)
    x$fpl$dretinf                            0x0000223a   Section       12  dretinf.o(x$fpl$dretinf)
    $v0                                      0x0000223a   Number         0  dretinf.o(x$fpl$dretinf)
    x$fpl$fpinit                             0x00002246   Section       10  fpinit.o(x$fpl$fpinit)
    $v0                                      0x00002246   Number         0  fpinit.o(x$fpl$fpinit)
    x$fpl$printf1                            0x00002250   Section        4  printf1.o(x$fpl$printf1)
    $v0                                      0x00002250   Number         0  printf1.o(x$fpl$printf1)
    .constdata                               0x00002254   Section      148  bigflt0.o(.constdata)
    x$fpl$usenofp                            0x00002254   Section        0  usenofp.o(x$fpl$usenofp)
    tenpwrs_x                                0x00002254   Data          60  bigflt0.o(.constdata)
    tenpwrs_i                                0x00002290   Data          64  bigflt0.o(.constdata)
    .constdata                               0x000022e8   Section        4  sys_io.o(.constdata)
    .constdata                               0x000022ec   Section        4  sys_io.o(.constdata)
    .constdata                               0x000022f0   Section        4  sys_io.o(.constdata)
    locale$$data                             0x00002314   Section       28  lc_numeric_c.o(locale$$data)
    __lcnum_c_name                           0x00002318   Data           2  lc_numeric_c.o(locale$$data)
    __lcnum_c_start                          0x00002320   Data           0  lc_numeric_c.o(locale$$data)
    __lcnum_c_point                          0x0000232c   Data           0  lc_numeric_c.o(locale$$data)
    __lcnum_c_thousands                      0x0000232e   Data           0  lc_numeric_c.o(locale$$data)
    __lcnum_c_grouping                       0x0000232f   Data           0  lc_numeric_c.o(locale$$data)
    __lcnum_c_end                            0x00002330   Data           0  lc_numeric_c.o(locale$$data)
    .data                                    0x20000000   Section        4  stdio_streams.o(.data)
    .data                                    0x20000004   Section        4  stdio_streams.o(.data)
    .data                                    0x20000008   Section        4  stdio_streams.o(.data)
    .bss                                     0x2000000c   Section       84  stdio_streams.o(.bss)
    .bss                                     0x20000060   Section       84  stdio_streams.o(.bss)
    .bss                                     0x200000b4   Section       84  stdio_streams.o(.bss)
    .bss                                     0x20000108   Section       96  libspace.o(.bss)
    HEAP                                     0x20000168   Section        0  startup_tm4c123.o(HEAP)
    STACK                                    0x20000168   Section      512  startup_tm4c123.o(STACK)
    Heap_Mem                                 0x20000168   Data           0  startup_tm4c123.o(HEAP)
    Stack_Mem                                0x20000168   Data         512  startup_tm4c123.o(STACK)
    __initial_sp                             0x20000368   Data           0  startup_tm4c123.o(STACK)

    Global Symbols

    Symbol Name                              Value     Ov Type        Size  Object(Section)

    BuildAttributes$$THM_ISAv4$E$P$D$K$B$S$7EM$VFPi3$EXTD16$VFPS$VFMA$PE$A:L22UL41UL21$X:L11$S22US41US21$IEEE1$IW$USESV6$~STKCKD$USESV7$~SHL$OTIME$ROPI$IEEEJ$EBA8$UX$STANDARDLIB$REQ8$PRES8$EABIv2 0x00000000   Number         0  anon$$obj.o ABSOLUTE
    __ARM_use_no_argv                        0x00000000   Number         0  ex2-3.o ABSOLUTE
    __Vectors                                0x00000000   Data           4  startup_tm4c123.o(RESET)
    __ARM_exceptions_init                     - Undefined Weak Reference
    __alloca_initialize                       - Undefined Weak Reference
    __cpp_initialize__aeabi_                  - Undefined Weak Reference
    __cxa_finalize                            - Undefined Weak Reference
    __sigvec_lookup                           - Undefined Weak Reference
    __user_heap_extent                        - Undefined Weak Reference
    _atexit_init                              - Undefined Weak Reference
    _call_atexit_fns                          - Undefined Weak Reference
    _clock_init                               - Undefined Weak Reference
    _fp_trap_init                             - Undefined Weak Reference
    _fp_trap_shutdown                         - Undefined Weak Reference
    _get_lc_collate                           - Undefined Weak Reference
    _get_lc_ctype                             - Undefined Weak Reference
    _get_lc_monetary                          - Undefined Weak Reference
    _get_lc_time                              - Undefined Weak Reference
    _getenv_init                              - Undefined Weak Reference
    _handle_redirection                       - Undefined Weak Reference
    _mutex_acquire                            - Undefined Weak Reference
    _mutex_free                               - Undefined Weak Reference
    _mutex_release                            - Undefined Weak Reference
    _printf_post_padding                      - Undefined Weak Reference
    _printf_pre_padding                       - Undefined Weak Reference
    _rand_init                                - Undefined Weak Reference
    _signal_finish                            - Undefined Weak Reference
    _signal_init                              - Undefined Weak Reference
    __Vectors_End                            0x0000026c   Data           0  startup_tm4c123.o(RESET)
    __Vectors_Size                           0x0000026c   Number         0  startup_tm4c123.o ABSOLUTE
    __main                                   0x0000026d   Thumb Code     8  __main.o(!!!main)
    __scatterload                            0x00000275   Thumb Code     0  __scatter.o(!!!scatter)
    __scatterload_rt2                        0x00000275   Thumb Code    44  __scatter.o(!!!scatter)
    __scatterload_rt2_thumb_only             0x00000275   Thumb Code     0  __scatter.o(!!!scatter)
    __scatterload_null                       0x00000283   Thumb Code     0  __scatter.o(!!!scatter)
    __scatterload_copy                       0x000002a9   Thumb Code    26  __scatter_copy.o(!!handler_copy)
    __scatterload_zeroinit                   0x000002c5   Thumb Code    28  __scatter_zi.o(!!handler_zi)
    _printf_f                                0x000002e1   Thumb Code     0  _printf_f.o(.ARM.Collect$$_printf_percent$$00000003)
    _printf_percent                          0x000002e1   Thumb Code     0  _printf_percent.o(.ARM.Collect$$_printf_percent$$00000000)
    _printf_percent_end                      0x000002e7   Thumb Code     0  _printf_percent_end.o(.ARM.Collect$$_printf_percent$$00000017)
    __rt_lib_init                            0x000002eb   Thumb Code     0  libinit.o(.ARM.Collect$$libinit$$00000000)
    __rt_lib_init_fp_1                       0x000002ed   Thumb Code     0  libinit2.o(.ARM.Collect$$libinit$$00000001)
    __rt_lib_init_heap_2                     0x000002f1   Thumb Code     0  libinit2.o(.ARM.Collect$$libinit$$00000003)
    __rt_lib_init_heap_1                     0x000002f9   Thumb Code     0  libinit2.o(.ARM.Collect$$libinit$$00000008)
    __rt_lib_init_lc_common                  0x000002f9   Thumb Code     0  libinit2.o(.ARM.Collect$$libinit$$0000000D)
    __rt_lib_init_rand_1                     0x000002f9   Thumb Code     0  libinit2.o(.ARM.Collect$$libinit$$0000000C)
    __rt_lib_init_user_alloc_1               0x000002f9   Thumb Code     0  libinit2.o(.ARM.Collect$$libinit$$0000000A)
    __rt_lib_init_lc_collate_1               0x000002ff   Thumb Code     0  libinit2.o(.ARM.Collect$$libinit$$0000000F)
    __rt_lib_init_lc_ctype_1                 0x000002ff   Thumb Code     0  libinit2.o(.ARM.Collect$$libinit$$00000011)
    __rt_lib_init_lc_monetary_1              0x000002ff   Thumb Code     0  libinit2.o(.ARM.Collect$$libinit$$00000013)
    __rt_lib_init_lc_numeric_2               0x000002ff   Thumb Code     0  libinit2.o(.ARM.Collect$$libinit$$00000014)
    __rt_lib_init_atexit_1                   0x00000309   Thumb Code     0  libinit2.o(.ARM.Collect$$libinit$$00000019)
    __rt_lib_init_clock_1                    0x00000309   Thumb Code     0  libinit2.o(.ARM.Collect$$libinit$$0000001F)
    __rt_lib_init_fp_trap_1                  0x00000309   Thumb Code     0  libinit2.o(.ARM.Collect$$libinit$$0000001D)
    __rt_lib_init_getenv_1                   0x00000309   Thumb Code     0  libinit2.o(.ARM.Collect$$libinit$$00000021)
    __rt_lib_init_lc_numeric_1               0x00000309   Thumb Code     0  libinit2.o(.ARM.Collect$$libinit$$00000015)
    __rt_lib_init_lc_time_1                  0x00000309   Thumb Code     0  libinit2.o(.ARM.Collect$$libinit$$00000017)
    __rt_lib_init_signal_1                   0x00000309   Thumb Code     0  libinit2.o(.ARM.Collect$$libinit$$0000001B)
    __rt_lib_init_stdio_2                    0x00000309   Thumb Code     0  libinit2.o(.ARM.Collect$$libinit$$00000022)
    __rt_lib_init_alloca_1                   0x0000030d   Thumb Code     0  libinit2.o(.ARM.Collect$$libinit$$0000002C)
    __rt_lib_init_argv_1                     0x0000030d   Thumb Code     0  libinit2.o(.ARM.Collect$$libinit$$0000002A)
    __rt_lib_init_cpp_1                      0x0000030d   Thumb Code     0  libinit2.o(.ARM.Collect$$libinit$$00000030)
    __rt_lib_init_exceptions_1               0x0000030d   Thumb Code     0  libinit2.o(.ARM.Collect$$libinit$$0000002E)
    __rt_lib_init_return                     0x0000030d   Thumb Code     0  libinit2.o(.ARM.Collect$$libinit$$00000031)
    __rt_lib_init_stdio_1                    0x0000030d   Thumb Code     0  libinit2.o(.ARM.Collect$$libinit$$00000023)
    __rt_lib_shutdown                        0x0000030f   Thumb Code     0  libshutdown.o(.ARM.Collect$$libshutdown$$00000000)
    __rt_lib_shutdown_stdio_2                0x00000311   Thumb Code     0  libshutdown2.o(.ARM.Collect$$libshutdown$$00000002)
    __rt_lib_shutdown_fp_trap_1              0x00000315   Thumb Code     0  libshutdown2.o(.ARM.Collect$$libshutdown$$00000006)
    __rt_lib_shutdown_heap_1                 0x00000315   Thumb Code     0  libshutdown2.o(.ARM.Collect$$libshutdown$$0000000E)
    __rt_lib_shutdown_return                 0x00000315   Thumb Code     0  libshutdown2.o(.ARM.Collect$$libshutdown$$0000000F)
    __rt_lib_shutdown_signal_1               0x00000315   Thumb Code     0  libshutdown2.o(.ARM.Collect$$libshutdown$$00000009)
    __rt_lib_shutdown_stdio_1                0x00000315   Thumb Code     0  libshutdown2.o(.ARM.Collect$$libshutdown$$00000003)
    __rt_lib_shutdown_user_alloc_1           0x00000315   Thumb Code     0  libshutdown2.o(.ARM.Collect$$libshutdown$$0000000B)
    __rt_entry                               0x00000317   Thumb Code     0  rtentry.o(.ARM.Collect$$rtentry$$00000000)
    __rt_entry_presh_1                       0x00000317   Thumb Code     0  rtentry2.o(.ARM.Collect$$rtentry$$00000002)
    __rt_entry_sh                            0x00000317   Thumb Code     0  rtentry4.o(.ARM.Collect$$rtentry$$00000004)
    __rt_entry_li                            0x0000031d   Thumb Code     0  rtentry2.o(.ARM.Collect$$rtentry$$0000000A)
    __rt_entry_postsh_1                      0x0000031d   Thumb Code     0  rtentry2.o(.ARM.Collect$$rtentry$$00000009)
    __rt_entry_main                          0x00000321   Thumb Code     0  rtentry2.o(.ARM.Collect$$rtentry$$0000000D)
    __rt_entry_postli_1                      0x00000321   Thumb Code     0  rtentry2.o(.ARM.Collect$$rtentry$$0000000C)
    __rt_exit                                0x00000329   Thumb Code     0  rtexit.o(.ARM.Collect$$rtexit$$00000000)
    __rt_exit_ls                             0x0000032b   Thumb Code     0  rtexit2.o(.ARM.Collect$$rtexit$$00000003)
    __rt_exit_prels_1                        0x0000032b   Thumb Code     0  rtexit2.o(.ARM.Collect$$rtexit$$00000002)
    __rt_exit_exit                           0x0000032f   Thumb Code     0  rtexit2.o(.ARM.Collect$$rtexit$$00000004)
    Reset_Handler                            0x00000335   Thumb Code     8  startup_tm4c123.o(.text)
    _maybe_terminate_alloc                   0x00000335   Thumb Code     0  maybetermalloc1.o(.emb_text)
    NMI_Handler                              0x0000033d   Thumb Code     2  startup_tm4c123.o(.text)
    HardFault_Handler                        0x0000033f   Thumb Code     2  startup_tm4c123.o(.text)
    MemManage_Handler                        0x00000341   Thumb Code     2  startup_tm4c123.o(.text)
    BusFault_Handler                         0x00000343   Thumb Code     2  startup_tm4c123.o(.text)
    UsageFault_Handler                       0x00000345   Thumb Code     2  startup_tm4c123.o(.text)
    SVC_Handler                              0x00000347   Thumb Code     2  startup_tm4c123.o(.text)
    DebugMon_Handler                         0x00000349   Thumb Code     2  startup_tm4c123.o(.text)
    PendSV_Handler                           0x0000034b   Thumb Code     2  startup_tm4c123.o(.text)
    SysTick_Handler                          0x0000034d   Thumb Code     2  startup_tm4c123.o(.text)
    GPIOA_Handler                            0x0000034f   Thumb Code     2  startup_tm4c123.o(.text)
    GPIOB_Handler                            0x00000351   Thumb Code     2  startup_tm4c123.o(.text)
    GPIOC_Handler                            0x00000353   Thumb Code     2  startup_tm4c123.o(.text)
    GPIOD_Handler                            0x00000355   Thumb Code     2  startup_tm4c123.o(.text)
    GPIOE_Handler                            0x00000357   Thumb Code     2  startup_tm4c123.o(.text)
    UART0_Handler                            0x00000359   Thumb Code     2  startup_tm4c123.o(.text)
    UART1_Handler                            0x0000035b   Thumb Code     2  startup_tm4c123.o(.text)
    SSI0_Handler                             0x0000035d   Thumb Code     2  startup_tm4c123.o(.text)
    I2C0_Handler                             0x0000035f   Thumb Code     2  startup_tm4c123.o(.text)
    PMW0_FAULT_Handler                       0x00000361   Thumb Code     2  startup_tm4c123.o(.text)
    PWM0_0_Handler                           0x00000363   Thumb Code     2  startup_tm4c123.o(.text)
    PWM0_1_Handler                           0x00000365   Thumb Code     2  startup_tm4c123.o(.text)
    PWM0_2_Handler                           0x00000367   Thumb Code     2  startup_tm4c123.o(.text)
    QEI0_Handler                             0x00000369   Thumb Code     2  startup_tm4c123.o(.text)
    ADC0SS0_Handler                          0x0000036b   Thumb Code     2  startup_tm4c123.o(.text)
    ADC0SS1_Handler                          0x0000036d   Thumb Code     2  startup_tm4c123.o(.text)
    ADC0SS2_Handler                          0x0000036f   Thumb Code     2  startup_tm4c123.o(.text)
    ADC0SS3_Handler                          0x00000371   Thumb Code     2  startup_tm4c123.o(.text)
    WDT0_Handler                             0x00000373   Thumb Code     2  startup_tm4c123.o(.text)
    TIMER0A_Handler                          0x00000375   Thumb Code     2  startup_tm4c123.o(.text)
    TIMER0B_Handler                          0x00000377   Thumb Code     2  startup_tm4c123.o(.text)
    TIMER1A_Handler                          0x00000379   Thumb Code     2  startup_tm4c123.o(.text)
    TIMER1B_Handler                          0x0000037b   Thumb Code     2  startup_tm4c123.o(.text)
    TIMER2A_Handler                          0x0000037d   Thumb Code     2  startup_tm4c123.o(.text)
    TIMER2B_Handler                          0x0000037f   Thumb Code     2  startup_tm4c123.o(.text)
    COMP0_Handler                            0x00000381   Thumb Code     2  startup_tm4c123.o(.text)
    COMP1_Handler                            0x00000383   Thumb Code     2  startup_tm4c123.o(.text)
    COMP2_Handler                            0x00000385   Thumb Code     2  startup_tm4c123.o(.text)
    SYSCTL_Handler                           0x00000387   Thumb Code     2  startup_tm4c123.o(.text)
    FLASH_Handler                            0x00000389   Thumb Code     2  startup_tm4c123.o(.text)
    GPIOF_Handler                            0x0000038b   Thumb Code     2  startup_tm4c123.o(.text)
    GPIOG_Handler                            0x0000038d   Thumb Code     2  startup_tm4c123.o(.text)
    GPIOH_Handler                            0x0000038f   Thumb Code     2  startup_tm4c123.o(.text)
    UART2_Handler                            0x00000391   Thumb Code     2  startup_tm4c123.o(.text)
    SSI1_Handler                             0x00000393   Thumb Code     2  startup_tm4c123.o(.text)
    TIMER3A_Handler                          0x00000395   Thumb Code     2  startup_tm4c123.o(.text)
    TIMER3B_Handler                          0x00000397   Thumb Code     2  startup_tm4c123.o(.text)
    I2C1_Handler                             0x00000399   Thumb Code     2  startup_tm4c123.o(.text)
    QEI1_Handler                             0x0000039b   Thumb Code     2  startup_tm4c123.o(.text)
    CAN0_Handler                             0x0000039d   Thumb Code     2  startup_tm4c123.o(.text)
    CAN1_Handler                             0x0000039f   Thumb Code     2  startup_tm4c123.o(.text)
    CAN2_Handler                             0x000003a1   Thumb Code     2  startup_tm4c123.o(.text)
    HIB_Handler                              0x000003a3   Thumb Code     2  startup_tm4c123.o(.text)
    USB0_Handler                             0x000003a5   Thumb Code     2  startup_tm4c123.o(.text)
    PWM0_3_Handler                           0x000003a7   Thumb Code     2  startup_tm4c123.o(.text)
    UDMA_Handler                             0x000003a9   Thumb Code     2  startup_tm4c123.o(.text)
    UDMAERR_Handler                          0x000003ab   Thumb Code     2  startup_tm4c123.o(.text)
    ADC1SS0_Handler                          0x000003ad   Thumb Code     2  startup_tm4c123.o(.text)
    ADC1SS1_Handler                          0x000003af   Thumb Code     2  startup_tm4c123.o(.text)
    ADC1SS2_Handler                          0x000003b1   Thumb Code     2  startup_tm4c123.o(.text)
    ADC1SS3_Handler                          0x000003b3   Thumb Code     2  startup_tm4c123.o(.text)
    GPIOJ_Handler                            0x000003b5   Thumb Code     2  startup_tm4c123.o(.text)
    GPIOK_Handler                            0x000003b7   Thumb Code     2  startup_tm4c123.o(.text)
    GPIOL_Handler                            0x000003b9   Thumb Code     2  startup_tm4c123.o(.text)
    SSI2_Handler                             0x000003bb   Thumb Code     2  startup_tm4c123.o(.text)
    SSI3_Handler                             0x000003bd   Thumb Code     2  startup_tm4c123.o(.text)
    UART3_Handler                            0x000003bf   Thumb Code     2  startup_tm4c123.o(.text)
    UART4_Handler                            0x000003c1   Thumb Code     2  startup_tm4c123.o(.text)
    UART5_Handler                            0x000003c3   Thumb Code     2  startup_tm4c123.o(.text)
    UART6_Handler                            0x000003c5   Thumb Code     2  startup_tm4c123.o(.text)
    UART7_Handler                            0x000003c7   Thumb Code     2  startup_tm4c123.o(.text)
    I2C2_Handler                             0x000003c9   Thumb Code     2  startup_tm4c123.o(.text)
    I2C3_Handler                             0x000003cb   Thumb Code     2  startup_tm4c123.o(.text)
    TIMER4A_Handler                          0x000003cd   Thumb Code     2  startup_tm4c123.o(.text)
    TIMER4B_Handler                          0x000003cf   Thumb Code     2  startup_tm4c123.o(.text)
    TIMER5A_Handler                          0x000003d1   Thumb Code     2  startup_tm4c123.o(.text)
    TIMER5B_Handler                          0x000003d3   Thumb Code     2  startup_tm4c123.o(.text)
    WTIMER0A_Handler                         0x000003d5   Thumb Code     2  startup_tm4c123.o(.text)
    WTIMER0B_Handler                         0x000003d7   Thumb Code     2  startup_tm4c123.o(.text)
    WTIMER1A_Handler                         0x000003d9   Thumb Code     2  startup_tm4c123.o(.text)
    WTIMER1B_Handler                         0x000003db   Thumb Code     2  startup_tm4c123.o(.text)
    WTIMER2A_Handler                         0x000003dd   Thumb Code     2  startup_tm4c123.o(.text)
    WTIMER2B_Handler                         0x000003df   Thumb Code     2  startup_tm4c123.o(.text)
    WTIMER3A_Handler                         0x000003e1   Thumb Code     2  startup_tm4c123.o(.text)
    WTIMER3B_Handler                         0x000003e3   Thumb Code     2  startup_tm4c123.o(.text)
    WTIMER4A_Handler                         0x000003e5   Thumb Code     2  startup_tm4c123.o(.text)
    WTIMER4B_Handler                         0x000003e7   Thumb Code     2  startup_tm4c123.o(.text)
    WTIMER5A_Handler                         0x000003e9   Thumb Code     2  startup_tm4c123.o(.text)
    WTIMER5B_Handler                         0x000003eb   Thumb Code     2  startup_tm4c123.o(.text)
    FPU_Handler                              0x000003ed   Thumb Code     2  startup_tm4c123.o(.text)
    I2C4_Handler                             0x000003ef   Thumb Code     2  startup_tm4c123.o(.text)
    I2C5_Handler                             0x000003f1   Thumb Code     2  startup_tm4c123.o(.text)
    GPIOM_Handler                            0x000003f3   Thumb Code     2  startup_tm4c123.o(.text)
    GPION_Handler                            0x000003f5   Thumb Code     2  startup_tm4c123.o(.text)
    QEI2_Handler                             0x000003f7   Thumb Code     2  startup_tm4c123.o(.text)
    GPIOP0_Handler                           0x000003f9   Thumb Code     2  startup_tm4c123.o(.text)
    GPIOP1_Handler                           0x000003fb   Thumb Code     2  startup_tm4c123.o(.text)
    GPIOP2_Handler                           0x000003fd   Thumb Code     2  startup_tm4c123.o(.text)
    GPIOP3_Handler                           0x000003ff   Thumb Code     2  startup_tm4c123.o(.text)
    GPIOP4_Handler                           0x00000401   Thumb Code     2  startup_tm4c123.o(.text)
    GPIOP5_Handler                           0x00000403   Thumb Code     2  startup_tm4c123.o(.text)
    GPIOP6_Handler                           0x00000405   Thumb Code     2  startup_tm4c123.o(.text)
    GPIOP7_Handler                           0x00000407   Thumb Code     2  startup_tm4c123.o(.text)
    GPIOQ0_Handler                           0x00000409   Thumb Code     2  startup_tm4c123.o(.text)
    GPIOQ1_Handler                           0x0000040b   Thumb Code     2  startup_tm4c123.o(.text)
    GPIOQ2_Handler                           0x0000040d   Thumb Code     2  startup_tm4c123.o(.text)
    GPIOQ3_Handler                           0x0000040f   Thumb Code     2  startup_tm4c123.o(.text)
    GPIOQ4_Handler                           0x00000411   Thumb Code     2  startup_tm4c123.o(.text)
    GPIOQ5_Handler                           0x00000413   Thumb Code     2  startup_tm4c123.o(.text)
    GPIOQ6_Handler                           0x00000415   Thumb Code     2  startup_tm4c123.o(.text)
    GPIOQ7_Handler                           0x00000417   Thumb Code     2  startup_tm4c123.o(.text)
    GPIOR_Handler                            0x00000419   Thumb Code     2  startup_tm4c123.o(.text)
    GPIOS_Handler                            0x0000041b   Thumb Code     2  startup_tm4c123.o(.text)
    PMW1_0_Handler                           0x0000041d   Thumb Code     2  startup_tm4c123.o(.text)
    PWM1_1_Handler                           0x0000041f   Thumb Code     2  startup_tm4c123.o(.text)
    PWM1_2_Handler                           0x00000421   Thumb Code     2  startup_tm4c123.o(.text)
    PWM1_3_Handler                           0x00000423   Thumb Code     2  startup_tm4c123.o(.text)
    PWM1_FAULT_Handler                       0x00000425   Thumb Code     2  startup_tm4c123.o(.text)
    __user_initial_stackheap                 0x00000429   Thumb Code     0  startup_tm4c123.o(.text)
    SystemInit                               0x00000449   Thumb Code     2  ex2-3.o(.text)
    main                                     0x0000044b   Thumb Code    86  ex2-3.o(.text)
    __2printf                                0x000004b9   Thumb Code    20  noretval__2printf.o(.text)
    __printf                                 0x000004d1   Thumb Code   104  __printf.o(.text)
    __use_two_region_memory                  0x00000539   Thumb Code     2  heapauxi.o(.text)
    __rt_heap_escrow                         0x0000053b   Thumb Code     2  heapauxi.o(.text)
    __rt_heap_expand                         0x0000053d   Thumb Code     2  heapauxi.o(.text)
    __lib_sel_fp_printf                      0x0000053f   Thumb Code     2  _printf_fp_dec.o(.text)
    _printf_fp_dec_real                      0x000006eb   Thumb Code   628  _printf_fp_dec.o(.text)
    _printf_char_file                        0x00000961   Thumb Code    32  _printf_char_file.o(.text)
    __rt_locale                              0x00000985   Thumb Code     8  rt_locale_intlibspace.o(.text)
    _ll_udiv10                               0x0000098d   Thumb Code   138  lludiv10.o(.text)
    _printf_char_common                      0x00000a23   Thumb Code    32  _printf_char_common.o(.text)
    _printf_fp_infnan                        0x00000a49   Thumb Code   112  _printf_fp_infnan.o(.text)
    _btod_etento                             0x00000ac9   Thumb Code   222  bigflt0.o(.text)
    ferror                                   0x00000bad   Thumb Code     8  ferror.o(.text)
    _initio                                  0x00000bb5   Thumb Code   210  initio.o(.text)
    _terminateio                             0x00000c87   Thumb Code    56  initio.o(.text)
    _sys_open                                0x00000ced   Thumb Code    20  sys_io.o(.text)
    _sys_close                               0x00000d01   Thumb Code    12  sys_io.o(.text)
    _sys_write                               0x00000d0d   Thumb Code    16  sys_io.o(.text)
    _sys_read                                0x00000d1d   Thumb Code    14  sys_io.o(.text)
    _sys_istty                               0x00000d2b   Thumb Code    12  sys_io.o(.text)
    _sys_seek                                0x00000d37   Thumb Code    14  sys_io.o(.text)
    _sys_ensure                              0x00000d45   Thumb Code     2  sys_io.o(.text)
    _sys_flen                                0x00000d47   Thumb Code    12  sys_io.o(.text)
    __user_libspace                          0x00000d55   Thumb Code     8  libspace.o(.text)
    __user_perproc_libspace                  0x00000d55   Thumb Code     0  libspace.o(.text)
    __user_perthread_libspace                0x00000d55   Thumb Code     0  libspace.o(.text)
    __user_setup_stackheap                   0x00000d5d   Thumb Code    74  sys_stackheap_outer.o(.text)
    free                                     0x00000da7   Thumb Code    78  h1_free.o(.text)
    __flsbuf                                 0x00000df5   Thumb Code   478  flsbuf.o(.text)
    __flsbuf_byte                            0x00000df5   Thumb Code     0  flsbuf.o(.text)
    __flsbuf_wide                            0x00000df5   Thumb Code     0  flsbuf.o(.text)
    setvbuf                                  0x00000fd3   Thumb Code    70  setvbuf.o(.text)
    freopen                                  0x00001019   Thumb Code   158  fopen.o(.text)
    fopen                                    0x000010b7   Thumb Code    74  fopen.o(.text)
    _fclose_internal                         0x00001105   Thumb Code    76  fclose.o(.text)
    fclose                                   0x00001105   Thumb Code     0  fclose.o(.text)
    exit                                     0x00001151   Thumb Code    12  exit.o(.text)
    __rt_SIGRTRED                            0x0000115d   Thumb Code    14  defsig_rtred_outer.o(.text)
    __aeabi_memclr4                          0x0000116b   Thumb Code     0  rt_memclr_w.o(.text)
    __aeabi_memclr8                          0x0000116b   Thumb Code     0  rt_memclr_w.o(.text)
    __rt_memclr_w                            0x0000116b   Thumb Code    78  rt_memclr_w.o(.text)
    _memset_w                                0x0000116f   Thumb Code     0  rt_memclr_w.o(.text)
    strcmp                                   0x000011b9   Thumb Code   128  strcmpv7m.o(.text)
    __I$use$semihosting                      0x00001239   Thumb Code     0  use_no_semi.o(.text)
    __use_no_semihosting_swi                 0x00001239   Thumb Code     2  use_no_semi.o(.text)
    __semihosting_library_function           0x0000123b   Thumb Code     0  indicate_semi.o(.text)
    __rt_heap_descriptor                     0x0000123d   Thumb Code     8  rt_heap_descriptor_intlibspace.o(.text)
    __use_no_heap                            0x00001245   Thumb Code     2  hguard.o(.text)
    __heap$guard                             0x00001247   Thumb Code     2  hguard.o(.text)
    _terminate_user_alloc                    0x00001249   Thumb Code     2  init_alloc.o(.text)
    _init_user_alloc                         0x0000124b   Thumb Code     2  init_alloc.o(.text)
    __Heap_Full                              0x0000124d   Thumb Code    34  init_alloc.o(.text)
    __Heap_Broken                            0x0000126f   Thumb Code     6  init_alloc.o(.text)
    _init_alloc                              0x00001275   Thumb Code    94  init_alloc.o(.text)
    malloc                                   0x000012d3   Thumb Code    94  h1_alloc.o(.text)
    _fseek                                   0x00001331   Thumb Code   242  fseek.o(.text)
    fseek                                    0x00001331   Thumb Code     0  fseek.o(.text)
    _seterr                                  0x00001429   Thumb Code    20  stdio.o(.text)
    _writebuf                                0x0000143d   Thumb Code    84  stdio.o(.text)
    _fflush                                  0x00001491   Thumb Code    70  stdio.o(.text)
    _deferredlazyseek                        0x000014d7   Thumb Code    60  stdio.o(.text)
    __sig_exit                               0x00001519   Thumb Code    10  defsig_exit.o(.text)
    __rt_SIGRTRED_inner                      0x00001525   Thumb Code    14  defsig_rtred_inner.o(.text)
    strlen                                   0x00001559   Thumb Code    62  strlen.o(.text)
    _sys_exit                                0x00001599   Thumb Code     8  sys_exit.o(.text)
    __Heap_Initialize                        0x000015a5   Thumb Code    10  h1_init.o(.text)
    __Heap_DescSize                          0x000015af   Thumb Code     4  h1_init.o(.text)
    __Heap_ProvideMemory                     0x000015b3   Thumb Code    52  h1_extend.o(.text)
    _ftell_internal                          0x000015e7   Thumb Code    70  ftell.o(.text)
    ftell                                    0x000015e7   Thumb Code     0  ftell.o(.text)
    __default_signal_display                 0x0000162d   Thumb Code    50  defsig_general.o(.text)
    __rt_SIGRTMEM                            0x0000165f   Thumb Code    14  defsig_rtmem_outer.o(.text)
    _ttywrch                                 0x0000166d   Thumb Code    14  sys_wrch.o(.text)
    __aeabi_errno_addr                       0x0000167d   Thumb Code     8  rt_errno_addr_intlibspace.o(.text)
    __errno$intlibspace                      0x0000167d   Thumb Code     0  rt_errno_addr_intlibspace.o(.text)
    __rt_errno_addr$intlibspace              0x0000167d   Thumb Code     0  rt_errno_addr_intlibspace.o(.text)
    __rt_SIGRTMEM_inner                      0x00001685   Thumb Code    22  defsig_rtmem_inner.o(.text)
    _btod_d2e                                0x000016d5   Thumb Code    62  btod.o(CL$$btod_d2e)
    _d2e_denorm_low                          0x00001713   Thumb Code    70  btod.o(CL$$btod_d2e_denorm_low)
    _d2e_norm_op1                            0x00001759   Thumb Code    96  btod.o(CL$$btod_d2e_norm_op1)
    __btod_div_common                        0x000017b9   Thumb Code   696  btod.o(CL$$btod_div_common)
    _e2e                                     0x00001af1   Thumb Code   198  btod.o(CL$$btod_e2e)
    _btod_ediv                               0x00001bb7   Thumb Code    40  btod.o(CL$$btod_ediv)
    _btod_emul                               0x00001bdf   Thumb Code    40  btod.o(CL$$btod_emul)
    __btod_mult_common                       0x00001c07   Thumb Code   580  btod.o(CL$$btod_mult_common)
    __ARM_fpclassify                         0x00001e4b   Thumb Code    48  fpclassify.o(i.__ARM_fpclassify)
    fputc                                    0x00001e7b   Thumb Code    26  fputc.o(i.fputc)
    _get_lc_numeric                          0x00001e95   Thumb Code    44  lc_numeric_c.o(locale$$code)
    __aeabi_ddiv                             0x00001ec1   Thumb Code     0  ddiv.o(x$fpl$ddiv)
    _ddiv                                    0x00001ec1   Thumb Code   552  ddiv.o(x$fpl$ddiv)
    __aeabi_i2d                              0x00002171   Thumb Code     0  dflt_clz.o(x$fpl$dflt)
    _dflt                                    0x00002171   Thumb Code    46  dflt_clz.o(x$fpl$dflt)
    __fpl_dnaninf                            0x0000219f   Thumb Code   156  dnaninf.o(x$fpl$dnaninf)
    __fpl_dretinf                            0x0000223b   Thumb Code    12  dretinf.o(x$fpl$dretinf)
    _fp_init                                 0x00002247   Thumb Code    10  fpinit.o(x$fpl$fpinit)
    __fplib_config_fpu_vfp                   0x0000224f   Thumb Code     0  fpinit.o(x$fpl$fpinit)
    __fplib_config_pureend_doubles           0x0000224f   Thumb Code     0  fpinit.o(x$fpl$fpinit)
    _printf_fp_dec                           0x00002251   Thumb Code     4  printf1.o(x$fpl$printf1)
    __I$use$fp                               0x00002254   Number         0  usenofp.o(x$fpl$usenofp)
    __stdin_name                             0x000022e8   Data           4  sys_io.o(.constdata)
    __stdout_name                            0x000022ec   Data           4  sys_io.o(.constdata)
    __stderr_name                            0x000022f0   Data           4  sys_io.o(.constdata)
    Region$$Table$$Base                      0x000022f4   Number         0  anon$$obj.o(Region$$Table)
    Region$$Table$$Limit                     0x00002314   Number         0  anon$$obj.o(Region$$Table)
    __aeabi_stdin                            0x20000000   Data           4  stdio_streams.o(.data)
    __aeabi_stdout                           0x20000004   Data           4  stdio_streams.o(.data)
    __aeabi_stderr                           0x20000008   Data           4  stdio_streams.o(.data)
    __stdin                                  0x2000000c   Data          84  stdio_streams.o(.bss)
    __stdout                                 0x20000060   Data          84  stdio_streams.o(.bss)
    __stderr                                 0x200000b4   Data          84  stdio_streams.o(.bss)
    __libspace_start                         0x20000108   Data          96  libspace.o(.bss)
    __temporary_stack_top$libspace           0x20000168   Data           0  libspace.o(.bss)



==============================================================================

Memory Map of the image

  Image Entry point : 0x00000335

  Load Region LR_1 (Base: 0x00000000, Size: 0x0000233c, Max: 0xffffffff, ABSOLUTE)

    Execution Region ER_RO (Base: 0x00000000, Size: 0x00002330, Max: 0xffffffff, ABSOLUTE)

    Base Addr    Size         Type   Attr      Idx    E Section Name        Object

    0x00000000   0x0000026c   Data   RO            3    RESET               startup_tm4c123.o
    0x0000026c   0x00000008   Code   RO           52  * !!!main             c_w.l(__main.o)
    0x00000274   0x00000034   Code   RO          460    !!!scatter          c_w.l(__scatter.o)
    0x000002a8   0x0000001a   Code   RO          462    !!handler_copy      c_w.l(__scatter_copy.o)
    0x000002c2   0x00000002   PAD
    0x000002c4   0x0000001c   Code   RO          464    !!handler_zi        c_w.l(__scatter_zi.o)
    0x000002e0   0x00000000   Code   RO           49    .ARM.Collect$$_printf_percent$$00000000  c_w.l(_printf_percent.o)
    0x000002e0   0x00000006   Code   RO           48    .ARM.Collect$$_printf_percent$$00000003  c_w.l(_printf_f.o)
    0x000002e6   0x00000004   Code   RO           71    .ARM.Collect$$_printf_percent$$00000017  c_w.l(_printf_percent_end.o)
    0x000002ea   0x00000002   Code   RO          253    .ARM.Collect$$libinit$$00000000  c_w.l(libinit.o)
    0x000002ec   0x00000004   Code   RO          254    .ARM.Collect$$libinit$$00000001  c_w.l(libinit2.o)
    0x000002f0   0x00000008   Code   RO          256    .ARM.Collect$$libinit$$00000003  c_w.l(libinit2.o)
    0x000002f8   0x00000000   Code   RO          258    .ARM.Collect$$libinit$$00000008  c_w.l(libinit2.o)
    0x000002f8   0x00000000   Code   RO          260    .ARM.Collect$$libinit$$0000000A  c_w.l(libinit2.o)
    0x000002f8   0x00000000   Code   RO          262    .ARM.Collect$$libinit$$0000000C  c_w.l(libinit2.o)
    0x000002f8   0x00000006   Code   RO          263    .ARM.Collect$$libinit$$0000000D  c_w.l(libinit2.o)
    0x000002fe   0x00000000   Code   RO          265    .ARM.Collect$$libinit$$0000000F  c_w.l(libinit2.o)
    0x000002fe   0x00000000   Code   RO          267    .ARM.Collect$$libinit$$00000011  c_w.l(libinit2.o)
    0x000002fe   0x00000000   Code   RO          269    .ARM.Collect$$libinit$$00000013  c_w.l(libinit2.o)
    0x000002fe   0x0000000a   Code   RO          270    .ARM.Collect$$libinit$$00000014  c_w.l(libinit2.o)
    0x00000308   0x00000000   Code   RO          271    .ARM.Collect$$libinit$$00000015  c_w.l(libinit2.o)
    0x00000308   0x00000000   Code   RO          273    .ARM.Collect$$libinit$$00000017  c_w.l(libinit2.o)
    0x00000308   0x00000000   Code   RO          275    .ARM.Collect$$libinit$$00000019  c_w.l(libinit2.o)
    0x00000308   0x00000000   Code   RO          277    .ARM.Collect$$libinit$$0000001B  c_w.l(libinit2.o)
    0x00000308   0x00000000   Code   RO          279    .ARM.Collect$$libinit$$0000001D  c_w.l(libinit2.o)
    0x00000308   0x00000000   Code   RO          281    .ARM.Collect$$libinit$$0000001F  c_w.l(libinit2.o)
    0x00000308   0x00000000   Code   RO          283    .ARM.Collect$$libinit$$00000021  c_w.l(libinit2.o)
    0x00000308   0x00000004   Code   RO          284    .ARM.Collect$$libinit$$00000022  c_w.l(libinit2.o)
    0x0000030c   0x00000000   Code   RO          285    .ARM.Collect$$libinit$$00000023  c_w.l(libinit2.o)
    0x0000030c   0x00000000   Code   RO          289    .ARM.Collect$$libinit$$0000002A  c_w.l(libinit2.o)
    0x0000030c   0x00000000   Code   RO          291    .ARM.Collect$$libinit$$0000002C  c_w.l(libinit2.o)
    0x0000030c   0x00000000   Code   RO          293    .ARM.Collect$$libinit$$0000002E  c_w.l(libinit2.o)
    0x0000030c   0x00000000   Code   RO          295    .ARM.Collect$$libinit$$00000030  c_w.l(libinit2.o)
    0x0000030c   0x00000002   Code   RO          296    .ARM.Collect$$libinit$$00000031  c_w.l(libinit2.o)
    0x0000030e   0x00000002   Code   RO          439    .ARM.Collect$$libshutdown$$00000000  c_w.l(libshutdown.o)
    0x00000310   0x00000004   Code   RO          298    .ARM.Collect$$libshutdown$$00000002  c_w.l(libshutdown2.o)
    0x00000314   0x00000000   Code   RO          299    .ARM.Collect$$libshutdown$$00000003  c_w.l(libshutdown2.o)
    0x00000314   0x00000000   Code   RO          302    .ARM.Collect$$libshutdown$$00000006  c_w.l(libshutdown2.o)
    0x00000314   0x00000000   Code   RO          305    .ARM.Collect$$libshutdown$$00000009  c_w.l(libshutdown2.o)
    0x00000314   0x00000000   Code   RO          307    .ARM.Collect$$libshutdown$$0000000B  c_w.l(libshutdown2.o)
    0x00000314   0x00000000   Code   RO          310    .ARM.Collect$$libshutdown$$0000000E  c_w.l(libshutdown2.o)
    0x00000314   0x00000002   Code   RO          311    .ARM.Collect$$libshutdown$$0000000F  c_w.l(libshutdown2.o)
    0x00000316   0x00000000   Code   RO           66    .ARM.Collect$$rtentry$$00000000  c_w.l(rtentry.o)
    0x00000316   0x00000000   Code   RO           84    .ARM.Collect$$rtentry$$00000002  c_w.l(rtentry2.o)
    0x00000316   0x00000006   Code   RO           96    .ARM.Collect$$rtentry$$00000004  c_w.l(rtentry4.o)
    0x0000031c   0x00000000   Code   RO           86    .ARM.Collect$$rtentry$$00000009  c_w.l(rtentry2.o)
    0x0000031c   0x00000004   Code   RO           87    .ARM.Collect$$rtentry$$0000000A  c_w.l(rtentry2.o)
    0x00000320   0x00000000   Code   RO           89    .ARM.Collect$$rtentry$$0000000C  c_w.l(rtentry2.o)
    0x00000320   0x00000008   Code   RO           90    .ARM.Collect$$rtentry$$0000000D  c_w.l(rtentry2.o)
    0x00000328   0x00000002   Code   RO          317    .ARM.Collect$$rtexit$$00000000  c_w.l(rtexit.o)
    0x0000032a   0x00000000   Code   RO          375    .ARM.Collect$$rtexit$$00000002  c_w.l(rtexit2.o)
    0x0000032a   0x00000004   Code   RO          376    .ARM.Collect$$rtexit$$00000003  c_w.l(rtexit2.o)
    0x0000032e   0x00000006   Code   RO          377    .ARM.Collect$$rtexit$$00000004  c_w.l(rtexit2.o)
    0x00000334   0x00000000   Code   RO          381    .emb_text           c_w.l(maybetermalloc1.o)
    0x00000334   0x00000114   Code   RO            4  * .text               startup_tm4c123.o
    0x00000448   0x00000070   Code   RO           10    .text               ex2-3.o
    0x000004b8   0x00000018   Code   RO           24    .text               c_w.l(noretval__2printf.o)
    0x000004d0   0x00000068   Code   RO           26    .text               c_w.l(__printf.o)
    0x00000538   0x00000006   Code   RO           50    .text               c_w.l(heapauxi.o)
    0x0000053e   0x00000420   Code   RO           67    .text               c_w.l(_printf_fp_dec.o)
    0x0000095e   0x00000002   PAD
    0x00000960   0x00000024   Code   RO           69    .text               c_w.l(_printf_char_file.o)
    0x00000984   0x00000008   Code   RO          101    .text               c_w.l(rt_locale_intlibspace.o)
    0x0000098c   0x0000008a   Code   RO          103    .text               c_w.l(lludiv10.o)
    0x00000a16   0x00000002   PAD
    0x00000a18   0x00000030   Code   RO          105    .text               c_w.l(_printf_char_common.o)
    0x00000a48   0x00000080   Code   RO          107    .text               c_w.l(_printf_fp_infnan.o)
    0x00000ac8   0x000000e4   Code   RO          109    .text               c_w.l(bigflt0.o)
    0x00000bac   0x00000008   Code   RO          134    .text               c_w.l(ferror.o)
    0x00000bb4   0x00000138   Code   RO          140    .text               c_w.l(initio.o)
    0x00000cec   0x00000066   Code   RO          155    .text               c_w.l(sys_io.o)
    0x00000d52   0x00000002   PAD
    0x00000d54   0x00000008   Code   RO          160    .text               c_w.l(libspace.o)
    0x00000d5c   0x0000004a   Code   RO          165    .text               c_w.l(sys_stackheap_outer.o)
    0x00000da6   0x0000004e   Code   RO          169    .text               c_w.l(h1_free.o)
    0x00000df4   0x000001de   Code   RO          225    .text               c_w.l(flsbuf.o)
    0x00000fd2   0x00000046   Code   RO          227    .text               c_w.l(setvbuf.o)
    0x00001018   0x000000ec   Code   RO          230    .text               c_w.l(fopen.o)
    0x00001104   0x0000004c   Code   RO          232    .text               c_w.l(fclose.o)
    0x00001150   0x0000000c   Code   RO          238    .text               c_w.l(exit.o)
    0x0000115c   0x0000000e   Code   RO          240    .text               c_w.l(defsig_rtred_outer.o)
    0x0000116a   0x0000004e   Code   RO          244    .text               c_w.l(rt_memclr_w.o)
    0x000011b8   0x00000080   Code   RO          246    .text               c_w.l(strcmpv7m.o)
    0x00001238   0x00000002   Code   RO          314    .text               c_w.l(use_no_semi.o)
    0x0000123a   0x00000000   Code   RO          316    .text               c_w.l(indicate_semi.o)
    0x0000123a   0x00000002   PAD
    0x0000123c   0x00000008   Code   RO          324    .text               c_w.l(rt_heap_descriptor_intlibspace.o)
    0x00001244   0x00000004   Code   RO          326    .text               c_w.l(hguard.o)
    0x00001248   0x0000008a   Code   RO          328    .text               c_w.l(init_alloc.o)
    0x000012d2   0x0000005e   Code   RO          334    .text               c_w.l(h1_alloc.o)
    0x00001330   0x000000f8   Code   RO          350    .text               c_w.l(fseek.o)
    0x00001428   0x000000f0   Code   RO          352    .text               c_w.l(stdio.o)
    0x00001518   0x0000000a   Code   RO          358    .text               c_w.l(defsig_exit.o)
    0x00001522   0x00000002   PAD
    0x00001524   0x00000034   Code   RO          360    .text               c_w.l(defsig_rtred_inner.o)
    0x00001558   0x0000003e   Code   RO          364    .text               c_w.l(strlen.o)
    0x00001596   0x00000002   PAD
    0x00001598   0x0000000c   Code   RO          372    .text               c_w.l(sys_exit.o)
    0x000015a4   0x0000000e   Code   RO          383    .text               c_w.l(h1_init.o)
    0x000015b2   0x00000034   Code   RO          385    .text               c_w.l(h1_extend.o)
    0x000015e6   0x00000046   Code   RO          395    .text               c_w.l(ftell.o)
    0x0000162c   0x00000032   Code   RO          403    .text               c_w.l(defsig_general.o)
    0x0000165e   0x0000000e   Code   RO          405    .text               c_w.l(defsig_rtmem_outer.o)
    0x0000166c   0x0000000e   Code   RO          420    .text               c_w.l(sys_wrch.o)
    0x0000167a   0x00000002   PAD
    0x0000167c   0x00000008   Code   RO          427    .text               c_w.l(rt_errno_addr_intlibspace.o)
    0x00001684   0x00000050   Code   RO          433    .text               c_w.l(defsig_rtmem_inner.o)
    0x000016d4   0x0000003e   Code   RO          112    CL$$btod_d2e        c_w.l(btod.o)
    0x00001712   0x00000046   Code   RO          114    CL$$btod_d2e_denorm_low  c_w.l(btod.o)
    0x00001758   0x00000060   Code   RO          113    CL$$btod_d2e_norm_op1  c_w.l(btod.o)
    0x000017b8   0x00000338   Code   RO          122    CL$$btod_div_common  c_w.l(btod.o)
    0x00001af0   0x000000c6   Code   RO          119    CL$$btod_e2e        c_w.l(btod.o)
    0x00001bb6   0x00000028   Code   RO          116    CL$$btod_ediv       c_w.l(btod.o)
    0x00001bde   0x00000028   Code   RO          115    CL$$btod_emul       c_w.l(btod.o)
    0x00001c06   0x00000244   Code   RO          121    CL$$btod_mult_common  c_w.l(btod.o)
    0x00001e4a   0x00000030   Code   RO          153    i.__ARM_fpclassify  m_wm.l(fpclassify.o)
    0x00001e7a   0x0000001a   Code   RO          137    i.fputc             c_w.l(fputc.o)
    0x00001e94   0x0000002c   Code   RO          149    locale$$code        c_w.l(lc_numeric_c.o)
    0x00001ec0   0x000002b0   Code   RO           55    x$fpl$ddiv          fz_wm.l(ddiv.o)
    0x00002170   0x0000002e   Code   RO           59    x$fpl$dflt          fz_wm.l(dflt_clz.o)
    0x0000219e   0x0000009c   Code   RO           78    x$fpl$dnaninf       fz_wm.l(dnaninf.o)
    0x0000223a   0x0000000c   Code   RO           80    x$fpl$dretinf       fz_wm.l(dretinf.o)
    0x00002246   0x0000000a   Code   RO          370    x$fpl$fpinit        fz_wm.l(fpinit.o)
    0x00002250   0x00000004   Code   RO           64    x$fpl$printf1       fz_wm.l(printf1.o)
    0x00002254   0x00000000   Code   RO           82    x$fpl$usenofp       fz_wm.l(usenofp.o)
    0x00002254   0x00000094   Data   RO          110    .constdata          c_w.l(bigflt0.o)
    0x000022e8   0x00000004   Data   RO          156    .constdata          c_w.l(sys_io.o)
    0x000022ec   0x00000004   Data   RO          157    .constdata          c_w.l(sys_io.o)
    0x000022f0   0x00000004   Data   RO          158    .constdata          c_w.l(sys_io.o)
    0x000022f4   0x00000020   Data   RO          458    Region$$Table       anon$$obj.o
    0x00002314   0x0000001c   Data   RO          148    locale$$data        c_w.l(lc_numeric_c.o)


    Execution Region ER_RW (Base: 0x20000000, Size: 0x0000000c, Max: 0xffffffff, ABSOLUTE)

    Base Addr    Size         Type   Attr      Idx    E Section Name        Object

    0x20000000   0x00000004   Data   RW           75    .data               c_w.l(stdio_streams.o)
    0x20000004   0x00000004   Data   RW           76    .data               c_w.l(stdio_streams.o)
    0x20000008   0x00000004   Data   RW           77    .data               c_w.l(stdio_streams.o)


    Execution Region ER_ZI (Base: 0x2000000c, Size: 0x0000035c, Max: 0xffffffff, ABSOLUTE)

    Base Addr    Size         Type   Attr      Idx    E Section Name        Object

    0x2000000c   0x00000054   Zero   RW           72    .bss                c_w.l(stdio_streams.o)
    0x20000060   0x00000054   Zero   RW           73    .bss                c_w.l(stdio_streams.o)
    0x200000b4   0x00000054   Zero   RW           74    .bss                c_w.l(stdio_streams.o)
    0x20000108   0x00000060   Zero   RW          161    .bss                c_w.l(libspace.o)
    0x20000168   0x00000000   Zero   RW            2    HEAP                startup_tm4c123.o
    0x20000168   0x00000200   Zero   RW            1    STACK               startup_tm4c123.o


==============================================================================

Image component sizes


      Code (inc. data)   RO Data    RW Data    ZI Data      Debug   Object Name

       112         24          0          0          0       2138   ex2-3.o
       276         24        620          0        512       5380   startup_tm4c123.o

    ----------------------------------------------------------------------
       388         48        652          0        512       7518   Object Totals
         0          0         32          0          0          0   (incl. Generated)
         0          0          0          0          0          0   (incl. Padding)

    ----------------------------------------------------------------------

      Code (inc. data)   RO Data    RW Data    ZI Data      Debug   Library Member Name

         8          0          0          0          0         68   __main.o
       104          0          0          0          0         84   __printf.o
        52          8          0          0          0          0   __scatter.o
        26          0          0          0          0          0   __scatter_copy.o
        28          0          0          0          0          0   __scatter_zi.o
        48          6          0          0          0         96   _printf_char_common.o
        36          4          0          0          0         80   _printf_char_file.o
         6          0          0          0          0          0   _printf_f.o
      1056          0          0          0          0        216   _printf_fp_dec.o
       128         16          0          0          0         84   _printf_fp_infnan.o
         0          0          0          0          0          0   _printf_percent.o
         4          0          0          0          0          0   _printf_percent_end.o
       228          6        148          0          0         96   bigflt0.o
      1910        128          0          0          0        672   btod.o
        10          0          0          0          0         68   defsig_exit.o
        50          0          0          0          0         88   defsig_general.o
        80         58          0          0          0         76   defsig_rtmem_inner.o
        14          0          0          0          0         80   defsig_rtmem_outer.o
        52         38          0          0          0         76   defsig_rtred_inner.o
        14          0          0          0          0         80   defsig_rtred_outer.o
        12          0          0          0          0         72   exit.o
        76          0          0          0          0         88   fclose.o
         8          0          0          0          0         68   ferror.o
       478          0          0          0          0         88   flsbuf.o
       236          4          0          0          0        128   fopen.o
        26          0          0          0          0         68   fputc.o
       248          6          0          0          0         84   fseek.o
        70          0          0          0          0         76   ftell.o
        94          0          0          0          0         80   h1_alloc.o
        52          0          0          0          0         68   h1_extend.o
        78          0          0          0          0         80   h1_free.o
        14          0          0          0          0         84   h1_init.o
         6          0          0          0          0        152   heapauxi.o
         4          0          0          0          0        136   hguard.o
         0          0          0          0          0          0   indicate_semi.o
       138          0          0          0          0        168   init_alloc.o
       312         46          0          0          0        112   initio.o
        44         10         28          0          0         76   lc_numeric_c.o
         2          0          0          0          0          0   libinit.o
        34          0          0          0          0          0   libinit2.o
         2          0          0          0          0          0   libshutdown.o
         6          0          0          0          0          0   libshutdown2.o
         8          4          0          0         96         68   libspace.o
       138          0          0          0          0         80   lludiv10.o
         0          0          0          0          0          0   maybetermalloc1.o
        24          4          0          0          0         84   noretval__2printf.o
         8          4          0          0          0         68   rt_errno_addr_intlibspace.o
         8          4          0          0          0         68   rt_heap_descriptor_intlibspace.o
         8          4          0          0          0         68   rt_locale_intlibspace.o
        78          0          0          0          0         80   rt_memclr_w.o
         0          0          0          0          0          0   rtentry.o
        12          0          0          0          0          0   rtentry2.o
         6          0          0          0          0          0   rtentry4.o
         2          0          0          0          0          0   rtexit.o
        10          0          0          0          0          0   rtexit2.o
        70          0          0          0          0         80   setvbuf.o
       240          6          0          0          0        156   stdio.o
         0          0          0         12        252          0   stdio_streams.o
       128          0          0          0          0         68   strcmpv7m.o
        62          0          0          0          0         76   strlen.o
        12          4          0          0          0         68   sys_exit.o
       102          0         12          0          0        240   sys_io.o
        74          0          0          0          0         80   sys_stackheap_outer.o
        14          0          0          0          0         76   sys_wrch.o
         2          0          0          0          0         68   use_no_semi.o
       688        140          0          0          0        256   ddiv.o
        46          0          0          0          0        116   dflt_clz.o
       156          4          0          0          0        140   dnaninf.o
        12          0          0          0          0        116   dretinf.o
        10          0          0          0          0        116   fpinit.o
         4          0          0          0          0        116   printf1.o
         0          0          0          0          0          0   usenofp.o
        48          0          0          0          0        124   fpclassify.o

    ----------------------------------------------------------------------
      7780        504        188         12        348       5904   Library Totals
        16          0          0          0          0          0   (incl. Padding)

    ----------------------------------------------------------------------

      Code (inc. data)   RO Data    RW Data    ZI Data      Debug   Library Name

      6800        360        188         12        348       4920   c_w.l
       916        144          0          0          0        860   fz_wm.l
        48          0          0          0          0        124   m_wm.l

    ----------------------------------------------------------------------
      7780        504        188         12        348       5904   Library Totals

    ----------------------------------------------------------------------

==============================================================================


      Code (inc. data)   RO Data    RW Data    ZI Data      Debug   

      8168        552        840         12        860       9914   Grand Totals
      8168        552        840         12        860       9914   ELF Image Totals
      8168        552        840         12          0          0   ROM Totals

==============================================================================

    Total RO  Size (Code + RO Data)                 9008 (   8.80kB)
    Total RW  Size (RW Data + ZI Data)               872 (   0.85kB)
    Total ROM Size (Code + RO Data + RW Data)       9020 (   8.81kB)

==============================================================================

