<html>
<body>
<pre>
<h1>µVision Build Log</h1>
<h2>Project:</h2>
C:\DriveA\Workspaces\Keil\Exp9\Timers.uvproj
Project File Date:  12/05/2023

<h2>Output:</h2>
Build target 'Target 1'
compiling timer_struct.c...
timer_struct.c(72): error:  #65: expected a ";"
timer_struct.c(73): error:  #65: expected a ";"
".\Timers.axf" - 2 Errors, 0 Warning(s).
Target not created
Rebuild target 'Target 1'
assembling startup_TM4C123.s...
compiling timer_struct.c...
linking...
Program Size: Code=868 RO-data=636 RW-data=0 ZI-data=608  
FromELF: creating hex file...
".\Timers.axf" - 0 Errors, 0 Warning(s).
Rebuild target 'Target 1'
assembling startup_TM4C123.s...
compiling timer_struct.c...
linking...
Program Size: Code=868 RO-data=636 RW-data=0 ZI-data=608  
FromELF: creating hex file...
".\Timers.axf" - 0 Errors, 0 Warning(s).
Load "C:\\DriveA\\Workspaces\\Keil\\Exp9\\Timers.axf" 
Warning: OSC to JTAG clock ratio violation - JTAG clock has been automatically adjusted to comply.
Connecting: Mode=JTAG, Speed=1600000Hz
Erase Done.
Programming Done.
Verify OK.
Load "C:\\DriveA\\Workspaces\\Keil\\Exp9\\Timers.axf" 
Warning: OSC to JTAG clock ratio violation - JTAG clock has been automatically adjusted to comply.
Connecting: Mode=JTAG, Speed=1600000Hz
Erase Done.
Programming Done.
Verify OK.
