<html>
<body>
<pre>
<h1>µVision Build Log</h1>
<h2>Project:</h2>
C:\DriveA\Workspaces\Keil\Mid_B\Mids_B.uvproj
Project File Date:  11/06/2023

<h2>Output:</h2>
Rebuild target 'Target 1'
assembling startup_TM4C123.s...
compiling Mids_B.c...
Mids_B.c(148): warning:  #177-D: variable "a" was declared but never referenced
linking...
Program Size: Code=1176 RO-data=636 RW-data=0 ZI-data=608  
FromELF: creating hex file...
".\Mids_B.axf" - 0 Errors, 1 Warning(s).
Load "C:\\DriveA\\Workspaces\\Keil\\Mid_B\\Mids_B.axf" 
Connecting: Mode=SWD, Speed=1000000Hz
Full Chip Erase Done.
Erase Done.
Programming Done.
Verify OK.
